
> frontend@1.0.0 test
> vitest run --run


[1m[46m RUN [49m[22m [36mv3.2.4 [39m[90mC:/Users/egorribun/Documents/university_ecosystem/frontend[39m

[90mstdout[2m | src/pages/__tests__/AdminUsers.test.tsx[2m > [22m[2mAdminUsers page[2m > [22m[2mrenders users and groups
[22m[39m[SmartImage] status=fallback src=/fallbacks/placeholder.png
[SmartImage] status=fallback src=/fallbacks/placeholder.png
[SmartImage] status=fallback src=/fallbacks/placeholder.png
[SmartImage] status=fallback src=/fallbacks/placeholder.png

 [32mтЬУ[39m src/pages/__tests__/Schedule.cache.test.tsx [2m([22m[2m1 test[22m[2m)[22m[32m 156[2mms[22m[39m
 [31mтЭп[39m src/pages/__tests__/ForgotPassword.test.tsx [2m([22m[2m3 tests[22m[2m | [22m[31m3 failed[39m[2m)[22m[32m 244[2mms[22m[39m
[31m   [31m├Ч[31m ForgotPassword page[2m > [22mshows validation message for malformed email[39m[32m 67[2mms[22m[39m
[31m     тЖТ Found a label with the text of: (content) => content.startsWith(text), however no form control was found associated to that label. Make sure you're using the "for" attribute or "aria-labelledby" attribute correctly.

Ignored nodes: comments, script, style
[36m<body>[31m
  [36m<div>[31m
    [36m<div[31m
      [33mclass[31m=[32m"min-h-screen bg-(--page-bg) text-(--page-text) flex items-center justify-center p-6 relative overflow-hidden"[31m
    [36m>[31m
      [36m<div[31m
        [33mclass[31m=[32m"absolute top-0 left-0 w-full h-full pointer-events-none opacity-20"[31m
      [36m>[31m
        [36m<div[31m
          [33mclass[31m=[32m"absolute top-[-10%] left-[-5%] w-[40%] h-[40%] bg-brand/30 rounded-full blur-[120px]"[31m
        [36m/>[31m
        [36m<div[31m
          [33mclass[31m=[32m"absolute bottom-[-10%] right-[-5%] w-[40%] h-[40%] bg-brand/20 rounded-full blur-[120px]"[31m
        [36m/>[31m
      [36m</div>[31m
      [36m<div[31m
        [33mclass[31m=[32m"w-full max-w-[440px] z-10"[31m
        [33mstyle[31m=[32m"opacity: 0; transform: translateY(20px);"[31m
      [36m>[31m
        [36m<div[31m
          [33mclass[31m=[32m"relative flex flex-col gap-3 overflow-hidden rounded-3xl border bg-(--bg-surface)/40 text-(--primary-text) shadow-glass transition-all duration-500 before:pointer-events-none before:absolute before:inset-0 before:rounded-[inherit] before:opacity-30 before:bg-[radial-gradient(circle_at_0%_0%,var(--primary-main),transparent_60%)] dark:before:bg-[radial-gradient(circle_at_0%_0%,var(--primary-subtle),transparent_60%)] p-8 sm:p-10 border-glass-border shadow-2xl backdrop-blur-2xl"[31m
        [36m>[31m
          [36m<div[31m
            [33mclass[31m=[32m"space-y-8"[31m
          [36m>[31m
            [36m<div[31m
              [33mclass[31m=[32m"text-center space-y-2"[31m
            [36m>[31m
              [36m<h1[31m
                [33mclass[31m=[32m"text-3xl font-black tracking-tight text-primary-text sm:text-4xl"[31m
              [36m>[31m
                [0mReset password[0m
              [36m</h1>[31m
              [36m<p[31m
                [33mclass[31m=[32m"text-sm text-secondary-text font-medium"[31m
              [36m>[31m
                [0mforgot.subtitle[0m
              [36m</p>[31m
            [36m</div>[31m
            [36m<div[31m
              [33mclass[31m=[32m"space-y-6"[31m
              [33mstyle[31m=[32m"opacity: 0;"[31m
            [36m>[31m
              [36m<form[31m
                [33maction[31m=[32m"javascript:throw new Error('A React form was unexpectedly submitted. If you called form.submit() manually, consider using form.requestSubmit() instead. If you\\'re trying to use event.stopPropagation() in a submit event handler, consider also calling event.preventDefault().')"[31m
                [33mautocomplete[31m=[32m"off"[31m
                [33mclass[31m=[32m"space-y-6"[31m
              [36m>[31m
                [36m<div[31m
                  [33mclass[31m=[32m"space-y-3"[31m
                [36m>[31m
                  [36m<div[31m
                    [33mclass[31m=[32m"flex flex-col gap-1.5 w-full rounded-2xl h-14"[31m
                  [36m>[31m
                    [36m<label[31m
                      [33mclass[31m=[32m"mb-0.5 block px-1 text-xs font-bold uppercase tracking-widest text-secondary-text"[31m
                    [36m>[31m
                      [0mE-mail[0m
                    [36m</label>[31m
                    [36m<div[31m
                      [33mclass[31m=[32m"relative"[31m
                    [36m>[31m
                      [36m<input[31m
                        [33mautocomplete[31m=[32m"email"[31m
                        [33mclass[31m=[32m"flex min-h-12 rounded-ue-md border border-border-subtle bg-surface px-4 py-3 text-base font-medium text-primary-text shadow-sm transition-all duration-500 placeholder:text-text-tertiary focus:border-border-focus focus:outline-none focus:shadow-focus disabled:cursor-not-allowed disabled:opacity-50 file:border-0 file:bg-transparent file:text-sm file:font-medium w-full"[31m
                        [33mname[31m=[32m"email"[31m
                        [33mtype[31m=[32m"email"[31m
                        [33mvalue[31m=[32m""[31m
                      [36m/>[31m
                    [36m</div>[31m
                  [36m</div>[31m
                [36m</div>[31m
                [36m<div[31m
                  [33mclass[31m=[32m"space-y-4 pt-2"[31m
                [36m>[31m
                  [36m<button[31m
                    [33maria-disabled[31m=[32m"true"[31m
                    [33mclass[31m=[32m"group/button relative inline-flex items-center justify-center gap-2 overflow-hidden rounded-ue-lg tracking-tight transition-premium focus-visible:outline-none focus-visible:shadow-focus no-underline hover:no-underline focus-visible:no-underline motion-reduce:transition-shadow min-h-12 px-5 py-2.5 bg-gradient-brand text-inverse-text ring-brand/20 duration-500 hover:scale-[1.02] hover:opacity-95 active:scale-95 motion-reduce:hover:translate-y-0 motion-reduce:hover:scale-100 motion-reduce:active:translate-y-0 motion-reduce:active:scale-100 disabled:bg-slate-200 disabled:text-slate-400 dark:disabled:bg-slate-800 dark:disabled:text-slate-600 pointer-events-none opacity-60 w-full h-14 rounded-2xl text-base font-black shadow-lg shadow-brand/20 transition-all hover:shadow-brand/30 hover:-translate-y-0.5 active:translate-y-0"[31m
                    [33mdisabled[31m=[32m""[31m
                    [33mtype[31m=[32m"submit"[31m
                  [36m>[31m
                    [36m<span[31m
                      [33mclass[31m=[32m"-ml-1 inline-flex items-center"[31m
                    [36m>[31m
                      [36m<svg[31m
                        [33maria-hidden[31m=[32m"true"[31m
                        [33mclass[31m=[32m"lucide lucide-send h-5 w-5"[31m
                        [33mfill[31m=[32m"none"[31m
                        [33mheight[31m=[32m"24"[31m
                        [33mstroke[31m=[32m"currentColor"[31m
                        [33mstroke-linecap[31m=[32m"round"[31m
                        [33mstroke-linejoin[31m=[32m"round"[31m
                        [33mstroke-width[31m=[32m"2"[31m
                        [33mviewBox[31m=[32m"0 0 24 24"[31m
                        [33mwidth[31m=[32m"24"[31m
                        [33mxmlns[31m=[32m"http://www.w3.org/2000/svg"[31m
                      [36m>[31m
                        [36m<path[31m
                          [33md[31m=[32m"M14.536 21.686a.5.5 0 0 0 .937-.024l6.5-19a.496.496 0 0 0-.635-.635l-19 6.5a.5.5 0 0 0-.024.937l7.93 3.18a2 2 0 0 1 1.112 1.11z"[31m
                        [36m/>[31m
                        [36m<path[31m
                          [33md[31m=[32m"m21.854 2.147-10.94 10.939"[31m
                        [36m/>[31m
                      [36m</svg>[31m
                    [36m</span>[31m
                    [36m<span[31m
                      [33mclass[31m=[32m"relative"[31m
                    [36m>[31m
                      [0mSend reset link[0m
                    [36m</span>[31m
                  [36m</button>[31m
                  [36m<div[31m
                    [33mclass[31m=[32m"pt-2 text-center"[31m
                  [36m>[31m
                    [36m<a[31m
                      [33mclass[31m=[32m"inline-flex items-center gap-2 text-sm font-bold text-secondary-text hover:text-brand transition-colors group"[31m
                      [33mdata-discover[31m=[32m"true"[31m
                      [33mhref[31m=[32m"/login"[31m
                    [36m>[31m
                      [36m<svg[31m
                        [33maria-hidden[31m=[32m"true"[31m
                        [33mclass[31m=[32m"lucide lucide-chevron-left h-4 w-4 transition-transform group-hover:-translate-x-1"[31m
                        [33mfill[31m=[32m"none"[31m
                        [33mheight[31m=[32m"24"[31m
                        [33mstroke[31m=[32m"currentColor"[31m
                        [33mstroke-linecap[31m=[32m"round"[31m
                        [33mstroke-linejoin[31m=[32m"round"[31m
                        [33mstroke-width[31m=[32m"2"[31m
                        [33mviewBox[31m=[32m"0 0 24 24"[31m
                        [33mwidth[31m=[32m"24"[31m
                        [33mxmlns[31m=[32m"http://www.w3.org/2000/svg"[31m
                      [36m>[31m
                        [36m<path[31m
                          [33md[31m=[32m"m15 18-6-6 6-6"[31m
                        [36m/>[31m
                      [36m</svg>[31m
                      [0mBack to sign in[0m
                    [36m</a>[31m
                  [36m</div>[31m
                [36m</div>[31m
              [36m</form>[31m
            [36m</div>[31m
          [36m</div>[31m
        [36m</div>[31m
      [36m</div>[31m
    [36m</div>[31m
  [36m</div>[31m
[36m</body>[31m[39m
[31m   [31m├Ч[31m ForgotPassword page[2m > [22mconfirms submission and starts cooldown[39m[32m 15[2mms[22m[39m
[31m     тЖТ Found a label with the text of: (content) => content.startsWith(text), however no form control was found associated to that label. Make sure you're using the "for" attribute or "aria-labelledby" attribute correctly.

Ignored nodes: comments, script, style
[36m<body>[31m
  [36m<div>[31m
    [36m<div[31m
      [33mclass[31m=[32m"min-h-screen bg-(--page-bg) text-(--page-text) flex items-center justify-center p-6 relative overflow-hidden"[31m
    [36m>[31m
      [36m<div[31m
        [33mclass[31m=[32m"absolute top-0 left-0 w-full h-full pointer-events-none opacity-20"[31m
      [36m>[31m
        [36m<div[31m
          [33mclass[31m=[32m"absolute top-[-10%] left-[-5%] w-[40%] h-[40%] bg-brand/30 rounded-full blur-[120px]"[31m
        [36m/>[31m
        [36m<div[31m
          [33mclass[31m=[32m"absolute bottom-[-10%] right-[-5%] w-[40%] h-[40%] bg-brand/20 rounded-full blur-[120px]"[31m
        [36m/>[31m
      [36m</div>[31m
      [36m<div[31m
        [33mclass[31m=[32m"w-full max-w-[440px] z-10"[31m
        [33mstyle[31m=[32m"opacity: 0; transform: translateY(20px);"[31m
      [36m>[31m
        [36m<div[31m
          [33mclass[31m=[32m"relative flex flex-col gap-3 overflow-hidden rounded-3xl border bg-(--bg-surface)/40 text-(--primary-text) shadow-glass transition-all duration-500 before:pointer-events-none before:absolute before:inset-0 before:rounded-[inherit] before:opacity-30 before:bg-[radial-gradient(circle_at_0%_0%,var(--primary-main),transparent_60%)] dark:before:bg-[radial-gradient(circle_at_0%_0%,var(--primary-subtle),transparent_60%)] p-8 sm:p-10 border-glass-border shadow-2xl backdrop-blur-2xl"[31m
        [36m>[31m
          [36m<div[31m
            [33mclass[31m=[32m"space-y-8"[31m
          [36m>[31m
            [36m<div[31m
              [33mclass[31m=[32m"text-center space-y-2"[31m
            [36m>[31m
              [36m<h1[31m
                [33mclass[31m=[32m"text-3xl font-black tracking-tight text-primary-text sm:text-4xl"[31m
              [36m>[31m
                [0mReset password[0m
              [36m</h1>[31m
              [36m<p[31m
                [33mclass[31m=[32m"text-sm text-secondary-text font-medium"[31m
              [36m>[31m
                [0mforgot.subtitle[0m
              [36m</p>[31m
            [36m</div>[31m
            [36m<div[31m
              [33mclass[31m=[32m"space-y-6"[31m
              [33mstyle[31m=[32m"opacity: 0;"[31m
            [36m>[31m
              [36m<form[31m
                [33maction[31m=[32m"javascript:throw new Error('A React form was unexpectedly submitted. If you called form.submit() manually, consider using form.requestSubmit() instead. If you\\'re trying to use event.stopPropagation() in a submit event handler, consider also calling event.preventDefault().')"[31m
                [33mautocomplete[31m=[32m"off"[31m
                [33mclass[31m=[32m"space-y-6"[31m
              [36m>[31m
                [36m<div[31m
                  [33mclass[31m=[32m"space-y-3"[31m
                [36m>[31m
                  [36m<div[31m
                    [33mclass[31m=[32m"flex flex-col gap-1.5 w-full rounded-2xl h-14"[31m
                  [36m>[31m
                    [36m<label[31m
                      [33mclass[31m=[32m"mb-0.5 block px-1 text-xs font-bold uppercase tracking-widest text-secondary-text"[31m
                    [36m>[31m
                      [0mE-mail[0m
                    [36m</label>[31m
                    [36m<div[31m
                      [33mclass[31m=[32m"relative"[31m
                    [36m>[31m
                      [36m<input[31m
                        [33mautocomplete[31m=[32m"email"[31m
                        [33mclass[31m=[32m"flex min-h-12 rounded-ue-md border border-border-subtle bg-surface px-4 py-3 text-base font-medium text-primary-text shadow-sm transition-all duration-500 placeholder:text-text-tertiary focus:border-border-focus focus:outline-none focus:shadow-focus disabled:cursor-not-allowed disabled:opacity-50 file:border-0 file:bg-transparent file:text-sm file:font-medium w-full"[31m
                        [33mname[31m=[32m"email"[31m
                        [33mtype[31m=[32m"email"[31m
                        [33mvalue[31m=[32m""[31m
                      [36m/>[31m
                    [36m</div>[31m
                  [36m</div>[31m
                [36m</div>[31m
                [36m<div[31m
                  [33mclass[31m=[32m"space-y-4 pt-2"[31m
                [36m>[31m
                  [36m<button[31m
                    [33maria-disabled[31m=[32m"true"[31m
                    [33mclass[31m=[32m"group/button relative inline-flex items-center justify-center gap-2 overflow-hidden rounded-ue-lg tracking-tight transition-premium focus-visible:outline-none focus-visible:shadow-focus no-underline hover:no-underline focus-visible:no-underline motion-reduce:transition-shadow min-h-12 px-5 py-2.5 bg-gradient-brand text-inverse-text ring-brand/20 duration-500 hover:scale-[1.02] hover:opacity-95 active:scale-95 motion-reduce:hover:translate-y-0 motion-reduce:hover:scale-100 motion-reduce:active:translate-y-0 motion-reduce:active:scale-100 disabled:bg-slate-200 disabled:text-slate-400 dark:disabled:bg-slate-800 dark:disabled:text-slate-600 pointer-events-none opacity-60 w-full h-14 rounded-2xl text-base font-black shadow-lg shadow-brand/20 transition-all hover:shadow-brand/30 hover:-translate-y-0.5 active:translate-y-0"[31m
                    [33mdisabled[31m=[32m""[31m
                    [33mtype[31m=[32m"submit"[31m
                  [36m>[31m
                    [36m<span[31m
                      [33mclass[31m=[32m"-ml-1 inline-flex items-center"[31m
                    [36m>[31m
                      [36m<svg[31m
                        [33maria-hidden[31m=[32m"true"[31m
                        [33mclass[31m=[32m"lucide lucide-send h-5 w-5"[31m
                        [33mfill[31m=[32m"none"[31m
                        [33mheight[31m=[32m"24"[31m
                        [33mstroke[31m=[32m"currentColor"[31m
                        [33mstroke-linecap[31m=[32m"round"[31m
                        [33mstroke-linejoin[31m=[32m"round"[31m
                        [33mstroke-width[31m=[32m"2"[31m
                        [33mviewBox[31m=[32m"0 0 24 24"[31m
                        [33mwidth[31m=[32m"24"[31m
                        [33mxmlns[31m=[32m"http://www.w3.org/2000/svg"[31m
                      [36m>[31m
                        [36m<path[31m
                          [33md[31m=[32m"M14.536 21.686a.5.5 0 0 0 .937-.024l6.5-19a.496.496 0 0 0-.635-.635l-19 6.5a.5.5 0 0 0-.024.937l7.93 3.18a2 2 0 0 1 1.112 1.11z"[31m
                        [36m/>[31m
                        [36m<path[31m
                          [33md[31m=[32m"m21.854 2.147-10.94 10.939"[31m
                        [36m/>[31m
                      [36m</svg>[31m
                    [36m</span>[31m
                    [36m<span[31m
                      [33mclass[31m=[32m"relative"[31m
                    [36m>[31m
                      [0mSend reset link[0m
                    [36m</span>[31m
                  [36m</button>[31m
                  [36m<div[31m
                    [33mclass[31m=[32m"pt-2 text-center"[31m
                  [36m>[31m
                    [36m<a[31m
                      [33mclass[31m=[32m"inline-flex items-center gap-2 text-sm font-bold text-secondary-text hover:text-brand transition-colors group"[31m
                      [33mdata-discover[31m=[32m"true"[31m
                      [33mhref[31m=[32m"/login"[31m
                    [36m>[31m
                      [36m<svg[31m
                        [33maria-hidden[31m=[32m"true"[31m
                        [33mclass[31m=[32m"lucide lucide-chevron-left h-4 w-4 transition-transform group-hover:-translate-x-1"[31m
                        [33mfill[31m=[32m"none"[31m
                        [33mheight[31m=[32m"24"[31m
                        [33mstroke[31m=[32m"currentColor"[31m
                        [33mstroke-linecap[31m=[32m"round"[31m
                        [33mstroke-linejoin[31m=[32m"round"[31m
                        [33mstroke-width[31m=[32m"2"[31m
                        [33mviewBox[31m=[32m"0 0 24 24"[31m
                        [33mwidth[31m=[32m"24"[31m
                        [33mxmlns[31m=[32m"http://www.w3.org/2000/svg"[31m
                      [36m>[31m
                        [36m<path[31m
                          [33md[31m=[32m"m15 18-6-6 6-6"[31m
                        [36m/>[31m
                      [36m</svg>[31m
                      [0mBack to sign in[0m
                    [36m</a>[31m
                  [36m</div>[31m
                [36m</div>[31m
              [36m</form>[31m
            [36m</div>[31m
          [36m</div>[31m
        [36m</div>[31m
      [36m</div>[31m
    [36m</div>[31m
  [36m</div>[31m
[36m</body>[31m[39m
[31m   [31m├Ч[31m ForgotPassword page[2m > [22mis accessible for assistive technologies[39m[32m 159[2mms[22m[39m
[31m     тЖТ expect(received).toHaveNoViolations(expected)

Expected the HTML found at $('input') to have no violations:

<input class="flex min-h-12 rounded-ue-md border border-border-subtle bg-surface px-4 py-3 text-base font-medium text-primary-text shadow-sm transition-all duration-500 placeholder:text-text-tertiary focus:border-border-focus focus:outline-none focus:shadow-focus disabled:cursor-not-allowed disabled:opacity-50 file:border-0 file:bg-transparent file:text-sm file:font-medium w-full" autocomplete="email" type="email" value="" name="email">

Received:

"Form elements must have labels (label)"

Fix any of the following:
  Element does not have an implicit (wrapped) <label>
  Element does not have an explicit <label>
  aria-label attribute does not exist or is empty
  aria-labelledby attribute does not exist, references elements that do not exist or references elements that are empty
  Element has no title attribute
  Element has no placeholder attribute
  Element's default semantics were not overridden with role="none" or role="presentation"

You can find more information on this issue here: 
https://dequeuniversity.com/rules/axe/4.10/label?application=axeAPI[39m
[90mstdout[2m | src/app/__tests__/a11y.test.tsx[2m > [22m[2mAccessibility checks[2m > [22m[2mNavbar has no axe violations
[22m[39m[SmartImage] status=primary src=/src/assets/guu_logo.png
[SmartImage] status=primary src=/fallbacks/default_avatar.png

 [31mтЭп[39m src/pages/__tests__/Settings.sessions.test.tsx [2m([22m[2m1 test[22m[2m | [22m[31m1 failed[39m[2m)[22m[33m 430[2mms[22m[39m
[31m   [31m├Ч[31m Settings sessions panel[2m > [22mlists sessions and revokes a secondary session[39m[33m 427[2mms[22m[39m
[31m     тЖТ Unable to find an accessible element with the role "tab" and name "Account"

Here are the accessible roles:

  main:

  Name "":
  [36m<main[31m
    [33mclass[31m=[32m"box-border min-h-screen w-full bg-[var(--page-bg)] text-[var(--page-foreground)]"[31m
    [33mid[31m=[32m"main"[31m
    [33mrole[31m=[32m"main"[31m
    [33mstyle[31m=[32m"opacity: 0;"[31m
    [33mtabindex[31m=[32m"-1"[31m
  [36m/>[31m

  --------------------------------------------------
  heading:

  Name "Settings":
  [36m<h1[31m
    [33mclass[31m=[32m"text-[clamp(1.6rem,5vw,2.75rem)] font-bold tracking-tight text-[var(--page-text)]"[31m
  [36m/>[31m

  Name "Theme":
  [36m<h2[31m
    [33mclass[31m=[32m"font-bold tracking-tight text-primary-text text-lg"[31m
  [36m/>[31m

  Name "Interface language":
  [36m<h2[31m
    [33mclass[31m=[32m"font-bold tracking-tight text-primary-text text-lg"[31m
  [36m/>[31m

  Name "Notifications":
  [36m<h2[31m
    [33mclass[31m=[32m"font-bold tracking-tight text-primary-text text-lg"[31m
  [36m/>[31m

  --------------------------------------------------
  tablist:

  Name "":
  [36m<div[31m
    [33mclass[31m=[32m"relative flex flex-wrap items-center gap-1.5 overflow-x-auto rounded-2xl px-1.5 py-1.5 border border-(--glass-border) bg-(--bg-surface)/30 backdrop-blur-md shadow-glass"[31m
    [33mrole[31m=[32m"tablist"[31m
  [36m/>[31m

  --------------------------------------------------
  button:

  Name "General":
  [36m<button[31m
    [33mclass[31m=[32m"relative flex h-10 items-center justify-center rounded-xl px-5 text-sm font-black transition-all duration-500 text-primary-text"[31m
    [33mtype[31m=[32m"button"[31m
  [36m/>[31m

  Name "Account":
  [36m<button[31m
    [33mclass[31m=[32m"relative flex h-10 items-center justify-center rounded-xl px-5 text-sm font-black transition-all duration-500 text-secondary-text opacity-70 hover:opacity-100 hover:bg-surface-hover/20"[31m
    [33mtype[31m=[32m"button"[31m
  [36m/>[31m

  Name "Integrations":
  [36m<button[31m
    [33mclass[31m=[32m"relative flex h-10 items-center justify-center rounded-xl px-5 text-sm font-black transition-all duration-500 text-secondary-text opacity-70 hover:opacity-100 hover:bg-surface-hover/20"[31m
    [33mtype[31m=[32m"button"[31m
  [36m/>[31m

  --------------------------------------------------
  radio:

  Name "System":
  [36m<input[31m
    [33mchecked[31m=[32m""[31m
    [33mclass[31m=[32m"peer sr-only"[31m
    [33mdata-testid[31m=[32m"theme-option-system"[31m
    [33mtype[31m=[32m"radio"[31m
  [36m/>[31m

  Name "Light":
  [36m<input[31m
    [33mclass[31m=[32m"peer sr-only"[31m
    [33mdata-testid[31m=[32m"theme-option-light"[31m
    [33mtype[31m=[32m"radio"[31m
  [36m/>[31m

  Name "Dark":
  [36m<input[31m
    [33mclass[31m=[32m"peer sr-only"[31m
    [33mdata-testid[31m=[32m"theme-option-dark"[31m
    [33mtype[31m=[32m"radio"[31m
  [36m/>[31m

  Name "English":
  [36m<input[31m
    [33mchecked[31m=[32m""[31m
    [33mclass[31m=[32m"peer sr-only"[31m
    [33mtype[31m=[32m"radio"[31m
  [36m/>[31m

  Name "Russian":
  [36m<input[31m
    [33mclass[31m=[32m"peer sr-only"[31m
    [33mtype[31m=[32m"radio"[31m
  [36m/>[31m

  --------------------------------------------------
  paragraph:

  Name "":
  [36m<p[31m
    [33mclass[31m=[32m"text-secondary-text text-sm mt-1"[31m
  [36m/>[31m

  --------------------------------------------------
  separator:

  Name "":
  [36m<hr[31m
    [33mclass[31m=[32m"h-px w-full border-0 bg-glass-border opacity-50"[31m
  [36m/>[31m

  --------------------------------------------------

Ignored nodes: comments, script, style
[36m<body[31m
  [33mclass[31m=[32m"light"[31m
  [33mdata-color-scheme[31m=[32m"light"[31m
  [33mdir[31m=[32m"ltr"[31m
[36m>[31m
  [36m<div>[31m
    [36m<main[31m
      [33mclass[31m=[32m"box-border min-h-screen w-full bg-[var(--page-bg)] text-[var(--page-foreground)]"[31m
      [33mid[31m=[32m"main"[31m
      [33mrole[31m=[32m"main"[31m
      [33mstyle[31m=[32m"opacity: 0;"[31m
      [33mtabindex[31m=[32m"-1"[31m
    [36m>[31m
      [36m<div[31m
        [33mclass[31m=[32m"page-fade relative min-h-full"[31m
        [33mdata-page-fade[31m=[32m"true"[31m
        [33mdata-ready[31m=[32m"true"[31m
        [33mstyle[31m=[32m"--page-fade-delay: 80ms;"[31m
      [36m>[31m
        [36m<div[31m
          [33mclass[31m=[32m"flex h-full w-full flex-col bg-(--page-bg) text-(--page-text) sm:h-[640px] sm:max-h-[85vh] sm:flex-row"[31m
        [36m>[31m
          [36m<div[31m
            [33mclass[31m=[32m"px-2 md:px-4"[31m
          [36m>[31m
            [36m<div[31m
              [33mclass[31m=[32m"mb-8 flex flex-wrap items-center gap-4 sm:gap-5"[31m
              [33mdata-fade[31m=[32m"true"[31m
              [33mstyle[31m=[32m"--fade-delay: 80ms;"[31m
            [36m>[31m
              [36m<div[31m
                [33mclass[31m=[32m"flex h-12 w-12 items-center justify-center rounded-full bg-[color-mix(in_srgb,var(--glass-bg)_70%,var(--nav-link)_30%)] text-[var(--nav-link)] shadow-premium transition-transform duration-200 hover:scale-105 dark:bg-[color-mix(in_srgb,var(--glass-bg)_65%,var(--nav-link)_35%)] dark:shadow-premium backdrop-blur-sm [-webkit-backdrop-filter:blur(12px)]"[31m
              [36m>[31m
                [36m<svg[31m
                  [33maria-hidden[31m=[32m"true"[31m
                  [33mclass[31m=[32m"lucide lucide-settings h-6 w-6"[31m
                  [33mfill[31m=[32m"none"[31m
                  [33mheight[31m=[32m"24"[31m
                  [33mstroke[31m=[32m"currentColor"[31m
                  [33mstroke-linecap[31m=[32m"round"[31m
                  [33mstroke-linejoin[31m=[32m"round"[31m
                  [33mstroke-width[31m=[32m"2"[31m
                  [33mviewBox[31m=[32m"0 0 24 24"[31m
                  [33mwidth[31m=[32m"24"[31m
                  [33mxmlns[31m=[32m"http://www.w3.org/2000/svg"[31m
                [36m>[31m
                  [36m<path[31m
                    [33md[31m=[32m"M9.671 4.136a2.34 2.34 0 0 1 4.659 0 2.34 2.34 0 0 0 3.319 1.915 2.34 2.34 0 0 1 2.33 4.033 2.34 2.34 0 0 0 0 3.831 2.34 2.34 0 0 1-2.33 4.033 2.34 2.34 0 0 0-3.319 1.915 2.34 2.34 0 0 1-4.659 0 2.34 2.34 0 0 0-3.32-1.915 2.34 2.34 0 0 1-2.33-4.033 2.34 2.34 0 0 0 0-3.831A2.34 2.34 0 0 1 6.35 6.051a2.34 2.34 0 0 0 3.319-1.915"[31m
                  [36m/>[31m
                  [36m<circle[31m
                    [33mcx[31m=[32m"12"[31m
                    [33mcy[31m=[32m"12"[31m
                    [33mr[31m=[32m"3"[31m
                  [36m/>[31m
                [36m</svg>[31m
              [36m</div>[31m
              [36m<h1[31m
                [33mclass[31m=[32m"text-[clamp(1.6rem,5vw,2.75rem)] font-bold tracking-tight text-[var(--page-text)]"[31m
              [36m>[31m
                [0mSettings[0m
              [36m</h1>[31m
            [36m</div>[31m
            [36m<div[31m
              [33mclass[31m=[32m"mb-8"[31m
              [33mdata-fade[31m=[32m"true"[31m
              [33mstyle[31m=[32m"--fade-delay: 140ms;"[31m
            [36m>[31m
              [36m<div[31m
                [33mclass[31m=[32m"relative flex flex-wrap items-center gap-1.5 overflow-x-auto rounded-2xl px-1.5 py-1.5 border border-(--glass-border) bg-(--bg-surface)/30 backdrop-blur-md shadow-glass"[31m
                [33mrole[31m=[32m"tablist"[31m
              [36m>[31m
                [36m<button[31m
                  [33mclass[31m=[32m"relative flex h-10 items-center justify-center rounded-xl px-5 text-sm font-black transition-all duration-500 text-primary-text"[31m
                  [33mtype[31m=[32m"button"[31m
                [36m>[31m
                  [36m<div[31m
                    [33mclass[31m=[32m"absolute inset-0 z-0 rounded-xl bg-brand/10 ring-1 ring-brand/20"[31m
                  [36m/>[31m
                  [36m<span[31m
                    [33mclass[31m=[32m"relative z-1"[31m
                  [36m>[31m
                    [0mGeneral[0m
                  [36m</span>[31m
                [36m</button>[31m
                [36m<button[31m
                  [33mclass[31m=[32m"relative flex h-10 items-center justify-center rounded-xl px-5 text-sm font-black transition-all duration-500 text-secondary-text opacity-70 hover:opacity-100 hover:bg-surface-hover/20"[31m
                  [33mtype[31m=[32m"button"[31m
                [36m>[31m
                  [36m<span[31m
                    [33mclass[31m=[32m"relative z-1"[31m
                  [36m>[31m
                    [0mAccount[0m
                  [36m</span>[31m
                [36m</button>[31m
                [36m<button[31m
                  [33mclass[31m=[32m"relative flex h-10 items-center justify-center rounded-xl px-5 text-sm font-black transition-all duration-500 text-secondary-text opacity-70 hover:opacity-100 hover:bg-surface-hover/20"[31m
                  [33mtype[31m=[32m"button"[31m
                [36m>[31m
                  [36m<span[31m
                    [33mclass[31m=[32m"relative z-1"[31m
                  [36m>[31m
                    [0mIntegrations[0m
                  [36m</span>[31m
                [36m</button>[31m
              [36m</div>[31m
            [36m</div>[31m
            [36m<div[31m
              [33mdata-fade[31m=[32m"true"[31m
              [33mstyle[31m=[32m"--fade-delay: 200ms;"[31m
            [36m>[31m
              [36m<div[31m
                [33mclass[31m=[32m"flex w-full flex-col gap-8 sm:gap-10 xl:max-w-[min(100%,1100px)] 2xl:gap-12"[31m
              [36m>[31m
                [36m<div[31m
                  [33mclass[31m=[32m"flex flex-col gap-3"[31m
                [36m>[31m
                  [36m<h2[31m
                    [33mclass[31m=[32m"font-bold tracking-tight text-primary-text text-lg"[31m
                  [36m>[31m
                    [0mTheme[0m
                  [36m</h2>[31m
                  [36m<div[31m
                    [33mclass[31m=[32m"flex flex-row flex-wrap gap-4"[31m
                  [36m>[31m
                    [36m<label[31m
                      [33mclass[31m=[32m"group inline-flex items-center gap-3 rounded-xl px-2 py-1.5 cursor-pointer transition-all duration-300 hover:bg-brand/5 border border-transparent"[31m
                    [36m>[31m
                      [36m<label...[39m
[90mstdout[2m | src/tests/accessibility/skipLink.test.tsx[2m > [22m[2mglobal skip link[2m > [22m[2mrenders a single skip link on 'profile'
[22m[39m[SmartImage] status=fallback src=/src/assets/background.png
[SmartImage] status=fallback src=/fallbacks/default_avatar.png

[90mstdout[2m | src/app/__tests__/a11y.test.tsx[2m > [22m[2mAccessibility checks[2m > [22m[2mProfile page has no axe violations
[22m[39m[SmartImage] status=fallback src=/src/assets/background.png
[SmartImage] status=fallback src=/fallbacks/default_avatar.png

 [31mтЭп[39m src/tests/accessibility/skipLink.test.tsx [2m([22m[2m3 tests[22m[2m | [22m[31m1 failed[39m[2m)[22m[33m 569[2mms[22m[39m
   [33m[2mтЬУ[22m[39m global skip link[2m > [22mrenders a single skip link on 'dashboard' [33m 301[2mms[22m[39m
[31m   [31m├Ч[31m global skip link[2m > [22mrenders a single skip link on 'profile'[39m[32m 142[2mms[22m[39m
[31m     тЖТ expect(received).toHaveNoViolations(expected)

Expected the HTML found at $('h3') to have no violations:

<h3 class="text-xs font-bold uppercase tracking-wider text-(--secondary-text) opacity-60 flex items-center gap-2">

Received:

"Heading levels should only increase by one (heading-order)"

Fix any of the following:
  Heading order invalid

You can find more information on this issue here: 
https://dequeuniversity.com/rules/axe/4.10/heading-order?application=axeAPI[39m
   [32mтЬУ[39m global skip link[2m > [22mrenders a single skip link on 'login'[32m 123[2mms[22m[39m
 [31mтЭп[39m src/app/__tests__/a11y.test.tsx [2m([22m[2m3 tests[22m[2m | [22m[31m1 failed[39m[2m)[22m[33m 662[2mms[22m[39m
   [32mтЬУ[39m Accessibility checks[2m > [22mNavbar has no axe violations[32m 245[2mms[22m[39m
   [32mтЬУ[39m Accessibility checks[2m > [22mDashboard page has no axe violations[32m 227[2mms[22m[39m
[31m   [31m├Ч[31m Accessibility checks[2m > [22mProfile page has no axe violations[39m[32m 188[2mms[22m[39m
[31m     тЖТ expect(received).toHaveNoViolations(expected)

Expected the HTML found at $('h3') to have no violations:

<h3 class="text-xs font-bold uppercase tracking-wider text-(--secondary-text) opacity-60 flex items-center gap-2">

Received:

"Heading levels should only increase by one (heading-order)"

Fix any of the following:
  Heading order invalid

You can find more information on this issue here: 
https://dequeuniversity.com/rules/axe/4.10/heading-order?application=axeAPI

Expected the HTML found at $('h4') to have no violations:

<h4 class="text-sm font-bold text-primary-text truncate group-hover:text-brand transition-colors">╨Я╨╛╨▒╨╡╨┤╨╕╤В╨╡╨╗╤М ╨╛╨╗╨╕╨╝╨┐╨╕╨░╨┤╤Л</h4>

Received:

"Heading levels should only increase by one (heading-order)"

Fix any of the following:
  Heading order invalid

You can find more information on this issue here: 
https://dequeuniversity.com/rules/axe/4.10/heading-order?application=axeAPI[39m
 [31mтЭп[39m src/components/__tests__/InstallPrompt.test.tsx [2m([22m[2m4 tests[22m[2m | [22m[31m4 failed[39m[2m)[22m[33m 1163[2mms[22m[39m
[31m   [31m├Ч[31m InstallPrompt[2m > [22mkeeps the install CTA visible when push education is dismissed[39m[32m 93[2mms[22m[39m
[31m     тЖТ Unable to find a label with the text of: system:installPrompt.notificationsClose

Ignored nodes: comments, script, style
[36m<body>[31m
  [36m<div>[31m
    [36m<div[31m
      [33mclass[31m=[32m"fixed bottom-24 right-4 left-4 sm:left-auto sm:right-6 z-4000 w-auto max-w-sm"[31m
      [33mstyle[31m=[32m"opacity: 0.09606262683664682; transform: translateY(40.42181948886386px) scale(0.9600272282228255);"[31m
    [36m>[31m
      [36m<div[31m
        [33mclass[31m=[32m"bg-surface/90 backdrop-blur-2xl rounded-3xl border border-glass-border shadow-2xl overflow-hidden ring-1 ring-black/5 p-6"[31m
      [36m>[31m
        [36m<div[31m
          [33mclass[31m=[32m"flex flex-col gap-6"[31m
        [36m>[31m
          [36m<div[31m
            [33mclass[31m=[32m"space-y-4"[31m
          [36m>[31m
            [36m<div[31m
              [33mclass[31m=[32m"flex items-start justify-between gap-4"[31m
            [36m>[31m
              [36m<div[31m
                [33mclass[31m=[32m"flex items-center gap-3"[31m
              [36m>[31m
                [36m<div[31m
                  [33mclass[31m=[32m"p-2.5 rounded-2xl bg-brand/10 text-brand"[31m
                [36m>[31m
                  [36m<svg[31m
                    [33maria-hidden[31m=[32m"true"[31m
                    [33mclass[31m=[32m"lucide lucide-download h-5 w-5"[31m
                    [33mfill[31m=[32m"none"[31m
                    [33mheight[31m=[32m"24"[31m
                    [33mstroke[31m=[32m"currentColor"[31m
                    [33mstroke-linecap[31m=[32m"round"[31m
                    [33mstroke-linejoin[31m=[32m"round"[31m
                    [33mstroke-width[31m=[32m"2"[31m
                    [33mviewBox[31m=[32m"0 0 24 24"[31m
                    [33mwidth[31m=[32m"24"[31m
                    [33mxmlns[31m=[32m"http://www.w3.org/2000/svg"[31m
                  [36m>[31m
                    [36m<path[31m
                      [33md[31m=[32m"M12 15V3"[31m
                    [36m/>[31m
                    [36m<path[31m
                      [33md[31m=[32m"M21 15v4a2 2 0 0 1-2 2H5a2 2 0 0 1-2-2v-4"[31m
                    [36m/>[31m
                    [36m<path[31m
                      [33md[31m=[32m"m7 10 5 5 5-5"[31m
                    [36m/>[31m
                  [36m</svg>[31m
                [36m</div>[31m
                [36m<h3[31m
                  [33mclass[31m=[32m"text-lg font-black tracking-tight text-primary-text sf-pro"[31m
                [36m>[31m
                  [0msystem:installPrompt.installTitle navigation:brandName[0m
                [36m</h3>[31m
              [36m</div>[31m
              [36m<button[31m
                [33mclass[31m=[32m"p-1.5 rounded-xl hover:bg-surface-hover/30 text-secondary-text transition-colors"[31m
              [36m>[31m
                [36m<svg[31m
                  [33maria-hidden[31m=[32m"true"[31m
                  [33mclass[31m=[32m"lucide lucide-x h-5 w-5"[31m
                  [33mfill[31m=[32m"none"[31m
                  [33mheight[31m=[32m"24"[31m
                  [33mstroke[31m=[32m"currentColor"[31m
                  [33mstroke-linecap[31m=[32m"round"[31m
                  [33mstroke-linejoin[31m=[32m"round"[31m
                  [33mstroke-width[31m=[32m"2"[31m
                  [33mviewBox[31m=[32m"0 0 24 24"[31m
                  [33mwidth[31m=[32m"24"[31m
                  [33mxmlns[31m=[32m"http://www.w3.org/2000/svg"[31m
                [36m>[31m
                  [36m<path[31m
                    [33md[31m=[32m"M18 6 6 18"[31m
                  [36m/>[31m
                  [36m<path[31m
                    [33md[31m=[32m"m6 6 12 12"[31m
                  [36m/>[31m
                [36m</svg>[31m
              [36m</button>[31m
            [36m</div>[31m
            [36m<p[31m
              [33mclass[31m=[32m"text-sm font-medium text-secondary-text leading-relaxed opacity-80"[31m
            [36m>[31m
              [0msystem:installPrompt.description[0m
            [36m</p>[31m
            [36m<div[31m
              [33mclass[31m=[32m"flex gap-2 pt-2"[31m
            [36m>[31m
              [36m<button[31m
                [33mclass[31m=[32m"group/button relative inline-flex items-center justify-center gap-2 overflow-hidden rounded-ue-lg tracking-tight transition-premium focus-visible:outline-none focus-visible:shadow-focus no-underline hover:no-underline focus-visible:no-underline motion-reduce:transition-shadow min-h-12 px-5 py-2.5 text-base bg-gradient-brand text-inverse-text ring-brand/20 transition-all duration-500 hover:shadow-premium-lift hover:scale-[1.02] hover:opacity-95 active:scale-95 motion-reduce:hover:translate-y-0 motion-reduce:hover:scale-100 motion-reduce:active:translate-y-0 motion-reduce:active:scale-100 disabled:bg-slate-200 disabled:text-slate-400 dark:disabled:bg-slate-800 dark:disabled:text-slate-600 w-auto flex-1 h-12 rounded-2xl font-black shadow-lg shadow-brand/20"[31m
              [36m>[31m
                [36m<span[31m
                  [33mclass[31m=[32m"relative"[31m
                [36m>[31m
                  [0msystem:installPrompt.install[0m
                [36m</span>[31m
              [36m</button>[31m
              [36m<button[31m
                [33mclass[31m=[32m"group/button relative inline-flex items-center justify-center gap-2 overflow-hidden rounded-ue-lg tracking-tight transition-premium focus-visible:outline-none focus-visible:shadow-focus no-underline hover:no-underline focus-visible:no-underline motion-reduce:transition-shadow motion-reduce:hover:translate-y-0 motion-reduce:active:translate-y-0 min-h-12 py-2.5 text-base w-auto h-12 rounded-2xl font-black px-6"[31m
              [36m>[31m
                [36m<span[31m
                  [33mclass[31m=[32m"relative"[31m
                [36m>[31m
                  [0msystem:installPrompt.later[0m
                [36m</span>[31m
              [36m</button>[31m
            [36m</div>[31m
          [36m</div>[31m
          [36m<div[31m
            [33mclass[31m=[32m"h-px bg-glass-border/10"[31m
          [36m/>[31m
          [36m<div[31m
            [33mclass[31m=[32m"space-y-4"[31m
          [36m>[31m
            [36m<div[31m
              [33mclass[31m=[32m"flex items-start justify-between gap-4"[31m
            [36m>[31m
              [36m<div[31m
                [33mclass[31m=[32m"flex items-center gap-3"[31m
              [36m>[31m
                [36m<div[31m
                  [33mclass[31m=[32m"p-2.5 rounded-2xl bg-brand/10 text-brand"[31m
                [36m>[31m
                  [36m<svg[31m
                    [33maria-hidden[31m=[32m"true"[31m
                    [33mclass[31m=[32m"lucide lucide-bell h-5 w-5"[31m
                    [33mfill[31m=[32m"none"[31m
                    [33mheight[31m=[32m"24"[31m
                    [33mstroke[31m=[32m"currentColor"[31m
                    [33mstroke-linecap[31m=[32m"round"[31m
                    [33mstroke-linejoin[31m=[32m"round"[31m
                    [33mstroke-width[31m=[32m"2"[31m
                    [33mviewBox[31m=[32m"0 0 24 24"[31m
                    [33mwidth[31m=[32m"24"[31m
                    [33mxmlns[31m=[32m"http://www.w3.org/2000/svg"[31m
                  [36m>[31m
                    [36m<path[31m
                      [33md[31m=[32m"M10.268 21a2 2 0 0 0 3.464 0"[31m
                    [36m/>[31m
                    [36m<path[31m
                      [33md[31m=[32m"M3.262 15.326A1 1 0 0 0 4 17h16a1 1 0 0 0 .74-1.673C19.41 13.956 18 12.499 18 8A6 6 0 0 0 6 8c0 4.499-1.411 5.956-2.738 7.326"[31m
                    [36m/>[31m
                  [36m</svg>[31m
                [36m</div>[31m
                [36m<h3[31m
                  [33mclass[31m=[32m"text-lg font-black tracking-tight text-primary-text sf-pro"[31m
                [36m>[31m
                  [0msystem:installPrompt.notificationsTitle[0m
                [36m</h3>[31m
              [36m</div>[31m
              [36m<button[31m
                [33mclass[31m=[32m"p-1.5 rounded-xl hover:bg-surface-hover/30 text-secondary-text transition-colors"[31m
              [36m>[31m
                [36m<svg[31m
                  [33maria-hidden[31m=[32m"true"[31m
                  [33mclass[31m=[32m"lucide lucide-x h-5 w-5"[31m
                  [33mfill[31m=[32m"none"[31m
                  [33mheight[31m=[32m"24"[31m
                  [33mstroke[31m=[32m"currentColor"[31m
                  [33mstroke-linecap[31m=[32m"round"[31m
                  [33mstroke-linejoin[31m=[32m"round"[31m
                  [33mstroke-width[31m=[32m"2"[31m
                  [33mviewBox[31m=[32m"0 0 24 24"[31m
                  [33mwidth[31m=[32m"24"[31m
                  [33mxmlns[31m=[32m"http://www.w3.org/2000/svg"[31m
                [36m>[31m
                  [36m<path[31m
                    [33md[31m=[32m"M18 6 6 18"[31m
                  [36m/>[31m
                  [36m<path[31m
                    [33md[31m=[32m"m6 6 12 12"[31m
                  [36m/>[31m
                [36m</svg>[31m
              [36m</button>[31m
            [36m</div>[31m
            [36m<p[31m
              [33mclass[31m=[32m"text-sm font-medium text-secondary-text leading-relaxed opacity-80"[31m
            [36m>[31m
              [0msystem:installPrompt.manageNotifications[0m
            [36m</p>[31m
            [36m<div[31m
              [33mclass[31m=[32m"space-y-4"[31m
            [36m>[31m
              [36m<p[31m
                [33mclass[31m=[32m"text-xs font-bold text-secondary-text opacity-60 leading-relaxed px-1"[31m
              [36m>[31m
                [0msystem:installPrompt.defaultPermissionDescription[0m
              [36m</p>[31m
              [36m<div[31m
                [33mclass[31m=[32m"flex items-center gap-3"[31m
              [36m>[31m
                [36m<button[31m
                  [33mclass[31m=[32m"group/button relative inline-flex items-center justify-center gap-2 overflow-hidden rounded-ue-lg tracking-tight transition-premium focus-visible:outline-none focus-visible:shadow-focus no-underline hover:no-underline focus-visible:no-underline motion-reduce:transition-shadow min-h-10 py-2 text-sm bg-gradient-brand text-inverse-text ring-brand/20 transition-all duration-500 hover:shadow-premium-lift hover:scale-[1.02] hover:opacity-95 active:scale-95 motion-reduce:hover:translate-y-0 motion-reduce:hover:scale-100 motion-reduce:active:translate-y-0 motion-reduce:active:scale-100 disabled:bg-slate-200 disabled:text-slate-400 dark:disabled:bg-slate-800 dark:disabled:text-slate-600 w-auto rounded-xl font-black h-10 px-6 shadow-lg shadow-brand/20"[31m
                [36m>[31m
                  [36m<span[31m
                    [33mclass[31m=[32m"relative"[31m
                  [36m>[31m
                    [0msystem:installPrompt.allow[0m
                  [36m</span>[31m
                [36m</button>[31m
                [36m<span[31m
                  [33mclass[31m=[32m"text-[11px] font-bold text-secondary-text uppercase tracking-wider opacity-60"[31m
                [36m>[31m
                  [0msystem:installPrompt.status[0m
                [36m</span>[31m
              [36m</div>[31m
            [36m</div>[31m
          [36m</div>[31m
        [36m</div>[31m
      [36m</div>[31m
    [36m</div>[31m
  [36m</div>[31m
[36m</body>[31m[39m
[31m   [31m├Ч[31m InstallPrompt[2m > [22mkeeps push education active when the install CTA is dismissed[39m[32m 29[2mms[22m[39m
[31m     тЖТ Unable to find a label with the text of: system:installPrompt.closeOffer

Ignored nodes: comments, script, style
[36m<body>[31m
  [36m<div>[31m
    [36m<div[31m
      [33mclass[31m=[32m"fixed bottom-24 right-4 left-4 sm:left-auto sm:right-6 z-4000 w-auto max-w-sm"[31m
      [33mstyle[31m=[32m"opacity: 0.018536876160942486; transform: translateY(48.85267943862325px) scale(0.9512416341165356);"[31m
    [36m>[31m
      [36m<div[31m
        [33mclass[31m=[32m"bg-surface/90 backdrop-blur-2xl rounded-3xl border border-glass-border shadow-2xl overflow-hidden ring-1 ring-black/5 p-6"[31m
      [36m>[31m
        [36m<div[31m
          [33mclass[31m=[32m"flex flex-col gap-6"[31m
        [36m>[31m
          [36m<div[31m
            [33mclass[31m=[32m"space-y-4"[31m
          [36m>[31m
            [36m<div[31m
              [33mclass[31m=[32m"flex items-start justify-between gap-4"[31m
            [36m>[31m
              [36m<div[31m
                [33mclass[31m=[32m"flex items-center gap-3"[31m
              [36m>[31m
                [36m<div[31m
                  [33mclass[31m=[32m"p-2.5 rounded-2xl bg-brand/10 text-brand"[31m
                [36m>[31m
                  [36m<svg[31m
                    [33maria-hidden[31m=[32m"true"[31m
                    [33mclass[31m=[32m"lucide lucide-download h-5 w-5"[31m
                    [33mfill[31m=[32m"none"[31m
                    [33mheight[31m=[32m"24"[31m
                    [33mstroke[31m=[32m"currentColor"[31m
                    [33mstroke-linecap[31m=[32m"round"[31m
                    [33mstroke-linejoin[31m=[32m"round"[31m
                    [33mstroke-width[31m=[32m"2"[31m
                    [33mviewBox[31m=[32m"0 0 24 24"[31m
                    [33mwidth[31m=[32m"24"[31m
                    [33mxmlns[31m=[32m"http://www.w3.org/2000/svg"[31m
                  [36m>[31m
                    [36m<path[31m
                      [33md[31m=[32m"M12 15V3"[31m
                    [36m/>[31m
                    [36m<path[31m
                      [33md[31m=[32m"M21 15v4a2 2 0 0 1-2 2H5a2 2 0 0 1-2-2v-4"[31m
                    [36m/>[31m
                    [36m<path[31m
                      [33md[31m=[32m"m7 10 5 5 5-5"[31m
                    [36m/>[31m
                  [36m</svg>[31m
                [36m</div>[31m
                [36m<h3[31m
                  [33mclass[31m=[32m"text-lg font-black tracking-tight text-primary-text sf-pro"[31m
                [36m>[31m
                  [0msystem:installPrompt.installTitle navigation:brandName[0m
                [36m</h3>[31m
              [36m</div>[31m
              [36m<button[31m
                [33mclass[31m=[32m"p-1.5 rounded-xl hover:bg-surface-hover/30 text-secondary-text transition-colors"[31m
              [36m>[31m
                [36m<svg[31m
                  [33maria-hidden[31m=[32m"true"[31m
                  [33mclass[31m=[32m"lucide lucide-x h-5 w-5"[31m
                  [33mfill[31m=[32m"none"[31m
                  [33mheight[31m=[32m"24"[31m
                  [33mstroke[31m=[32m"currentColor"[31m
                  [33mstroke-linecap[31m=[32m"round"[31m
                  [33mstroke-linejoin[31m=[32m"round"[31m
                  [33mstroke-width[31m=[32m"2"[31m
                  [33mviewBox[31m=[32m"0 0 24 24"[31m
                  [33mwidth[31m=[32m"24"[31m
                  [33mxmlns[31m=[32m"http://www.w3.org/2000/svg"[31m
                [36m>[31m
                  [36m<path[31m
                    [33md[31m=[32m"M18 6 6 18"[31m
                  [36m/>[31m
                  [36m<path[31m
                    [33md[31m=[32m"m6 6 12 12"[31m
                  [36m/>[31m
                [36m</svg>[31m
              [36m</button>[31m
            [36m</div>[31m
            [36m<p[31m
              [33mclass[31m=[32m"text-sm font-medium text-secondary-text leading-relaxed opacity-80"[31m
            [36m>[31m
              [0msystem:installPrompt.description[0m
            [36m</p>[31m
            [36m<div[31m
              [33mclass[31m=[32m"flex gap-2 pt-2"[31m
            [36m>[31m
              [36m<button[31m
                [33mclass[31m=[32m"group/button relative inline-flex items-center justify-center gap-2 overflow-hidden rounded-ue-lg tracking-tight transition-premium focus-visible:outline-none focus-visible:shadow-focus no-underline hover:no-underline focus-visible:no-underline motion-reduce:transition-shadow min-h-12 px-5 py-2.5 text-base bg-gradient-brand text-inverse-text ring-brand/20 transition-all duration-500 hover:shadow-premium-lift hover:scale-[1.02] hover:opacity-95 active:scale-95 motion-reduce:hover:translate-y-0 motion-reduce:hover:scale-100 motion-reduce:active:translate-y-0 motion-reduce:active:scale-100 disabled:bg-slate-200 disabled:text-slate-400 dark:disabled:bg-slate-800 dark:disabled:text-slate-600 w-auto flex-1 h-12 rounded-2xl font-black shadow-lg shadow-brand/20"[31m
              [36m>[31m
                [36m<span[31m
                  [33mclass[31m=[32m"relative"[31m
                [36m>[31m
                  [0msystem:installPrompt.install[0m
                [36m</span>[31m
              [36m</button>[31m
              [36m<button[31m
                [33mclass[31m=[32m"group/button relative inline-flex items-center justify-center gap-2 overflow-hidden rounded-ue-lg tracking-tight transition-premium focus-visible:outline-none focus-visible:shadow-focus no-underline hover:no-underline focus-visible:no-underline motion-reduce:transition-shadow motion-reduce:hover:translate-y-0 motion-reduce:active:translate-y-0 min-h-12 py-2.5 text-base w-auto h-12 rounded-2xl font-black px-6"[31m
              [36m>[31m
                [36m<span[31m
                  [33mclass[31m=[32m"relative"[31m
                [36m>[31m
                  [0msystem:installPrompt.later[0m
                [36m</span>[31m
              [36m</button>[31m
            [36m</div>[31m
          [36m</div>[31m
          [36m<div[31m
            [33mclass[31m=[32m"h-px bg-glass-border/10"[31m
          [36m/>[31m
          [36m<div[31m
            [33mclass[31m=[32m"space-y-4"[31m
          [36m>[31m
            [36m<div[31m
              [33mclass[31m=[32m"flex items-start justify-between gap-4"[31m
            [36m>[31m
              [36m<div[31m
                [33mclass[31m=[32m"flex items-center gap-3"[31m
              [36m>[31m
                [36m<div[31m
                  [33mclass[31m=[32m"p-2.5 rounded-2xl bg-brand/10 text-brand"[31m
                [36m>[31m
                  [36m<svg[31m
                    [33maria-hidden[31m=[32m"true"[31m
                    [33mclass[31m=[32m"lucide lucide-bell h-5 w-5"[31m
                    [33mfill[31m=[32m"none"[31m
                    [33mheight[31m=[32m"24"[31m
                    [33mstroke[31m=[32m"currentColor"[31m
                    [33mstroke-linecap[31m=[32m"round"[31m
                    [33mstroke-linejoin[31m=[32m"round"[31m
                    [33mstroke-width[31m=[32m"2"[31m
                    [33mviewBox[31m=[32m"0 0 24 24"[31m
                    [33mwidth[31m=[32m"24"[31m
                    [33mxmlns[31m=[32m"http://www.w3.org/2000/svg"[31m
                  [36m>[31m
                    [36m<path[31m
                      [33md[31m=[32m"M10.268 21a2 2 0 0 0 3.464 0"[31m
                    [36m/>[31m
                    [36m<path[31m
                      [33md[31m=[32m"M3.262 15.326A1 1 0 0 0 4 17h16a1 1 0 0 0 .74-1.673C19.41 13.956 18 12.499 18 8A6 6 0 0 0 6 8c0 4.499-1.411 5.956-2.738 7.326"[31m
                    [36m/>[31m
                  [36m</svg>[31m
                [36m</div>[31m
                [36m<h3[31m
                  [33mclass[31m=[32m"text-lg font-black tracking-tight text-primary-text sf-pro"[31m
                [36m>[31m
                  [0msystem:installPrompt.notificationsTitle[0m
                [36m</h3>[31m
              [36m</div>[31m
              [36m<button[31m
                [33mclass[31m=[32m"p-1.5 rounded-xl hover:bg-surface-hover/30 text-secondary-text transition-colors"[31m
              [36m>[31m
                [36m<svg[31m
                  [33maria-hidden[31m=[32m"true"[31m
                  [33mclass[31m=[32m"lucide lucide-x h-5 w-5"[31m
                  [33mfill[31m=[32m"none"[31m
                  [33mheight[31m=[32m"24"[31m
                  [33mstroke[31m=[32m"currentColor"[31m
                  [33mstroke-linecap[31m=[32m"round"[31m
                  [33mstroke-linejoin[31m=[32m"round"[31m
                  [33mstroke-width[31m=[32m"2"[31m
                  [33mviewBox[31m=[32m"0 0 24 24"[31m
                  [33mwidth[31m=[32m"24"[31m
                  [33mxmlns[31m=[32m"http://www.w3.org/2000/svg"[31m
                [36m>[31m
                  [36m<path[31m
                    [33md[31m=[32m"M18 6 6 18"[31m
                  [36m/>[31m
                  [36m<path[31m
                    [33md[31m=[32m"m6 6 12 12"[31m
                  [36m/>[31m
                [36m</svg>[31m
              [36m</button>[31m
            [36m</div>[31m
            [36m<p[31m
              [33mclass[31m=[32m"text-sm font-medium text-secondary-text leading-relaxed opacity-80"[31m
            [36m>[31m
              [0msystem:installPrompt.manageNotifications[0m
            [36m</p>[31m
            [36m<div[31m
              [33mclass[31m=[32m"space-y-4"[31m
            [36m>[31m
              [36m<p[31m
                [33mclass[31m=[32m"text-xs font-bold text-secondary-text opacity-60 leading-relaxed px-1"[31m
              [36m>[31m
                [0msystem:installPrompt.defaultPermissionDescription[0m
              [36m</p>[31m
              [36m<div[31m
                [33mclass[31m=[32m"flex items-center gap-3"[31m
              [36m>[31m
                [36m<button[31m
                  [33mclass[31m=[32m"group/button relative inline-flex items-center justify-center gap-2 overflow-hidden rounded-ue-lg tracking-tight transition-premium focus-visible:outline-none focus-visible:shadow-focus no-underline hover:no-underline focus-visible:no-underline motion-reduce:transition-shadow min-h-10 py-2 text-sm bg-gradient-brand text-inverse-text ring-brand/20 transition-all duration-500 hover:shadow-premium-lift hover:scale-[1.02] hover:opacity-95 active:scale-95 motion-reduce:hover:translate-y-0 motion-reduce:hover:scale-100 motion-reduce:active:translate-y-0 motion-reduce:active:scale-100 disabled:bg-slate-200 disabled:text-slate-400 dark:disabled:bg-slate-800 dark:disabled:text-slate-600 w-auto rounded-xl font-black h-10 px-6 shadow-lg shadow-brand/20"[31m
                [36m>[31m
                  [36m<span[31m
                    [33mclass[31m=[32m"relative"[31m
                  [36m>[31m
                    [0msystem:installPrompt.allow[0m
                  [36m</span>[31m
                [36m</button>[31m
                [36m<span[31m
                  [33mclass[31m=[32m"text-[11px] font-bold text-secondary-text uppercase tracking-wider opacity-60"[31m
                [36m>[31m
                  [0msystem:installPrompt.status[0m
                [36m</span>[31m
              [36m</div>[31m
            [36m</div>[31m
          [36m</div>[31m
        [36m</div>[31m
      [36m</div>[31m
    [36m</div>[31m
  [36m</div>[31m
[36m</body>[31m[39m
[31m   [31m├Ч[31m InstallPrompt[2m > [22mapplies the push dismissal TTL independently of the install CTA[39m[33m 1024[2mms[22m[39m
[31m     тЖТ Unable to find a label with the text of: system:installPrompt.notificationsClose

Ignored nodes: comments, script, style
[36m<body>[31m
  [36m<div>[31m
    [36m<div[31m
      [33mclass[31m=[32m"fixed bottom-24 right-4 left-4 sm:left-auto sm:right-6 z-4000 w-auto max-w-sm"[31m
      [33mstyle[31m=[32m"opacity: 1; transform: none;"[31m
    [36m>[31m
      [36m<div[31m
        [33mclass[31m=[32m"bg-surface/90 backdrop-blur-2xl rounded-3xl border border-glass-border shadow-2xl overflow-hidden ring-1 ring-black/5 p-6"[31m
      [36m>[31m
        [36m<div[31m
          [33mclass[31m=[32m"flex flex-col gap-6"[31m
        [36m>[31m
          [36m<div[31m
            [33mclass[31m=[32m"space-y-4"[31m
          [36m>[31m
            [36m<div[31m
              [33mclass[31m=[32m"flex items-start justify-between gap-4"[31m
            [36m>[31m
              [36m<div[31m
                [33mclass[31m=[32m"flex items-center gap-3"[31m
              [36m>[31m
                [36m<div[31m
                  [33mclass[31m=[32m"p-2.5 rounded-2xl bg-brand/10 text-brand"[31m
                [36m>[31m
                  [36m<svg[31m
                    [33maria-hidden[31m=[32m"true"[31m
                    [33mclass[31m=[32m"lucide lucide-download h-5 w-5"[31m
                    [33mfill[31m=[32m"none"[31m
                    [33mheight[31m=[32m"24"[31m
                    [33mstroke[31m=[32m"currentColor"[31m
                    [33mstroke-linecap[31m=[32m"round"[31m
                    [33mstroke-linejoin[31m=[32m"round"[31m
                    [33mstroke-width[31m=[32m"2"[31m
                    [33mviewBox[31m=[32m"0 0 24 24"[31m
                    [33mwidth[31m=[32m"24"[31m
                    [33mxmlns[31m=[32m"http://www.w3.org/2000/svg"[31m
                  [36m>[31m
                    [36m<path[31m
                      [33md[31m=[32m"M12 15V3"[31m
                    [36m/>[31m
                    [36m<path[31m
                      [33md[31m=[32m"M21 15v4a2 2 0 0 1-2 2H5a2 2 0 0 1-2-2v-4"[31m
                    [36m/>[31m
                    [36m<path[31m
                      [33md[31m=[32m"m7 10 5 5 5-5"[31m
                    [36m/>[31m
                  [36m</svg>[31m
                [36m</div>[31m
                [36m<h3[31m
                  [33mclass[31m=[32m"text-lg font-black tracking-tight text-primary-text sf-pro"[31m
                [36m>[31m
                  [0msystem:installPrompt.installTitle navigation:brandName[0m
                [36m</h3>[31m
              [36m</div>[31m
              [36m<button[31m
                [33mclass[31m=[32m"p-1.5 rounded-xl hover:bg-surface-hover/30 text-secondary-text transition-colors"[31m
              [36m>[31m
                [36m<svg[31m
                  [33maria-hidden[31m=[32m"true"[31m
                  [33mclass[31m=[32m"lucide lucide-x h-5 w-5"[31m
                  [33mfill[31m=[32m"none"[31m
                  [33mheight[31m=[32m"24"[31m
                  [33mstroke[31m=[32m"currentColor"[31m
                  [33mstroke-linecap[31m=[32m"round"[31m
                  [33mstroke-linejoin[31m=[32m"round"[31m
                  [33mstroke-width[31m=[32m"2"[31m
                  [33mviewBox[31m=[32m"0 0 24 24"[31m
                  [33mwidth[31m=[32m"24"[31m
                  [33mxmlns[31m=[32m"http://www.w3.org/2000/svg"[31m
                [36m>[31m
                  [36m<path[31m
                    [33md[31m=[32m"M18 6 6 18"[31m
                  [36m/>[31m
                  [36m<path[31m
                    [33md[31m=[32m"m6 6 12 12"[31m
                  [36m/>[31m
                [36m</svg>[31m
              [36m</button>[31m
            [36m</div>[31m
            [36m<p[31m
              [33mclass[31m=[32m"text-sm font-medium text-secondary-text leading-relaxed opacity-80"[31m
            [36m>[31m
              [0msystem:installPrompt.description[0m
            [36m</p>[31m
            [36m<div[31m
              [33mclass[31m=[32m"flex gap-2 pt-2"[31m
            [36m>[31m
              [36m<button[31m
                [33mclass[31m=[32m"group/button relative inline-flex items-center justify-center gap-2 overflow-hidden rounded-ue-lg tracking-tight transition-premium focus-visible:outline-none focus-visible:shadow-focus no-underline hover:no-underline focus-visible:no-underline motion-reduce:transition-shadow min-h-12 px-5 py-2.5 text-base bg-gradient-brand text-inverse-text ring-brand/20 transition-all duration-500 hover:shadow-premium-lift hover:scale-[1.02] hover:opacity-95 active:scale-95 motion-reduce:hover:translate-y-0 motion-reduce:hover:scale-100 motion-reduce:active:translate-y-0 motion-reduce:active:scale-100 disabled:bg-slate-200 disabled:text-slate-400 dark:disabled:bg-slate-800 dark:disabled:text-slate-600 w-auto flex-1 h-12 rounded-2xl font-black shadow-lg shadow-brand/20"[31m
              [36m>[31m
                [36m<span[31m
                  [33mclass[31m=[32m"relative"[31m
                [36m>[31m
                  [0msystem:installPrompt.install[0m
                [36m</span>[31m
              [36m</button>[31m
              [36m<button[31m
                [33mclass[31m=[32m"group/button relative inline-flex items-center justify-center gap-2 overflow-hidden rounded-ue-lg tracking-tight transition-premium focus-visible:outline-none focus-visible:shadow-focus no-underline hover:no-underline focus-visible:no-underline motion-reduce:transition-shadow motion-reduce:hover:translate-y-0 motion-reduce:active:translate-y-0 min-h-12 py-2.5 text-base w-auto h-12 rounded-2xl font-black px-6"[31m
              [36m>[31m
                [36m<span[31m
                  [33mclass[31m=[32m"relative"[31m
                [36m>[31m
                  [0msystem:installPrompt.later[0m
                [36m</span>[31m
              [36m</button>[31m
            [36m</div>[31m
          [36m</div>[31m
          [36m<div[31m
            [33mclass[31m=[32m"h-px bg-glass-border/10"[31m
          [36m/>[31m
          [36m<div[31m
            [33mclass[31m=[32m"space-y-4"[31m
          [36m>[31m
            [36m<div[31m
              [33mclass[31m=[32m"flex items-start justify-between gap-4"[31m
            [36m>[31m
              [36m<div[31m
                [33mclass[31m=[32m"flex items-center gap-3"[31m
              [36m>[31m
                [36m<div[31m
                  [33mclass[31m=[32m"p-2.5 rounded-2xl bg-brand/10 text-brand"[31m
                [36m>[31m
                  [36m<svg[31m
                    [33maria-hidden[31m=[32m"true"[31m
                    [33mclass[31m=[32m"lucide lucide-bell h-5 w-5"[31m
                    [33mfill[31m=[32m"none"[31m
                    [33mheight[31m=[32m"24"[31m
                    [33mstroke[31m=[32m"currentColor"[31m
                    [33mstroke-linecap[31m=[32m"round"[31m
                    [33mstroke-linejoin[31m=[32m"round"[31m
                    [33mstroke-width[31m=[32m"2"[31m
                    [33mviewBox[31m=[32m"0 0 24 24"[31m
                    [33mwidth[31m=[32m"24"[31m
                    [33mxmlns[31m=[32m"http://www.w3.org/2000/svg"[31m
                  [36m>[31m
                    [36m<path[31m
                      [33md[31m=[32m"M10.268 21a2 2 0 0 0 3.464 0"[31m
                    [36m/>[31m
                    [36m<path[31m
                      [33md[31m=[32m"M3.262 15.326A1 1 0 0 0 4 17h16a1 1 0 0 0 .74-1.673C19.41 13.956 18 12.499 18 8A6 6 0 0 0 6 8c0 4.499-1.411 5.956-2.738 7.326"[31m
                    [36m/>[31m
                  [36m</svg>[31m
                [36m</div>[31m
                [36m<h3[31m
                  [33mclass[31m=[32m"text-lg font-black tracking-tight text-primary-text sf-pro"[31m
                [36m>[31m
                  [0msystem:installPrompt.notificationsTitle[0m
                [36m</h3>[31m
              [36m</div>[31m
              [36m<button[31m
                [33mclass[31m=[32m"p-1.5 rounded-xl hover:bg-surface-hover/30 text-secondary-text transition-colors"[31m
              [36m>[31m
                [36m<svg[31m
                  [33maria-hidden[31m=[32m"true"[31m
                  [33mclass[31m=[32m"lucide lucide-x h-5 w-5"[31m
                  [33mfill[31m=[32m"none"[31m
                  [33mheight[31m=[32m"24"[31m
                  [33mstroke[31m=[32m"currentColor"[31m
                  [33mstroke-linecap[31m=[32m"round"[31m
                  [33mstroke-linejoin[31m=[32m"round"[31m
                  [33mstroke-width[31m=[32m"2"[31m
                  [33mviewBox[31m=[32m"0 0 24 24"[31m
                  [33mwidth[31m=[32m"24"[31m
                  [33mxmlns[31m=[32m"http://www.w3.org/2000/svg"[31m
                [36m>[31m
                  [36m<path[31m
                    [33md[31m=[32m"M18 6 6 18"[31m
                  [36m/>[31m
                  [36m<path[31m
                    [33md[31m=[32m"m6 6 12 12"[31m
                  [36m/>[31m
                [36m</svg>[31m
              [36m</button>[31m
            [36m</div>[31m
            [36m<p[31m
              [33mclass[31m=[32m"text-sm font-medium text-secondary-text leading-relaxed opacity-80"[31m
            [36m>[31m
              [0msystem:installPrompt.manageNotifications[0m
            [36m</p>[31m
            [36m<div[31m
              [33mclass[31m=[32m"space-y-4"[31m
            [36m>[31m
              [36m<p[31m
                [33mclass[31m=[32m"text-xs font-bold text-secondary-text opacity-60 leading-relaxed px-1"[31m
              [36m>[31m
                [0msystem:installPrompt.defaultPermissionDescription[0m
              [36m</p>[31m
              [36m<div[31m
                [33mclass[31m=[32m"flex items-center gap-3"[31m
              [36m>[31m
                [36m<button[31m
                  [33mclass[31m=[32m"group/button relative inline-flex items-center justify-center gap-2 overflow-hidden rounded-ue-lg tracking-tight transition-premium focus-visible:outline-none focus-visible:shadow-focus no-underline hover:no-underline focus-visible:no-underline motion-reduce:transition-shadow min-h-10 py-2 text-sm bg-gradient-brand text-inverse-text ring-brand/20 transition-all duration-500 hover:shadow-premium-lift hover:scale-[1.02] hover:opacity-95 active:scale-95 motion-reduce:hover:translate-y-0 motion-reduce:hover:scale-100 motion-reduce:active:translate-y-0 motion-reduce:active:scale-100 disabled:bg-slate-200 disabled:text-slate-400 dark:disabled:bg-slate-800 dark:disabled:text-slate-600 w-auto rounded-xl font-black h-10 px-6 shadow-lg shadow-brand/20"[31m
                [36m>[31m
                  [36m<span[31m
                    [33mclass[31m=[32m"relative"[31m
                  [36m>[31m
                    [0msystem:installPrompt.allow[0m
                  [36m</span>[31m
                [36m</button>[31m
                [36m<span[31m
                  [33mclass[31m=[32m"text-[11px] font-bold text-secondary-text uppercase tracking-wider opacity-60"[31m
                [36m>[31m
                  [0msystem:installPrompt.status[0m
                [36m</span>[31m
              [36m</div>[31m
            [36m</div>[31m
          [36m</div>[31m
        [36m</div>[31m
      [36m</div>[31m
    [36m</div>[31m
  [36m</div>[31m
[36m</body>[31m

Ignored nodes: comments, script, style
[36m<body>[31m
  [36m<div>[31m
    [36m<div[31m
      [33mclass[31m=[32m"fixed bottom-24 right-4 left-4 sm:left-auto sm:right-6 z-4000 w-auto max-w-sm"[31m
      [33mstyle[31m=[32m"opacity: 1; transform: none;"[31m
    [36m>[31m
      [36m<div[31m
        [33mclass[31m=[32m"bg-surface/90 backdrop-blur-2xl rounded-3xl border border-glass-border shadow-2xl overflow-hidden ring-1 ring-black/5 p-6"[31m
      [36m>[31m
        [36m<div[31m
          [33mclass[31m=[32m"flex flex-col gap-6"[31m
        [36m>[31m
          [36m<div[31m
            [33mclass[31m=[32m"space-y-4"[31m
          [36m>[31m
            [36m<div[31m
              [33mclass[31m=[32m"flex items-start justify-between gap-4"[31m
            [36m>[31m
              [36m<div[31m
                [33mclass[31m=[32m"flex items-center gap-3"[31m
              [36m>[31m
                [36m<div[31m
                  [33mclass[31m=[32m"p-2.5 rounded-2xl bg-brand/10 text-brand"[31m
                [36m>[31m
                  [36m<svg[31m
                    [33maria-hidden[31m=[32m"true"[31m
                    [33mclass[31m=[32m"lucide lucide-download h-5 w-5"[31m
                    [33mfill[31m=[32m"none"[31m
                    [33mheight[31m=[32m"24"[31m
                    [33mstroke[31m=[32m"currentColor"[31m
                    [33mstroke-linecap[31m=[32m"round"[31m
                    [33mstroke-linejoin[31m=[32m"round"[31m
                    [33mstroke-width[31m=[32m"2"[31m
                    [33mviewBox[31m=[32m"0 0 24 24"[31m
                    [33mwidth[31m=[32m"24"[31m
                    [33mxmlns[31m=[32m"http://www.w3.org/2000/svg"[31m
                  [36m>[31m
                    [36m<path[31m
                      [33md[31m=[32m"M12 15V3"[31m
                    [36m/>[31m
                    [36m<path[31m
                      [33md[31m=[32m"M21 15v4a2 2 0 0 1-2 2H5a2 2 0 0 1-2-2v-4"[31m
                    [36m/>[31m
                    [36m<path[31m
                      [33md[31m=[32m"m7 10 5 5 5-5"[31m
                    [36m/>[31m
                  [36m</svg>[31m
                [36m</div>[31m
                [36m<h3[31m
                  [33mclass[31m=[32m"text-lg font-black tracking-tight text-primary-text sf-pro"[31m
                [36m>[31m
                  [0msystem:installPrompt.installTitle navigation:brandName[0m
                [36m</h3>[31m
              [36m</div>[31m
              [36m<button[31m
                [33mclass[31m=[32m"p-1.5 rounded-xl hover:bg-surface-hover/30 text-secondary-text transition-colors"[31m
              [36m>[31m
                [36m<svg[31m
                  [33maria-hidden[31m=[32m"true"[31m
                  [33mclass[31m=[32m"lucide lucide-x h-5 w-5"[31m
                  [33mfill[31m=[32m"none"[31m
                  [33mheight[31m=[32m"24"[31m
                  [33mstroke[31m=[32m"currentColor"[31m
                  [33mstroke-linecap[31m=[32m"round"[31m
                  [33mstroke-linejoin[31m=[32m"round"[31m
                  [33mstroke-width[31m=[32m"2"[31m
                  [33mviewBox[31m=[32m"0 0 24 24"[31m
                  [33mwidth[31m=[32m"24"[31m
                  [33mxmlns[31m=[32m"http://www.w3.org/2000/svg"[31m
                [36m>[31m
                  [36m<path[31m
                    [33md[31m=[32m"M18 6 6 18"[31m
                  [36m/>[31m
                  [36m<path[31m
                    [33md[31m=[32m"m6 6 12 12"[31m
                  [36m/>[31m
                [36m</svg>[31m
              [36m</button>[31m
            [36m</div>[31m
            [36m<p[31m
              [33mclass[31m=[32m"text-sm font-medium text-secondary-text leading-relaxed opacity-80"[31m
            [36m>[31m
              [0msystem:installPrompt.description[0m
            [36m</p>[31m
            [36m<div[31m
              [33mclass[31m=[32m"flex gap-2 pt-2"[31m
            [36m>[31m
              [36m<button[31m
                [33mclass[31m=[32m"group/button relative inline-flex items-center justify-center gap-2 overflow-hidden rounded-ue-lg tracking-tight transition-premium focus-visible:outline-none focus-visible:shadow-focus no-underline hover:no-underline focus-visible:no-underline motion-reduce:transition-shadow min-h-12 px-5 py-2.5 text-base bg-gradient-brand text-inverse-text ring-brand/20 transition-all duration-500 hover:shadow-premium-lift hover:scale-[1.02] hover:opacity-95 active:scale-95 motion-reduce:hover:translate-y-0 motion-reduce:hover:scale-100 motion-reduce:active:translate-y-0 motion-reduce:active:scale-100 disabled:bg-slate-200 disabled:text-slate-400 dark:disabled:bg-slate-800 dark:disabled:text-slate-600 w-auto flex-1 h-12 rounded-2xl font-black shadow-lg shadow-brand/20"[31m
              [36m>[31m
                [36m<span[31m
                  [33mclass[31m=[32m"relative"[31m
                [36m>[31m
                  [0msystem:installPrompt.install[0m
                [36m</span>[31m
              [36m</button>[31m
              [36m<button[31m
                [33mclass[31m=[32m"group/button relative inline-flex items-center justify-center gap-2 overflow-hidden rounded-ue-lg tracking-tight transition-premium focus-visible:outline-none focus-visible:shadow-focus no-underline hover:no-underline focus-visible:no-underline motion-reduce:transition-shadow motion-reduce:hover:translate-y-0 motion-reduce:active:translate-y-0 min-h-12 py-2.5 text-base w-auto h-12 rounded-2xl font-black px-6"[31m
              [36m>[31m
                [36m<span[31m
                  [33mclass[31m=[32m"relative"[31m
                [36m>[31m
                  [0msystem:installPrompt.later[0m
                [36m</span>[31m
              [36m</button>[31m
            [36m</div>[31m
          [36m</div>[31m
          [36m<div[31m
            [33mclass[31m=[32m"h-px bg-glass-border/10"[31m
          [36m/>[31m
          [36m<div[31m
            [33mclass[31m=[32m"space-y-4"[31m
          [36m>[31m
            [36m<div[31m
              [33mclass[31m=[32m"flex items-start justify-between gap-4"[31m
            [36m>[31m
              [36m<div[31m
                [33mclass[31m=[32m"flex items-center gap-3"[31m
              [36m>[31m
                [36m<div[31m
                  [33mclass[31m=[32m"p-2.5 rounded-2xl bg-brand/10 text-brand"[31m
                [36m>[31m
                  [36m<svg[31m
                    [33maria-hidden[31m=[32m"true"[31m
                    [33mclass[31m=[32m"lucide lucide-bell h-5 w-5"[31m
                    [33mfill[31m=[32m"none"[31m
                    [33mheight[31m=[32m"24"[31m
                    [33mstroke[31m=[32m"currentColor"[31m
                    [33mstroke-linecap[31m=[32m"round"[31m
                    [33mstroke-linejoin[31m=[32m"round"[31m
                    [33mstroke-width[31m=[32m"2"[31m
                    [33mviewBox[31m=[32m"0 0 24 24"[31m
                    [33mwidth[31m=[32m"24"[31m
                    [33mxmlns[31m=[32m"http://www.w3.org/2000/svg"[31m
                  [36m>[31m
                    [36m<path[31m
                      [33md[31m=[32m"M10.268 21a2 2 0 0 0 3.464 0"[31m
                    [36m/>[31m
                    [36m<path[31m
                      [33md[31m=[32m"M3.262 15.326A1 1 0 0 0 4 17h16a1 1 0 0 0 .74-1.673C19.41 13.956 18 12.499 18 8A6 6 0 0 0 6 8c0 4.499-1.411 5.956-2.738 7.326"[31m
                    [36m/>[31m
                  [36m</svg>[31m
                [36m</div>[31m
                [36m<h3[31m
                  [33mclass[31m=[32m"text-lg font-black tracking-tight text-primary-text sf-pro"[31m
                [36m>[31m
                  [0msystem:installPrompt.notificationsTitle[0m
                [36m</h3>[31m
              [36m</div>[31m
              [36m<button[31m
                [33mclass[31m=[32m"p-1.5 rounded-xl hover:bg-surface-hover/30 text-secondary-text transition-colors"[31m
              [36m>[31m
                [36m<svg[31m
                  [33maria-hidden[31m=[32m"true"[31m
                  [33mclass[31m=[32m"lucide lucide-x h-5 w-5"[31m
                  [33mfill[31m=[32m"none"[31m
                  [33mheight[31m=[32m"24"[31m
                  [33mstroke[31m=[32m"currentColor"[31m
                  [33mstroke-linecap[31m=[32m"round"[31m
                  [33mstroke-linejoin[31m=[32m"round"[31m
                  [33mstroke-width[31m=[32m"2"[31m
                  [33mviewBox[31m=[32m"0 0 24 24"[31m
                  [33mwidth[31m=[32m"24"[31m
                  [33mxmlns[31m=[32m"http://www.w3.org/2000/svg"[31m
                [36m>[31m
                  [36m<path[31m
                    [33md[31m=[32m"M18 6 6 18"[31m
                  [36m/>[31m
                  [36m<path[31m
                    [33md[31m=[32m"m6 6 12 12"[31m
                  [36m/>[31m
                [36m</svg>[31m
              [36m</button>[31m
            [36m</div>[31m
            [36m<p[31m
              [33mclass[31m=[32m"text-sm font-medium text-secondary-text leading-relaxed opacity-80"[31m
            [36m>[31m
              [0msystem:installPrompt.manageNotifications[0m
            [36m</p>[31m
            [36m<div[31m
              [33mclass[31m=[32m"space-y-4"[31m
            [36m>[31m
              [36m<p[31m
                [33mclass[31m=[32m"text-xs font-bold text-secondary-text opacity-60 leading-relaxed px-1"[31m
              [36m>[31m
                [0msystem:installPrompt.defaultPermissionDescription[0m
              [36m</p>[31m
              [36m<div[31m
                [33mclass[31m=[32m"flex items-center gap-3"[31m
              [36m>[31m
                [36m<button[31m
                  [33mclass[31m=[32m"group/button relative inline-flex items-center justify-center gap-2 overflow-hidden rounded-ue-lg tracking-tight transition-premium focus-visible:outline-none focus-visible:shadow-focus no-underline hover:no-underline focus-visible:no-underline motion-reduce:transition-shadow min-h-10 py-2 text-sm bg-gradient-brand text-inverse-text ring-brand/20 transition-all duration-500 hover:shadow-premium-lift hover:scale-[1.02] hover:opacity-95 active:scale-95 motion-reduce:hover:translate-y-0 motion-reduce:hover:scale-100 motion-reduce:active:translate-y-0 motion-reduce:active:scale-100 disabled:bg-slate-200 disabled:text-slate-400 dark:disabled:bg-slate-800 dark:disabled:text-slate-600 w-auto rounded-xl font-black h-10 px-6 shadow-lg shadow-brand/20"[31m
                [36m>[31m
                  [36m<span[31m
                    [33mclass[31m=[32m"relative"[31m
                  [36m>[31m
                    [0msystem:installPrompt.allow[0m
                  [36m</span>[31m
                [36m</button>[31m
                [36m<span[31m
                  [33mclass[31m=[32m"text-[11px] font-bold text-secondary-text uppercase tracking-wider opacity-60"[31m
                [36m>[31m
                  [0msystem:installPrompt.status[0m
                [36m</span>[31m
              [36m</div>[31m
            [36m</div>[31m
          [36m</div>[31m
        [36m</div>[31m
      [36m</div>[31m
    [36m</div>[31m
  [36m</div>[31m
[36m</body>[31m[39m
[31m   [31m├Ч[31m InstallPrompt[2m > [22mapplies the install dismissal TTL independently of push education[39m[32m 13[2mms[22m[39m
[31m     тЖТ Unable to find a label with the text of: system:installPrompt.closeOffer

Ignored nodes: comments, script, style
[36m<body>[31m
  [36m<div>[31m
    [36m<div[31m
      [33mclass[31m=[32m"fixed bottom-24 right-4 left-4 sm:left-auto sm:right-6 z-4000 w-auto max-w-sm"[31m
      [33mstyle[31m=[32m"opacity: 0; transform: translateY(50px) scale(0.95);"[31m
    [36m>[31m
      [36m<div[31m
        [33mclass[31m=[32m"bg-surface/90 backdrop-blur-2xl rounded-3xl border border-glass-border shadow-2xl overflow-hidden ring-1 ring-black/5 p-6"[31m
      [36m>[31m
        [36m<div[31m
          [33mclass[31m=[32m"flex flex-col gap-6"[31m
        [36m>[31m
          [36m<div[31m
            [33mclass[31m=[32m"space-y-4"[31m
          [36m>[31m
            [36m<div[31m
              [33mclass[31m=[32m"flex items-start justify-between gap-4"[31m
            [36m>[31m
              [36m<div[31m
                [33mclass[31m=[32m"flex items-center gap-3"[31m
              [36m>[31m
                [36m<div[31m
                  [33mclass[31m=[32m"p-2.5 rounded-2xl bg-brand/10 text-brand"[31m
                [36m>[31m
                  [36m<svg[31m
                    [33maria-hidden[31m=[32m"true"[31m
                    [33mclass[31m=[32m"lucide lucide-download h-5 w-5"[31m
                    [33mfill[31m=[32m"none"[31m
                    [33mheight[31m=[32m"24"[31m
                    [33mstroke[31m=[32m"currentColor"[31m
                    [33mstroke-linecap[31m=[32m"round"[31m
                    [33mstroke-linejoin[31m=[32m"round"[31m
                    [33mstroke-width[31m=[32m"2"[31m
                    [33mviewBox[31m=[32m"0 0 24 24"[31m
                    [33mwidth[31m=[32m"24"[31m
                    [33mxmlns[31m=[32m"http://www.w3.org/2000/svg"[31m
                  [36m>[31m
                    [36m<path[31m
                      [33md[31m=[32m"M12 15V3"[31m
                    [36m/>[31m
                    [36m<path[31m
                      [33md[31m=[32m"M21 15v4a2 2 0 0 1-2 2H5a2 2 0 0 1-2-2v-4"[31m
                    [36m/>[31m
                    [36m<path[31m
                      [33md[31m=[32m"m7 10 5 5 5-5"[31m
                    [36m/>[31m
                  [36m</svg>[31m
                [36m</div>[31m
                [36m<h3[31m
                  [33mclass[31m=[32m"text-lg font-black tracking-tight text-primary-text sf-pro"[31m
                [36m>[31m
                  [0msystem:installPrompt.installTitle navigation:brandName[0m
                [36m</h3>[31m
              [36m</div>[31m
              [36m<button[31m
                [33mclass[31m=[32m"p-1.5 rounded-xl hover:bg-surface-hover/30 text-secondary-text transition-colors"[31m
              [36m>[31m
                [36m<svg[31m
                  [33maria-hidden[31m=[32m"true"[31m
                  [33mclass[31m=[32m"lucide lucide-x h-5 w-5"[31m
                  [33mfill[31m=[32m"none"[31m
                  [33mheight[31m=[32m"24"[31m
                  [33mstroke[31m=[32m"currentColor"[31m
                  [33mstroke-linecap[31m=[32m"round"[31m
                  [33mstroke-linejoin[31m=[32m"round"[31m
                  [33mstroke-width[31m=[32m"2"[31m
                  [33mviewBox[31m=[32m"0 0 24 24"[31m
                  [33mwidth[31m=[32m"24"[31m
                  [33mxmlns[31m=[32m"http://www.w3.org/2000/svg"[31m
                [36m>[31m
                  [36m<path[31m
                    [33md[31m=[32m"M18 6 6 18"[31m
                  [36m/>[31m
                  [36m<path[31m
                    [33md[31m=[32m"m6 6 12 12"[31m
                  [36m/>[31m
                [36m</svg>[31m
              [36m</button>[31m
            [36m</div>[31m
            [36m<p[31m
              [33mclass[31m=[32m"text-sm font-medium text-secondary-text leading-relaxed opacity-80"[31m
            [36m>[31m
              [0msystem:installPrompt.description[0m
            [36m</p>[31m
            [36m<div[31m
              [33mclass[31m=[32m"flex gap-2 pt-2"[31m
            [36m>[31m
              [36m<button[31m
                [33mclass[31m=[32m"group/button relative inline-flex items-center justify-center gap-2 overflow-hidden rounded-ue-lg tracking-tight transition-premium focus-visible:outline-none focus-visible:shadow-focus no-underline hover:no-underline focus-visible:no-underline motion-reduce:transition-shadow min-h-12 px-5 py-2.5 text-base bg-gradient-brand text-inverse-text ring-brand/20 transition-all duration-500 hover:shadow-premium-lift hover:scale-[1.02] hover:opacity-95 active:scale-95 motion-reduce:hover:translate-y-0 motion-reduce:hover:scale-100 motion-reduce:active:translate-y-0 motion-reduce:active:scale-100 disabled:bg-slate-200 disabled:text-slate-400 dark:disabled:bg-slate-800 dark:disabled:text-slate-600 w-auto flex-1 h-12 rounded-2xl font-black shadow-lg shadow-brand/20"[31m
              [36m>[31m
                [36m<span[31m
                  [33mclass[31m=[32m"relative"[31m
                [36m>[31m
                  [0msystem:installPrompt.install[0m
                [36m</span>[31m
              [36m</button>[31m
              [36m<button[31m
                [33mclass[31m=[32m"group/button relative inline-flex items-center justify-center gap-2 overflow-hidden rounded-ue-lg tracking-tight transition-premium focus-visible:outline-none focus-visible:shadow-focus no-underline hover:no-underline focus-visible:no-underline motion-reduce:transition-shadow motion-reduce:hover:translate-y-0 motion-reduce:active:translate-y-0 min-h-12 py-2.5 text-base w-auto h-12 rounded-2xl font-black px-6"[31m
              [36m>[31m
                [36m<span[31m
                  [33mclass[31m=[32m"relative"[31m
                [36m>[31m
                  [0msystem:installPrompt.later[0m
                [36m</span>[31m
              [36m</button>[31m
            [36m</div>[31m
          [36m</div>[31m
          [36m<div[31m
            [33mclass[31m=[32m"h-px bg-glass-border/10"[31m
          [36m/>[31m
          [36m<div[31m
            [33mclass[31m=[32m"space-y-4"[31m
          [36m>[31m
            [36m<div[31m
              [33mclass[31m=[32m"flex items-start justify-between gap-4"[31m
            [36m>[31m
              [36m<div[31m
                [33mclass[31m=[32m"flex items-center gap-3"[31m
              [36m>[31m
                [36m<div[31m
                  [33mclass[31m=[32m"p-2.5 rounded-2xl bg-brand/10 text-brand"[31m
                [36m>[31m
                  [36m<svg[31m
                    [33maria-hidden[31m=[32m"true"[31m
                    [33mclass[31m=[32m"lucide lucide-bell h-5 w-5"[31m
                    [33mfill[31m=[32m"none"[31m
                    [33mheight[31m=[32m"24"[31m
                    [33mstroke[31m=[32m"currentColor"[31m
                    [33mstroke-linecap[31m=[32m"round"[31m
                    [33mstroke-linejoin[31m=[32m"round"[31m
                    [33mstroke-width[31m=[32m"2"[31m
                    [33mviewBox[31m=[32m"0 0 24 24"[31m
                    [33mwidth[31m=[32m"24"[31m
                    [33mxmlns[31m=[32m"http://www.w3.org/2000/svg"[31m
                  [36m>[31m
                    [36m<path[31m
                      [33md[31m=[32m"M10.268 21a2 2 0 0 0 3.464 0"[31m
                    [36m/>[31m
                    [36m<path[31m
                      [33md[31m=[32m"M3.262 15.326A1 1 0 0 0 4 17h16a1 1 0 0 0 .74-1.673C19.41 13.956 18 12.499 18 8A6 6 0 0 0 6 8c0 4.499-1.411 5.956-2.738 7.326"[31m
                    [36m/>[31m
                  [36m</svg>[31m
                [36m</div>[31m
                [36m<h3[31m
                  [33mclass[31m=[32m"text-lg font-black tracking-tight text-primary-text sf-pro"[31m
                [36m>[31m
                  [0msystem:installPrompt.notificationsTitle[0m
                [36m</h3>[31m
              [36m</div>[31m
              [36m<button[31m
                [33mclass[31m=[32m"p-1.5 rounded-xl hover:bg-surface-hover/30 text-secondary-text transition-colors"[31m
              [36m>[31m
                [36m<svg[31m
                  [33maria-hidden[31m=[32m"true"[31m
                  [33mclass[31m=[32m"lucide lucide-x h-5 w-5"[31m
                  [33mfill[31m=[32m"none"[31m
                  [33mheight[31m=[32m"24"[31m
                  [33mstroke[31m=[32m"currentColor"[31m
                  [33mstroke-linecap[31m=[32m"round"[31m
                  [33mstroke-linejoin[31m=[32m"round"[31m
                  [33mstroke-width[31m=[32m"2"[31m
                  [33mviewBox[31m=[32m"0 0 24 24"[31m
                  [33mwidth[31m=[32m"24"[31m
                  [33mxmlns[31m=[32m"http://www.w3.org/2000/svg"[31m
                [36m>[31m
                  [36m<path[31m
                    [33md[31m=[32m"M18 6 6 18"[31m
                  [36m/>[31m
                  [36m<path[31m
                    [33md[31m=[32m"m6 6 12 12"[31m
                  [36m/>[31m
                [36m</svg>[31m
              [36m</button>[31m
            [36m</div>[31m
            [36m<p[31m
              [33mclass[31m=[32m"text-sm font-medium text-secondary-text leading-relaxed opacity-80"[31m
            [36m>[31m
              [0msystem:installPrompt.manageNotifications[0m
            [36m</p>[31m
            [36m<div[31m
              [33mclass[31m=[32m"space-y-4"[31m
            [36m>[31m
              [36m<p[31m
                [33mclass[31m=[32m"text-xs font-bold text-secondary-text opacity-60 leading-relaxed px-1"[31m
              [36m>[31m
                [0msystem:installPrompt.defaultPermissionDescription[0m
              [36m</p>[31m
              [36m<div[31m
                [33mclass[31m=[32m"flex items-center gap-3"[31m
              [36m>[31m
                [36m<button[31m
                  [33mclass[31m=[32m"group/button relative inline-flex items-center justify-center gap-2 overflow-hidden rounded-ue-lg tracking-tight transition-premium focus-visible:outline-none focus-visible:shadow-focus no-underline hover:no-underline focus-visible:no-underline motion-reduce:transition-shadow min-h-10 py-2 text-sm bg-gradient-brand text-inverse-text ring-brand/20 transition-all duration-500 hover:shadow-premium-lift hover:scale-[1.02] hover:opacity-95 active:scale-95 motion-reduce:hover:translate-y-0 motion-reduce:hover:scale-100 motion-reduce:active:translate-y-0 motion-reduce:active:scale-100 disabled:bg-slate-200 disabled:text-slate-400 dark:disabled:bg-slate-800 dark:disabled:text-slate-600 w-auto rounded-xl font-black h-10 px-6 shadow-lg shadow-brand/20"[31m
                [36m>[31m
                  [36m<span[31m
                    [33mclass[31m=[32m"relative"[31m
                  [36m>[31m
                    [0msystem:installPrompt.allow[0m
                  [36m</span>[31m
                [36m</button>[31m
                [36m<span[31m
                  [33mclass[31m=[32m"text-[11px] font-bold text-secondary-text uppercase tracking-wider opacity-60"[31m
                [36m>[31m
                  [0msystem:installPrompt.status[0m
                [36m</span>[31m
              [36m</div>[31m
            [36m</div>[31m
          [36m</div>[31m
        [36m</div>[31m
      [36m</div>[31m
    [36m</div>[31m
  [36m</div>[31m
[36m</body>[31m[39m
[90mstdout[2m | src/pages/__tests__/AdminUsers.test.tsx[2m > [22m[2mAdminUsers page[2m > [22m[2mfilters users by name
[22m[39m[SmartImage] status=fallback src=/fallbacks/placeholder.png
[SmartImage] status=fallback src=/fallbacks/placeholder.png
[SmartImage] status=fallback src=/fallbacks/placeholder.png
[SmartImage] status=fallback src=/fallbacks/placeholder.png

 [31mтЭп[39m src/pages/__tests__/News.create.test.tsx [2m([22m[2m1 test[22m[2m | [22m[31m1 failed[39m[2m)[22m[33m 1225[2mms[22m[39m
[31m   [31m├Ч[31m News creation dialog[2m > [22mkeeps the dialog open and surfaces errors when creation fails[39m[33m 1223[2mms[22m[39m
[31m     тЖТ Unable to find role="dialog"

Ignored nodes: comments, script, style
[36m<body[31m
  [33mstyle[31m=[32m"overflow: hidden;"[31m
[36m>[31m
  [36m<div>[31m
    [36m<main[31m
      [33mclass[31m=[32m"box-border min-h-screen w-full bg-[var(--page-bg)] text-[var(--page-foreground)]"[31m
      [33mid[31m=[32m"main"[31m
      [33mrole[31m=[32m"main"[31m
      [33mstyle[31m=[32m"opacity: 1;"[31m
      [33mtabindex[31m=[32m"-1"[31m
    [36m>[31m
      [36m<div[31m
        [33mclass[31m=[32m"page-fade relative min-h-full"[31m
        [33mdata-page-fade[31m=[32m"true"[31m
        [33mdata-ready[31m=[32m"true"[31m
        [33mstyle[31m=[32m"--page-fade-delay: 80ms;"[31m
      [36m>[31m
        [36m<div[31m
          [33mclass[31m=[32m"w-full min-h-screen bg-transparent text-primary-text py-8 sm:py-10"[31m
        [36m>[31m
          [36m<div[31m
            [33mclass[31m=[32m"px-4"[31m
          [36m>[31m
            [36m<div[31m
              [33mclass[31m=[32m"mb-8 flex flex-wrap items-center gap-4 sm:gap-5"[31m
              [33mdata-fade[31m=[32m"true"[31m
              [33mstyle[31m=[32m"--fade-delay: 80ms;"[31m
            [36m>[31m
              [36m<div[31m
                [33mclass[31m=[32m"flex h-12 w-12 items-center justify-center rounded-full bg-surface/40 border border-glass-border text-brand shadow-glass transition-transform duration-200 hover:scale-105 backdrop-blur-md"[31m
              [36m>[31m
                [36m<svg[31m
                  [33maria-hidden[31m=[32m"true"[31m
                  [33mclass[31m=[32m"lucide lucide-newspaper h-7 w-7"[31m
                  [33mfill[31m=[32m"none"[31m
                  [33mheight[31m=[32m"24"[31m
                  [33mstroke[31m=[32m"currentColor"[31m
                  [33mstroke-linecap[31m=[32m"round"[31m
                  [33mstroke-linejoin[31m=[32m"round"[31m
                  [33mstroke-width[31m=[32m"2"[31m
                  [33mviewBox[31m=[32m"0 0 24 24"[31m
                  [33mwidth[31m=[32m"24"[31m
                  [33mxmlns[31m=[32m"http://www.w3.org/2000/svg"[31m
                [36m>[31m
                  [36m<path[31m
                    [33md[31m=[32m"M15 18h-5"[31m
                  [36m/>[31m
                  [36m<path[31m
                    [33md[31m=[32m"M18 14h-8"[31m
                  [36m/>[31m
                  [36m<path[31m
                    [33md[31m=[32m"M4 22h16a2 2 0 0 0 2-2V4a2 2 0 0 0-2-2H8a2 2 0 0 0-2 2v16a2 2 0 0 1-4 0v-9a2 2 0 0 1 2-2h2"[31m
                  [36m/>[31m
                  [36m<rect[31m
                    [33mheight[31m=[32m"4"[31m
                    [33mrx[31m=[32m"1"[31m
                    [33mwidth[31m=[32m"8"[31m
                    [33mx[31m=[32m"10"[31m
                    [33my[31m=[32m"6"[31m
                  [36m/>[31m
                [36m</svg>[31m
              [36m</div>[31m
              [36m<h1[31m
                [33mclass[31m=[32m"text-[clamp(1.6rem,5vw,2.75rem)] font-bold tracking-tight text-primary-text"[31m
              [36m>[31m
                [0mUniversity news[0m
              [36m</h1>[31m
            [36m</div>[31m
            [36m<div[31m
              [33mclass[31m=[32m"mb-6 flex justify-start"[31m
              [33mdata-fade[31m=[32m"true"[31m
              [33mstyle[31m=[32m"--fade-delay: 140ms;"[31m
            [36m>[31m
              [36m<button[31m
                [33mclass[31m=[32m"group/button relative inline-flex items-center justify-center gap-2 overflow-hidden rounded-ue-lg font-bold tracking-tight transition-premium focus-visible:outline-none focus-visible:shadow-focus no-underline hover:no-underline focus-visible:no-underline motion-reduce:transition-shadow min-h-14 py-3 bg-gradient-brand text-inverse-text shadow-surface ring-brand/20 transition-all duration-500 hover:shadow-premium-lift hover:scale-[1.02] hover:opacity-95 active:scale-95 motion-reduce:hover:translate-y-0 motion-reduce:hover:scale-100 motion-reduce:active:translate-y-0 motion-reduce:active:scale-100 disabled:bg-slate-200 disabled:text-slate-400 dark:disabled:bg-slate-800 dark:disabled:text-slate-600 w-auto px-6 text-[clamp(1rem,2.2vw,1.1rem)]"[31m
              [36m>[31m
                [36m<span[31m
                  [33mclass[31m=[32m"relative"[31m
                [36m>[31m
                  [0m+ Add news[0m
                [36m</span>[31m
              [36m</button>[31m
            [36m</div>[31m
            [36m<div[31m
              [33mclass[31m=[32m"grid gap-6 grid-cols-1 sm:grid-cols-2 lg:grid-cols-3"[31m
              [33mdata-fade[31m=[32m"true"[31m
              [33mstyle[31m=[32m"--fade-delay: 200ms;"[31m
            [36m>[31m
              [36m<div[31m
                [33mclass[31m=[32m"col-span-full mt-12 flex w-full justify-center"[31m
              [36m>[31m
                [36m<div[31m
                  [33mclass[31m=[32m"flex w-full max-w-md flex-col items-center gap-5 rounded-3xl border border-glass-border/30 bg-surface/40 px-8 py-14 text-center shadow-glass backdrop-blur-md"[31m
                [36m>[31m
                  [36m<div[31m
                    [33mclass[31m=[32m"flex h-16 w-16 items-center justify-center rounded-full bg-brand/10 border border-brand/20 shadow-brand/10 shadow-lg"[31m
                  [36m>[31m
                    [36m<svg[31m
                      [33maria-hidden[31m=[32m"true"[31m
                      [33mclass[31m=[32m"lucide lucide-newspaper h-8 w-8 text-brand"[31m
                      [33mfill[31m=[32m"none"[31m
                      [33mheight[31m=[32m"24"[31m
                      [33mstroke[31m=[32m"currentColor"[31m
                      [33mstroke-linecap[31m=[32m"round"[31m
                      [33mstroke-linejoin[31m=[32m"round"[31m
                      [33mstroke-width[31m=[32m"2"[31m
                      [33mviewBox[31m=[32m"0 0 24 24"[31m
                      [33mwidth[31m=[32m"24"[31m
                      [33mxmlns[31m=[32m"http://www.w3.org/2000/svg"[31m
                    [36m>[31m
                      [36m<path[31m
                        [33md[31m=[32m"M15 18h-5"[31m
                      [36m/>[31m
                      [36m<path[31m
                        [33md[31m=[32m"M18 14h-8"[31m
                      [36m/>[31m
                      [36m<path[31m
                        [33md[31m=[32m"M4 22h16a2 2 0 0 0 2-2V4a2 2 0 0 0-2-2H8a2 2 0 0 0-2 2v16a2 2 0 0 1-4 0v-9a2 2 0 0 1 2-2h2"[31m
                      [36m/>[31m
                      [36m<rect[31m
                        [33mheight[31m=[32m"4"[31m
                        [33mrx[31m=[32m"1"[31m
                        [33mwidth[31m=[32m"8"[31m
                        [33mx[31m=[32m"10"[31m
                        [33my[39...

Ignored nodes: comments, script, style
[36m<body[31m
  [33mstyle[31m=[32m"overflow: hidden;"[31m
[36m>[31m
  [36m<div>[31m
    [36m<main[31m
      [33mclass[31m=[32m"box-border min-h-screen w-full bg-[var(--page-bg)] text-[var(--page-foreground)]"[31m
      [33mid[31m=[32m"main"[31m
      [33mrole[31m=[32m"main"[31m
      [33mstyle[31m=[32m"opacity: 1;"[31m
      [33mtabindex[31m=[32m"-1"[31m
    [36m>[31m
      [36m<div[31m
        [33mclass[31m=[32m"page-fade relative min-h-full"[31m
        [33mdata-page-fade[31m=[32m"true"[31m
        [33mdata-ready[31m=[32m"true"[31m
        [33mstyle[31m=[32m"--page-fade-delay: 80ms;"[31m
      [36m>[31m
        [36m<div[31m
          [33mclass[31m=[32m"w-full min-h-screen bg-transparent text-primary-text py-8 sm:py-10"[31m
        [36m>[31m
          [36m<div[31m
            [33mclass[31m=[32m"px-4"[31m
          [36m>[31m
            [36m<div[31m
              [33mclass[31m=[32m"mb-8 flex flex-wrap items-center gap-4 sm:gap-5"[31m
              [33mdata-fade[31m=[32m"true"[31m
              [33mstyle[31m=[32m"--fade-delay: 80ms;"[31m
            [36m>[31m
              [36m<div[31m
                [33mclass[31m=[32m"flex h-12 w-12 items-center justify-center rounded-full bg-surface/40 border border-glass-border text-brand shadow-glass transition-transform duration-200 hover:scale-105 backdrop-blur-md"[31m
              [36m>[31m
                [36m<svg[31m
                  [33maria-hidden[31m=[32m"true"[31m
                  [33mclass[31m=[32m"lucide lucide-newspaper h-7 w-7"[31m
                  [33mfill[31m=[32m"none"[31m
                  [33mheight[31m=[32m"24"[31m
                  [33mstroke[31m=[32m"currentColor"[31m
                  [33mstroke-linecap[31m=[32m"round"[31m
                  [33mstroke-linejoin[31m=[32m"round"[31m
                  [33mstroke-width[31m=[32m"2"[31m
                  [33mviewBox[31m=[32m"0 0 24 24"[31m
                  [33mwidth[31m=[32m"24"[31m
                  [33mxmlns[31m=[32m"http://www.w3.org/2000/svg"[31m
                [36m>[31m
                  [36m<path[31m
                    [33md[31m=[32m"M15 18h-5"[31m
                  [36m/>[31m
                  [36m<path[31m
                    [33md[31m=[32m"M18 14h-8"[31m
                  [36m/>[31m
                  [36m<path[31m
                    [33md[31m=[32m"M4 22h16a2 2 0 0 0 2-2V4a2 2 0 0 0-2-2H8a2 2 0 0 0-2 2v16a2 2 0 0 1-4 0v-9a2 2 0 0 1 2-2h2"[31m
                  [36m/>[31m
                  [36m<rect[31m
                    [33mheight[31m=[32m"4"[31m
                    [33mrx[31m=[32m"1"[31m
                    [33mwidth[31m=[32m"8"[31m
                    [33mx[31m=[32m"10"[31m
                    [33my[31m=[32m"6"[31m
                  [36m/>[31m
                [36m</svg>[31m
              [36m</div>[31m
              [36m<h1[31m
                [33mclass[31m=[32m"text-[clamp(1.6rem,5vw,2.75rem)] font-bold tracking-tight text-primary-text"[31m
              [36m>[31m
                [0mUniversity news[0m
              [36m</h1>[31m
            [36m</div>[31m
            [36m<div[31m
              [33mclass[31m=[32m"mb-6 flex justify-start"[31m
              [33mdata-fade[31m=[32m"true"[31m
              [33mstyle[31m=[32m"--fade-delay: 140ms;"[31m
            [36m>[31m
              [36m<button[31m
                [33mclass[31m=[32m"group/button relative inline-flex items-center justify-center gap-2 overflow-hidden rounded-ue-lg font-bold tracking-tight transition-premium focus-visible:outline-none focus-visible:shadow-focus no-underline hover:no-underline focus-visible:no-underline motion-reduce:transition-shadow min-h-14 py-3 bg-gradient-brand text-inverse-text shadow-surface ring-brand/20 transition-all duration-500 hover:shadow-premium-lift hover:scale-[1.02] hover:opacity-95 active:scale-95 motion-reduce:hover:translate-y-0 motion-reduce:hover:scale-100 motion-reduce:active:translate-y-0 motion-reduce:active:scale-100 disabled:bg-slate-200 disabled:text-slate-400 dark:disabled:bg-slate-800 dark:disabled:text-slate-600 w-auto px-6 text-[clamp(1rem,2.2vw,1.1rem)]"[31m
              [36m>[31m
                [36m<span[31m
                  [33mclass[31m=[32m"relative"[31m
                [36m>[31m
                  [0m+ Add news[0m
                [36m</span>[31m
              [36m</button>[31m
            [36m</div>[31m
            [36m<div[31m
              [33mclass[31m=[32m"grid gap-6 grid-cols-1 sm:grid-cols-2 lg:grid-cols-3"[31m
              [33mdata-fade[31m=[32m"true"[31m
              [33mstyle[31m=[32m"--fade-delay: 200ms;"[31m
            [36m>[31m
              [36m<div[31m
                [33mclass[31m=[32m"col-span-full mt-12 flex w-full justify-center"[31m
              [36m>[31m
                [36m<div[31m
                  [33mclass[31m=[32m"flex w-full max-w-md flex-col items-center gap-5 rounded-3xl border border-glass-border/30 bg-surface/40 px-8 py-14 text-center shadow-glass backdrop-blur-md"[31m
                [36m>[31m
                  [36m<div[31m
                    [33mclass[31m=[32m"flex h-16 w-16 items-center justify-center rounded-full bg-brand/10 border border-brand/20 shadow-brand/10 shadow-lg"[31m
                  [36m>[31m
                    [36m<svg[31m
                      [33maria-hidden[31m=[32m"true"[31m
                      [33mclass[31m=[32m"lucide lucide-newspaper h-8 w-8 text-brand"[31m
                      [33mfill[31m=[32m"none"[31m
                      [33mheight[31m=[32m"24"[31m
                      [33mstroke[31m=[32m"currentColor"[31m
                      [33mstroke-linecap[31m=[32m"round"[31m
                      [33mstroke-linejoin[31m=[32m"round"[31m
                      [33mstroke-width[31m=[32m"2"[31m
                      [33mviewBox[31m=[32m"0 0 24 24"[31m
                      [33mwidth[31m=[32m"24"[31m
                      [33mxmlns[31m=[32m"http://www.w3.org/2000/svg"[31m
                    [36m>[31m
                      [36m<path[31m
                        [33md[31m=[32m"M15 18h-5"[31m
                      [36m/>[31m
                      [36m<path[31m
                        [33md[31m=[32m"M18 14h-8"[31m
                      [36m/>[31m
                      [36m<path[31m
                        [33md[31m=[32m"M4 22h16a2 2 0 0 0 2-2V4a2 2 0 0 0-2-2H8a2 2 0 0 0-2 2v16a2 2 0 0 1-4 0v-9a2 2 0 0 1 2-2h2"[31m
                      [36m/>[31m
                      [36m<rect[31m
                        [33mheight[31m=[32m"4"[31m
                        [33mrx[31m=[32m"1"[31m
                        [33mwidth[31m=[32m"8"[31m
                        [33mx[31m=[32m"10"[31m
                        [33my[39...[39m
 [31mтЭп[39m src/pages/__tests__/Settings.media.test.tsx [2m([22m[2m5 tests[22m[2m | [22m[31m5 failed[39m[2m)[22m[33m 1275[2mms[22m[39m
[31m   [31m├Ч[31m Settings media actions[2m > [22muploads avatar and refreshes the profile[39m[33m 391[2mms[22m[39m
[31m     тЖТ Unable to find an accessible element with the role "tab" and name "Account"

Here are the accessible roles:

  main:

  Name "":
  [36m<main[31m
    [33mclass[31m=[32m"box-border min-h-screen w-full bg-[var(--page-bg)] text-[var(--page-foreground)]"[31m
    [33mid[31m=[32m"main"[31m
    [33mrole[31m=[32m"main"[31m
    [33mstyle[31m=[32m"opacity: 0;"[31m
    [33mtabindex[31m=[32m"-1"[31m
  [36m/>[31m

  --------------------------------------------------
  heading:

  Name "Settings":
  [36m<h1[31m
    [33mclass[31m=[32m"text-[clamp(1.6rem,5vw,2.75rem)] font-bold tracking-tight text-[var(--page-text)]"[31m
  [36m/>[31m

  Name "Theme":
  [36m<h2[31m
    [33mclass[31m=[32m"font-bold tracking-tight text-primary-text text-lg"[31m
  [36m/>[31m

  Name "Interface language":
  [36m<h2[31m
    [33mclass[31m=[32m"font-bold tracking-tight text-primary-text text-lg"[31m
  [36m/>[31m

  Name "Notifications":
  [36m<h2[31m
    [33mclass[31m=[32m"font-bold tracking-tight text-primary-text text-lg"[31m
  [36m/>[31m

  --------------------------------------------------
  tablist:

  Name "":
  [36m<div[31m
    [33mclass[31m=[32m"relative flex flex-wrap items-center gap-1.5 overflow-x-auto rounded-2xl px-1.5 py-1.5 border border-(--glass-border) bg-(--bg-surface)/30 backdrop-blur-md shadow-glass"[31m
    [33mrole[31m=[32m"tablist"[31m
  [36m/>[31m

  --------------------------------------------------
  button:

  Name "General":
  [36m<button[31m
    [33mclass[31m=[32m"relative flex h-10 items-center justify-center rounded-xl px-5 text-sm font-black transition-all duration-500 text-primary-text"[31m
    [33mtype[31m=[32m"button"[31m
  [36m/>[31m

  Name "Account":
  [36m<button[31m
    [33mclass[31m=[32m"relative flex h-10 items-center justify-center rounded-xl px-5 text-sm font-black transition-all duration-500 text-secondary-text opacity-70 hover:opacity-100 hover:bg-surface-hover/20"[31m
    [33mtype[31m=[32m"button"[31m
  [36m/>[31m

  Name "Integrations":
  [36m<button[31m
    [33mclass[31m=[32m"relative flex h-10 items-center justify-center rounded-xl px-5 text-sm font-black transition-all duration-500 text-secondary-text opacity-70 hover:opacity-100 hover:bg-surface-hover/20"[31m
    [33mtype[31m=[32m"button"[31m
  [36m/>[31m

  --------------------------------------------------
  radio:

  Name "System":
  [36m<input[31m
    [33mchecked[31m=[32m""[31m
    [33mclass[31m=[32m"peer sr-only"[31m
    [33mdata-testid[31m=[32m"theme-option-system"[31m
    [33mtype[31m=[32m"radio"[31m
  [36m/>[31m

  Name "Light":
  [36m<input[31m
    [33mclass[31m=[32m"peer sr-only"[31m
    [33mdata-testid[31m=[32m"theme-option-light"[31m
    [33mtype[31m=[32m"radio"[31m
  [36m/>[31m

  Name "Dark":
  [36m<input[31m
    [33mclass[31m=[32m"peer sr-only"[31m
    [33mdata-testid[31m=[32m"theme-option-dark"[31m
    [33mtype[31m=[32m"radio"[31m
  [36m/>[31m

  Name "English":
  [36m<input[31m
    [33mchecked[31m=[32m""[31m
    [33mclass[31m=[32m"peer sr-only"[31m
    [33mtype[31m=[32m"radio"[31m
  [36m/>[31m

  Name "Russian":
  [36m<input[31m
    [33mclass[31m=[32m"peer sr-only"[31m
    [33mtype[31m=[32m"radio"[31m
  [36m/>[31m

  --------------------------------------------------
  paragraph:

  Name "":
  [36m<p[31m
    [33mclass[31m=[32m"text-secondary-text text-sm mt-1"[31m
  [36m/>[31m

  --------------------------------------------------
  separator:

  Name "":
  [36m<hr[31m
    [33mclass[31m=[32m"h-px w-full border-0 bg-glass-border opacity-50"[31m
  [36m/>[31m

  --------------------------------------------------

Ignored nodes: comments, script, style
[36m<body[31m
  [33mclass[31m=[32m"light"[31m
  [33mdata-color-scheme[31m=[32m"light"[31m
  [33mdir[31m=[32m"ltr"[31m
[36m>[31m
  [36m<div>[31m
    [36m<main[31m
      [33mclass[31m=[32m"box-border min-h-screen w-full bg-[var(--page-bg)] text-[var(--page-foreground)]"[31m
      [33mid[31m=[32m"main"[31m
      [33mrole[31m=[32m"main"[31m
      [33mstyle[31m=[32m"opacity: 0;"[31m
      [33mtabindex[31m=[32m"-1"[31m
    [36m>[31m
      [36m<div[31m
        [33mclass[31m=[32m"page-fade relative min-h-full"[31m
        [33mdata-page-fade[31m=[32m"true"[31m
        [33mdata-ready[31m=[32m"true"[31m
        [33mstyle[31m=[32m"--page-fade-delay: 80ms;"[31m
      [36m>[31m
        [36m<div[31m
          [33mclass[31m=[32m"flex h-full w-full flex-col bg-(--page-bg) text-(--page-text) sm:h-[640px] sm:max-h-[85vh] sm:flex-row"[31m
        [36m>[31m
          [36m<div[31m
            [33mclass[31m=[32m"px-2 md:px-4"[31m
          [36m>[31m
            [36m<div[31m
              [33mclass[31m=[32m"mb-8 flex flex-wrap items-center gap-4 sm:gap-5"[31m
              [33mdata-fade[31m=[32m"true"[31m
              [33mstyle[31m=[32m"--fade-delay: 80ms;"[31m
            [36m>[31m
              [36m<div[31m
                [33mclass[31m=[32m"flex h-12 w-12 items-center justify-center rounded-full bg-[color-mix(in_srgb,var(--glass-bg)_70%,var(--nav-link)_30%)] text-[var(--nav-link)] shadow-premium transition-transform duration-200 hover:scale-105 dark:bg-[color-mix(in_srgb,var(--glass-bg)_65%,var(--nav-link)_35%)] dark:shadow-premium backdrop-blur-sm [-webkit-backdrop-filter:blur(12px)]"[31m
              [36m>[31m
                [36m<svg[31m
                  [33maria-hidden[31m=[32m"true"[31m
                  [33mclass[31m=[32m"lucide lucide-settings h-6 w-6"[31m
                  [33mfill[31m=[32m"none"[31m
                  [33mheight[31m=[32m"24"[31m
                  [33mstroke[31m=[32m"currentColor"[31m
                  [33mstroke-linecap[31m=[32m"round"[31m
                  [33mstroke-linejoin[31m=[32m"round"[31m
                  [33mstroke-width[31m=[32m"2"[31m
                  [33mviewBox[31m=[32m"0 0 24 24"[31m
                  [33mwidth[31m=[32m"24"[31m
                  [33mxmlns[31m=[32m"http://www.w3.org/2000/svg"[31m
                [36m>[31m
                  [36m<path[31m
                    [33md[31m=[32m"M9.671 4.136a2.34 2.34 0 0 1 4.659 0 2.34 2.34 0 0 0 3.319 1.915 2.34 2.34 0 0 1 2.33 4.033 2.34 2.34 0 0 0 0 3.831 2.34 2.34 0 0 1-2.33 4.033 2.34 2.34 0 0 0-3.319 1.915 2.34 2.34 0 0 1-4.659 0 2.34 2.34 0 0 0-3.32-1.915 2.34 2.34 0 0 1-2.33-4.033 2.34 2.34 0 0 0 0-3.831A2.34 2.34 0 0 1 6.35 6.051a2.34 2.34 0 0 0 3.319-1.915"[31m
                  [36m/>[31m
                  [36m<circle[31m
                    [33mcx[31m=[32m"12"[31m
                    [33mcy[31m=[32m"12"[31m
                    [33mr[31m=[32m"3"[31m
                  [36m/>[31m
                [36m</svg>[31m
              [36m</div>[31m
              [36m<h1[31m
                [33mclass[31m=[32m"text-[clamp(1.6rem,5vw,2.75rem)] font-bold tracking-tight text-[var(--page-text)]"[31m
              [36m>[31m
                [0mSettings[0m
              [36m</h1>[31m
            [36m</div>[31m
            [36m<div[31m
              [33mclass[31m=[32m"mb-8"[31m
              [33mdata-fade[31m=[32m"true"[31m
              [33mstyle[31m=[32m"--fade-delay: 140ms;"[31m
            [36m>[31m
              [36m<div[31m
                [33mclass[31m=[32m"relative flex flex-wrap items-center gap-1.5 overflow-x-auto rounded-2xl px-1.5 py-1.5 border border-(--glass-border) bg-(--bg-surface)/30 backdrop-blur-md shadow-glass"[31m
                [33mrole[31m=[32m"tablist"[31m
              [36m>[31m
                [36m<button[31m
                  [33mclass[31m=[32m"relative flex h-10 items-center justify-center rounded-xl px-5 text-sm font-black transition-all duration-500 text-primary-text"[31m
                  [33mtype[31m=[32m"button"[31m
                [36m>[31m
                  [36m<div[31m
                    [33mclass[31m=[32m"absolute inset-0 z-0 rounded-xl bg-brand/10 ring-1 ring-brand/20"[31m
                  [36m/>[31m
                  [36m<span[31m
                    [33mclass[31m=[32m"relative z-1"[31m
                  [36m>[31m
                    [0mGeneral[0m
                  [36m</span>[31m
                [36m</button>[31m
                [36m<button[31m
                  [33mclass[31m=[32m"relative flex h-10 items-center justify-center rounded-xl px-5 text-sm font-black transition-all duration-500 text-secondary-text opacity-70 hover:opacity-100 hover:bg-surface-hover/20"[31m
                  [33mtype[31m=[32m"button"[31m
                [36m>[31m
                  [36m<span[31m
                    [33mclass[31m=[32m"relative z-1"[31m
                  [36m>[31m
                    [0mAccount[0m
                  [36m</span>[31m
                [36m</button>[31m
                [36m<button[31m
                  [33mclass[31m=[32m"relative flex h-10 items-center justify-center rounded-xl px-5 text-sm font-black transition-all duration-500 text-secondary-text opacity-70 hover:opacity-100 hover:bg-surface-hover/20"[31m
                  [33mtype[31m=[32m"button"[31m
                [36m>[31m
                  [36m<span[31m
                    [33mclass[31m=[32m"relative z-1"[31m
                  [36m>[31m
                    [0mIntegrations[0m
                  [36m</span>[31m
                [36m</button>[31m
              [36m</div>[31m
            [36m</div>[31m
            [36m<div[31m
              [33mdata-fade[31m=[32m"true"[31m
              [33mstyle[31m=[32m"--fade-delay: 200ms;"[31m
            [36m>[31m
              [36m<div[31m
                [33mclass[31m=[32m"flex w-full flex-col gap-8 sm:gap-10 xl:max-w-[min(100%,1100px)] 2xl:gap-12"[31m
              [36m>[31m
                [36m<div[31m
                  [33mclass[31m=[32m"flex flex-col gap-3"[31m
                [36m>[31m
                  [36m<h2[31m
                    [33mclass[31m=[32m"font-bold tracking-tight text-primary-text text-lg"[31m
                  [36m>[31m
                    [0mTheme[0m
                  [36m</h2>[31m
                  [36m<div[31m
                    [33mclass[31m=[32m"flex flex-row flex-wrap gap-4"[31m
                  [36m>[31m
                    [36m<label[31m
                      [33mclass[31m=[32m"group inline-flex items-center gap-3 rounded-xl px-2 py-1.5 cursor-pointer transition-all duration-300 hover:bg-brand/5 border border-transparent"[31m
                    [36m>[31m
                      [36m<label...[39m
[31m   [31m├Ч[31m Settings media actions[2m > [22mshows an error when avatar upload fails[39m[32m 209[2mms[22m[39m
[31m     тЖТ Unable to find an accessible element with the role "tab" and name "Account"

Here are the accessible roles:

  main:

  Name "":
  [36m<main[31m
    [33mclass[31m=[32m"box-border min-h-screen w-full bg-[var(--page-bg)] text-[var(--page-foreground)]"[31m
    [33mid[31m=[32m"main"[31m
    [33mrole[31m=[32m"main"[31m
    [33mstyle[31m=[32m"opacity: 0;"[31m
    [33mtabindex[31m=[32m"-1"[31m
  [36m/>[31m

  --------------------------------------------------
  heading:

  Name "Settings":
  [36m<h1[31m
    [33mclass[31m=[32m"text-[clamp(1.6rem,5vw,2.75rem)] font-bold tracking-tight text-[var(--page-text)]"[31m
  [36m/>[31m

  Name "Theme":
  [36m<h2[31m
    [33mclass[31m=[32m"font-bold tracking-tight text-primary-text text-lg"[31m
  [36m/>[31m

  Name "Interface language":
  [36m<h2[31m
    [33mclass[31m=[32m"font-bold tracking-tight text-primary-text text-lg"[31m
  [36m/>[31m

  Name "Notifications":
  [36m<h2[31m
    [33mclass[31m=[32m"font-bold tracking-tight text-primary-text text-lg"[31m
  [36m/>[31m

  --------------------------------------------------
  tablist:

  Name "":
  [36m<div[31m
    [33mclass[31m=[32m"relative flex flex-wrap items-center gap-1.5 overflow-x-auto rounded-2xl px-1.5 py-1.5 border border-(--glass-border) bg-(--bg-surface)/30 backdrop-blur-md shadow-glass"[31m
    [33mrole[31m=[32m"tablist"[31m
  [36m/>[31m

  --------------------------------------------------
  button:

  Name "General":
  [36m<button[31m
    [33mclass[31m=[32m"relative flex h-10 items-center justify-center rounded-xl px-5 text-sm font-black transition-all duration-500 text-primary-text"[31m
    [33mtype[31m=[32m"button"[31m
  [36m/>[31m

  Name "Account":
  [36m<button[31m
    [33mclass[31m=[32m"relative flex h-10 items-center justify-center rounded-xl px-5 text-sm font-black transition-all duration-500 text-secondary-text opacity-70 hover:opacity-100 hover:bg-surface-hover/20"[31m
    [33mtype[31m=[32m"button"[31m
  [36m/>[31m

  Name "Integrations":
  [36m<button[31m
    [33mclass[31m=[32m"relative flex h-10 items-center justify-center rounded-xl px-5 text-sm font-black transition-all duration-500 text-secondary-text opacity-70 hover:opacity-100 hover:bg-surface-hover/20"[31m
    [33mtype[31m=[32m"button"[31m
  [36m/>[31m

  --------------------------------------------------
  radio:

  Name "System":
  [36m<input[31m
    [33mchecked[31m=[32m""[31m
    [33mclass[31m=[32m"peer sr-only"[31m
    [33mdata-testid[31m=[32m"theme-option-system"[31m
    [33mtype[31m=[32m"radio"[31m
  [36m/>[31m

  Name "Light":
  [36m<input[31m
    [33mclass[31m=[32m"peer sr-only"[31m
    [33mdata-testid[31m=[32m"theme-option-light"[31m
    [33mtype[31m=[32m"radio"[31m
  [36m/>[31m

  Name "Dark":
  [36m<input[31m
    [33mclass[31m=[32m"peer sr-only"[31m
    [33mdata-testid[31m=[32m"theme-option-dark"[31m
    [33mtype[31m=[32m"radio"[31m
  [36m/>[31m

  Name "English":
  [36m<input[31m
    [33mchecked[31m=[32m""[31m
    [33mclass[31m=[32m"peer sr-only"[31m
    [33mtype[31m=[32m"radio"[31m
  [36m/>[31m

  Name "Russian":
  [36m<input[31m
    [33mclass[31m=[32m"peer sr-only"[31m
    [33mtype[31m=[32m"radio"[31m
  [36m/>[31m

  --------------------------------------------------
  paragraph:

  Name "":
  [36m<p[31m
    [33mclass[31m=[32m"text-secondary-text text-sm mt-1"[31m
  [36m/>[31m

  --------------------------------------------------
  separator:

  Name "":
  [36m<hr[31m
    [33mclass[31m=[32m"h-px w-full border-0 bg-glass-border opacity-50"[31m
  [36m/>[31m

  --------------------------------------------------

Ignored nodes: comments, script, style
[36m<body[31m
  [33mclass[31m=[32m"light"[31m
  [33mdata-color-scheme[31m=[32m"light"[31m
  [33mdir[31m=[32m"ltr"[31m
[36m>[31m
  [36m<div>[31m
    [36m<main[31m
      [33mclass[31m=[32m"box-border min-h-screen w-full bg-[var(--page-bg)] text-[var(--page-foreground)]"[31m
      [33mid[31m=[32m"main"[31m
      [33mrole[31m=[32m"main"[31m
      [33mstyle[31m=[32m"opacity: 0;"[31m
      [33mtabindex[31m=[32m"-1"[31m
    [36m>[31m
      [36m<div[31m
        [33mclass[31m=[32m"page-fade relative min-h-full"[31m
        [33mdata-page-fade[31m=[32m"true"[31m
        [33mdata-ready[31m=[32m"true"[31m
        [33mstyle[31m=[32m"--page-fade-delay: 80ms;"[31m
      [36m>[31m
        [36m<div[31m
          [33mclass[31m=[32m"flex h-full w-full flex-col bg-(--page-bg) text-(--page-text) sm:h-[640px] sm:max-h-[85vh] sm:flex-row"[31m
        [36m>[31m
          [36m<div[31m
            [33mclass[31m=[32m"px-2 md:px-4"[31m
          [36m>[31m
            [36m<div[31m
              [33mclass[31m=[32m"mb-8 flex flex-wrap items-center gap-4 sm:gap-5"[31m
              [33mdata-fade[31m=[32m"true"[31m
              [33mstyle[31m=[32m"--fade-delay: 80ms;"[31m
            [36m>[31m
              [36m<div[31m
                [33mclass[31m=[32m"flex h-12 w-12 items-center justify-center rounded-full bg-[color-mix(in_srgb,var(--glass-bg)_70%,var(--nav-link)_30%)] text-[var(--nav-link)] shadow-premium transition-transform duration-200 hover:scale-105 dark:bg-[color-mix(in_srgb,var(--glass-bg)_65%,var(--nav-link)_35%)] dark:shadow-premium backdrop-blur-sm [-webkit-backdrop-filter:blur(12px)]"[31m
              [36m>[31m
                [36m<svg[31m
                  [33maria-hidden[31m=[32m"true"[31m
                  [33mclass[31m=[32m"lucide lucide-settings h-6 w-6"[31m
                  [33mfill[31m=[32m"none"[31m
                  [33mheight[31m=[32m"24"[31m
                  [33mstroke[31m=[32m"currentColor"[31m
                  [33mstroke-linecap[31m=[32m"round"[31m
                  [33mstroke-linejoin[31m=[32m"round"[31m
                  [33mstroke-width[31m=[32m"2"[31m
                  [33mviewBox[31m=[32m"0 0 24 24"[31m
                  [33mwidth[31m=[32m"24"[31m
                  [33mxmlns[31m=[32m"http://www.w3.org/2000/svg"[31m
                [36m>[31m
                  [36m<path[31m
                    [33md[31m=[32m"M9.671 4.136a2.34 2.34 0 0 1 4.659 0 2.34 2.34 0 0 0 3.319 1.915 2.34 2.34 0 0 1 2.33 4.033 2.34 2.34 0 0 0 0 3.831 2.34 2.34 0 0 1-2.33 4.033 2.34 2.34 0 0 0-3.319 1.915 2.34 2.34 0 0 1-4.659 0 2.34 2.34 0 0 0-3.32-1.915 2.34 2.34 0 0 1-2.33-4.033 2.34 2.34 0 0 0 0-3.831A2.34 2.34 0 0 1 6.35 6.051a2.34 2.34 0 0 0 3.319-1.915"[31m
                  [36m/>[31m
                  [36m<circle[31m
                    [33mcx[31m=[32m"12"[31m
                    [33mcy[31m=[32m"12"[31m
                    [33mr[31m=[32m"3"[31m
                  [36m/>[31m
                [36m</svg>[31m
              [36m</div>[31m
              [36m<h1[31m
                [33mclass[31m=[32m"text-[clamp(1.6rem,5vw,2.75rem)] font-bold tracking-tight text-[var(--page-text)]"[31m
              [36m>[31m
                [0mSettings[0m
              [36m</h1>[31m
            [36m</div>[31m
            [36m<div[31m
              [33mclass[31m=[32m"mb-8"[31m
              [33mdata-fade[31m=[32m"true"[31m
              [33mstyle[31m=[32m"--fade-delay: 140ms;"[31m
            [36m>[31m
              [36m<div[31m
                [33mclass[31m=[32m"relative flex flex-wrap items-center gap-1.5 overflow-x-auto rounded-2xl px-1.5 py-1.5 border border-(--glass-border) bg-(--bg-surface)/30 backdrop-blur-md shadow-glass"[31m
                [33mrole[31m=[32m"tablist"[31m
              [36m>[31m
                [36m<button[31m
                  [33mclass[31m=[32m"relative flex h-10 items-center justify-center rounded-xl px-5 text-sm font-black transition-all duration-500 text-primary-text"[31m
                  [33mtype[31m=[32m"button"[31m
                [36m>[31m
                  [36m<div[31m
                    [33mclass[31m=[32m"absolute inset-0 z-0 rounded-xl bg-brand/10 ring-1 ring-brand/20"[31m
                  [36m/>[31m
                  [36m<span[31m
                    [33mclass[31m=[32m"relative z-1"[31m
                  [36m>[31m
                    [0mGeneral[0m
                  [36m</span>[31m
                [36m</button>[31m
                [36m<button[31m
                  [33mclass[31m=[32m"relative flex h-10 items-center justify-center rounded-xl px-5 text-sm font-black transition-all duration-500 text-secondary-text opacity-70 hover:opacity-100 hover:bg-surface-hover/20"[31m
                  [33mtype[31m=[32m"button"[31m
                [36m>[31m
                  [36m<span[31m
                    [33mclass[31m=[32m"relative z-1"[31m
                  [36m>[31m
                    [0mAccount[0m
                  [36m</span>[31m
                [36m</button>[31m
                [36m<button[31m
                  [33mclass[31m=[32m"relative flex h-10 items-center justify-center rounded-xl px-5 text-sm font-black transition-all duration-500 text-secondary-text opacity-70 hover:opacity-100 hover:bg-surface-hover/20"[31m
                  [33mtype[31m=[32m"button"[31m
                [36m>[31m
                  [36m<span[31m
                    [33mclass[31m=[32m"relative z-1"[31m
                  [36m>[31m
                    [0mIntegrations[0m
                  [36m</span>[31m
                [36m</button>[31m
              [36m</div>[31m
            [36m</div>[31m
            [36m<div[31m
              [33mdata-fade[31m=[32m"true"[31m
              [33mstyle[31m=[32m"--fade-delay: 200ms;"[31m
            [36m>[31m
              [36m<div[31m
                [33mclass[31m=[32m"flex w-full flex-col gap-8 sm:gap-10 xl:max-w-[min(100%,1100px)] 2xl:gap-12"[31m
              [36m>[31m
                [36m<div[31m
                  [33mclass[31m=[32m"flex flex-col gap-3"[31m
                [36m>[31m
                  [36m<h2[31m
                    [33mclass[31m=[32m"font-bold tracking-tight text-primary-text text-lg"[31m
                  [36m>[31m
                    [0mTheme[0m
                  [36m</h2>[31m
                  [36m<div[31m
                    [33mclass[31m=[32m"flex flex-row flex-wrap gap-4"[31m
                  [36m>[31m
                    [36m<label[31m
                      [33mclass[31m=[32m"group inline-flex items-center gap-3 rounded-xl px-2 py-1.5 cursor-pointer transition-all duration-300 hover:bg-brand/5 border border-transparent"[31m
                    [36m>[31m
                      [36m<label...[39m
[31m   [31m├Ч[31m Settings media actions[2m > [22muploads cover and updates preview[39m[32m 234[2mms[22m[39m
[31m     тЖТ Unable to find an accessible element with the role "tab" and name "Account"

Here are the accessible roles:

  main:

  Name "":
  [36m<main[31m
    [33mclass[31m=[32m"box-border min-h-screen w-full bg-[var(--page-bg)] text-[var(--page-foreground)]"[31m
    [33mid[31m=[32m"main"[31m
    [33mrole[31m=[32m"main"[31m
    [33mstyle[31m=[32m"opacity: 0;"[31m
    [33mtabindex[31m=[32m"-1"[31m
  [36m/>[31m

  --------------------------------------------------
  heading:

  Name "Settings":
  [36m<h1[31m
    [33mclass[31m=[32m"text-[clamp(1.6rem,5vw,2.75rem)] font-bold tracking-tight text-[var(--page-text)]"[31m
  [36m/>[31m

  Name "Theme":
  [36m<h2[31m
    [33mclass[31m=[32m"font-bold tracking-tight text-primary-text text-lg"[31m
  [36m/>[31m

  Name "Interface language":
  [36m<h2[31m
    [33mclass[31m=[32m"font-bold tracking-tight text-primary-text text-lg"[31m
  [36m/>[31m

  Name "Notifications":
  [36m<h2[31m
    [33mclass[31m=[32m"font-bold tracking-tight text-primary-text text-lg"[31m
  [36m/>[31m

  --------------------------------------------------
  tablist:

  Name "":
  [36m<div[31m
    [33mclass[31m=[32m"relative flex flex-wrap items-center gap-1.5 overflow-x-auto rounded-2xl px-1.5 py-1.5 border border-(--glass-border) bg-(--bg-surface)/30 backdrop-blur-md shadow-glass"[31m
    [33mrole[31m=[32m"tablist"[31m
  [36m/>[31m

  --------------------------------------------------
  button:

  Name "General":
  [36m<button[31m
    [33mclass[31m=[32m"relative flex h-10 items-center justify-center rounded-xl px-5 text-sm font-black transition-all duration-500 text-primary-text"[31m
    [33mtype[31m=[32m"button"[31m
  [36m/>[31m

  Name "Account":
  [36m<button[31m
    [33mclass[31m=[32m"relative flex h-10 items-center justify-center rounded-xl px-5 text-sm font-black transition-all duration-500 text-secondary-text opacity-70 hover:opacity-100 hover:bg-surface-hover/20"[31m
    [33mtype[31m=[32m"button"[31m
  [36m/>[31m

  Name "Integrations":
  [36m<button[31m
    [33mclass[31m=[32m"relative flex h-10 items-center justify-center rounded-xl px-5 text-sm font-black transition-all duration-500 text-secondary-text opacity-70 hover:opacity-100 hover:bg-surface-hover/20"[31m
    [33mtype[31m=[32m"button"[31m
  [36m/>[31m

  --------------------------------------------------
  radio:

  Name "System":
  [36m<input[31m
    [33mchecked[31m=[32m""[31m
    [33mclass[31m=[32m"peer sr-only"[31m
    [33mdata-testid[31m=[32m"theme-option-system"[31m
    [33mtype[31m=[32m"radio"[31m
  [36m/>[31m

  Name "Light":
  [36m<input[31m
    [33mclass[31m=[32m"peer sr-only"[31m
    [33mdata-testid[31m=[32m"theme-option-light"[31m
    [33mtype[31m=[32m"radio"[31m
  [36m/>[31m

  Name "Dark":
  [36m<input[31m
    [33mclass[31m=[32m"peer sr-only"[31m
    [33mdata-testid[31m=[32m"theme-option-dark"[31m
    [33mtype[31m=[32m"radio"[31m
  [36m/>[31m

  Name "English":
  [36m<input[31m
    [33mchecked[31m=[32m""[31m
    [33mclass[31m=[32m"peer sr-only"[31m
    [33mtype[31m=[32m"radio"[31m
  [36m/>[31m

  Name "Russian":
  [36m<input[31m
    [33mclass[31m=[32m"peer sr-only"[31m
    [33mtype[31m=[32m"radio"[31m
  [36m/>[31m

  --------------------------------------------------
  paragraph:

  Name "":
  [36m<p[31m
    [33mclass[31m=[32m"text-secondary-text text-sm mt-1"[31m
  [36m/>[31m

  --------------------------------------------------
  separator:

  Name "":
  [36m<hr[31m
    [33mclass[31m=[32m"h-px w-full border-0 bg-glass-border opacity-50"[31m
  [36m/>[31m

  --------------------------------------------------

Ignored nodes: comments, script, style
[36m<body[31m
  [33mclass[31m=[32m"light"[31m
  [33mdata-color-scheme[31m=[32m"light"[31m
  [33mdir[31m=[32m"ltr"[31m
[36m>[31m
  [36m<div>[31m
    [36m<main[31m
      [33mclass[31m=[32m"box-border min-h-screen w-full bg-[var(--page-bg)] text-[var(--page-foreground)]"[31m
      [33mid[31m=[32m"main"[31m
      [33mrole[31m=[32m"main"[31m
      [33mstyle[31m=[32m"opacity: 0;"[31m
      [33mtabindex[31m=[32m"-1"[31m
    [36m>[31m
      [36m<div[31m
        [33mclass[31m=[32m"page-fade relative min-h-full"[31m
        [33mdata-page-fade[31m=[32m"true"[31m
        [33mdata-ready[31m=[32m"true"[31m
        [33mstyle[31m=[32m"--page-fade-delay: 80ms;"[31m
      [36m>[31m
        [36m<div[31m
          [33mclass[31m=[32m"flex h-full w-full flex-col bg-(--page-bg) text-(--page-text) sm:h-[640px] sm:max-h-[85vh] sm:flex-row"[31m
        [36m>[31m
          [36m<div[31m
            [33mclass[31m=[32m"px-2 md:px-4"[31m
          [36m>[31m
            [36m<div[31m
              [33mclass[31m=[32m"mb-8 flex flex-wrap items-center gap-4 sm:gap-5"[31m
              [33mdata-fade[31m=[32m"true"[31m
              [33mstyle[31m=[32m"--fade-delay: 80ms;"[31m
            [36m>[31m
              [36m<div[31m
                [33mclass[31m=[32m"flex h-12 w-12 items-center justify-center rounded-full bg-[color-mix(in_srgb,var(--glass-bg)_70%,var(--nav-link)_30%)] text-[var(--nav-link)] shadow-premium transition-transform duration-200 hover:scale-105 dark:bg-[color-mix(in_srgb,var(--glass-bg)_65%,var(--nav-link)_35%)] dark:shadow-premium backdrop-blur-sm [-webkit-backdrop-filter:blur(12px)]"[31m
              [36m>[31m
                [36m<svg[31m
                  [33maria-hidden[31m=[32m"true"[31m
                  [33mclass[31m=[32m"lucide lucide-settings h-6 w-6"[31m
                  [33mfill[31m=[32m"none"[31m
                  [33mheight[31m=[32m"24"[31m
                  [33mstroke[31m=[32m"currentColor"[31m
                  [33mstroke-linecap[31m=[32m"round"[31m
                  [33mstroke-linejoin[31m=[32m"round"[31m
                  [33mstroke-width[31m=[32m"2"[31m
                  [33mviewBox[31m=[32m"0 0 24 24"[31m
                  [33mwidth[31m=[32m"24"[31m
                  [33mxmlns[31m=[32m"http://www.w3.org/2000/svg"[31m
                [36m>[31m
                  [36m<path[31m
                    [33md[31m=[32m"M9.671 4.136a2.34 2.34 0 0 1 4.659 0 2.34 2.34 0 0 0 3.319 1.915 2.34 2.34 0 0 1 2.33 4.033 2.34 2.34 0 0 0 0 3.831 2.34 2.34 0 0 1-2.33 4.033 2.34 2.34 0 0 0-3.319 1.915 2.34 2.34 0 0 1-4.659 0 2.34 2.34 0 0 0-3.32-1.915 2.34 2.34 0 0 1-2.33-4.033 2.34 2.34 0 0 0 0-3.831A2.34 2.34 0 0 1 6.35 6.051a2.34 2.34 0 0 0 3.319-1.915"[31m
                  [36m/>[31m
                  [36m<circle[31m
                    [33mcx[31m=[32m"12"[31m
                    [33mcy[31m=[32m"12"[31m
                    [33mr[31m=[32m"3"[31m
                  [36m/>[31m
                [36m</svg>[31m
              [36m</div>[31m
              [36m<h1[31m
                [33mclass[31m=[32m"text-[clamp(1.6rem,5vw,2.75rem)] font-bold tracking-tight text-[var(--page-text)]"[31m
              [36m>[31m
                [0mSettings[0m
              [36m</h1>[31m
            [36m</div>[31m
            [36m<div[31m
              [33mclass[31m=[32m"mb-8"[31m
              [33mdata-fade[31m=[32m"true"[31m
              [33mstyle[31m=[32m"--fade-delay: 140ms;"[31m
            [36m>[31m
              [36m<div[31m
                [33mclass[31m=[32m"relative flex flex-wrap items-center gap-1.5 overflow-x-auto rounded-2xl px-1.5 py-1.5 border border-(--glass-border) bg-(--bg-surface)/30 backdrop-blur-md shadow-glass"[31m
                [33mrole[31m=[32m"tablist"[31m
              [36m>[31m
                [36m<button[31m
                  [33mclass[31m=[32m"relative flex h-10 items-center justify-center rounded-xl px-5 text-sm font-black transition-all duration-500 text-primary-text"[31m
                  [33mtype[31m=[32m"button"[31m
                [36m>[31m
                  [36m<div[31m
                    [33mclass[31m=[32m"absolute inset-0 z-0 rounded-xl bg-brand/10 ring-1 ring-brand/20"[31m
                  [36m/>[31m
                  [36m<span[31m
                    [33mclass[31m=[32m"relative z-1"[31m
                  [36m>[31m
                    [0mGeneral[0m
                  [36m</span>[31m
                [36m</button>[31m
                [36m<button[31m
                  [33mclass[31m=[32m"relative flex h-10 items-center justify-center rounded-xl px-5 text-sm font-black transition-all duration-500 text-secondary-text opacity-70 hover:opacity-100 hover:bg-surface-hover/20"[31m
                  [33mtype[31m=[32m"button"[31m
                [36m>[31m
                  [36m<span[31m
                    [33mclass[31m=[32m"relative z-1"[31m
                  [36m>[31m
                    [0mAccount[0m
                  [36m</span>[31m
                [36m</button>[31m
                [36m<button[31m
                  [33mclass[31m=[32m"relative flex h-10 items-center justify-center rounded-xl px-5 text-sm font-black transition-all duration-500 text-secondary-text opacity-70 hover:opacity-100 hover:bg-surface-hover/20"[31m
                  [33mtype[31m=[32m"button"[31m
                [36m>[31m
                  [36m<span[31m
                    [33mclass[31m=[32m"relative z-1"[31m
                  [36m>[31m
                    [0mIntegrations[0m
                  [36m</span>[31m
                [36m</button>[31m
              [36m</div>[31m
            [36m</div>[31m
            [36m<div[31m
              [33mdata-fade[31m=[32m"true"[31m
              [33mstyle[31m=[32m"--fade-delay: 200ms;"[31m
            [36m>[31m
              [36m<div[31m
                [33mclass[31m=[32m"flex w-full flex-col gap-8 sm:gap-10 xl:max-w-[min(100%,1100px)] 2xl:gap-12"[31m
              [36m>[31m
                [36m<div[31m
                  [33mclass[31m=[32m"flex flex-col gap-3"[31m
                [36m>[31m
                  [36m<h2[31m
                    [33mclass[31m=[32m"font-bold tracking-tight text-primary-text text-lg"[31m
                  [36m>[31m
                    [0mTheme[0m
                  [36m</h2>[31m
                  [36m<div[31m
                    [33mclass[31m=[32m"flex flex-row flex-wrap gap-4"[31m
                  [36m>[31m
                    [36m<label[31m
                      [33mclass[31m=[32m"group inline-flex items-center gap-3 rounded-xl px-2 py-1.5 cursor-pointer transition-all duration-300 hover:bg-brand/5 border border-transparent"[31m
                    [36m>[31m
                      [36m<label...[39m
[31m   [31m├Ч[31m Settings media actions[2m > [22mdeletes avatar and refreshes the profile[39m[32m 222[2mms[22m[39m
[31m     тЖТ Unable to find an accessible element with the role "tab" and name "Account"

Here are the accessible roles:

  main:

  Name "":
  [36m<main[31m
    [33mclass[31m=[32m"box-border min-h-screen w-full bg-[var(--page-bg)] text-[var(--page-foreground)]"[31m
    [33mid[31m=[32m"main"[31m
    [33mrole[31m=[32m"main"[31m
    [33mstyle[31m=[32m"opacity: 0;"[31m
    [33mtabindex[31m=[32m"-1"[31m
  [36m/>[31m

  --------------------------------------------------
  heading:

  Name "Settings":
  [36m<h1[31m
    [33mclass[31m=[32m"text-[clamp(1.6rem,5vw,2.75rem)] font-bold tracking-tight text-[var(--page-text)]"[31m
  [36m/>[31m

  Name "Theme":
  [36m<h2[31m
    [33mclass[31m=[32m"font-bold tracking-tight text-primary-text text-lg"[31m
  [36m/>[31m

  Name "Interface language":
  [36m<h2[31m
    [33mclass[31m=[32m"font-bold tracking-tight text-primary-text text-lg"[31m
  [36m/>[31m

  Name "Notifications":
  [36m<h2[31m
    [33mclass[31m=[32m"font-bold tracking-tight text-primary-text text-lg"[31m
  [36m/>[31m

  --------------------------------------------------
  tablist:

  Name "":
  [36m<div[31m
    [33mclass[31m=[32m"relative flex flex-wrap items-center gap-1.5 overflow-x-auto rounded-2xl px-1.5 py-1.5 border border-(--glass-border) bg-(--bg-surface)/30 backdrop-blur-md shadow-glass"[31m
    [33mrole[31m=[32m"tablist"[31m
  [36m/>[31m

  --------------------------------------------------
  button:

  Name "General":
  [36m<button[31m
    [33mclass[31m=[32m"relative flex h-10 items-center justify-center rounded-xl px-5 text-sm font-black transition-all duration-500 text-primary-text"[31m
    [33mtype[31m=[32m"button"[31m
  [36m/>[31m

  Name "Account":
  [36m<button[31m
    [33mclass[31m=[32m"relative flex h-10 items-center justify-center rounded-xl px-5 text-sm font-black transition-all duration-500 text-secondary-text opacity-70 hover:opacity-100 hover:bg-surface-hover/20"[31m
    [33mtype[31m=[32m"button"[31m
  [36m/>[31m

  Name "Integrations":
  [36m<button[31m
    [33mclass[31m=[32m"relative flex h-10 items-center justify-center rounded-xl px-5 text-sm font-black transition-all duration-500 text-secondary-text opacity-70 hover:opacity-100 hover:bg-surface-hover/20"[31m
    [33mtype[31m=[32m"button"[31m
  [36m/>[31m

  --------------------------------------------------
  radio:

  Name "System":
  [36m<input[31m
    [33mchecked[31m=[32m""[31m
    [33mclass[31m=[32m"peer sr-only"[31m
    [33mdata-testid[31m=[32m"theme-option-system"[31m
    [33mtype[31m=[32m"radio"[31m
  [36m/>[31m

  Name "Light":
  [36m<input[31m
    [33mclass[31m=[32m"peer sr-only"[31m
    [33mdata-testid[31m=[32m"theme-option-light"[31m
    [33mtype[31m=[32m"radio"[31m
  [36m/>[31m

  Name "Dark":
  [36m<input[31m
    [33mclass[31m=[32m"peer sr-only"[31m
    [33mdata-testid[31m=[32m"theme-option-dark"[31m
    [33mtype[31m=[32m"radio"[31m
  [36m/>[31m

  Name "English":
  [36m<input[31m
    [33mchecked[31m=[32m""[31m
    [33mclass[31m=[32m"peer sr-only"[31m
    [33mtype[31m=[32m"radio"[31m
  [36m/>[31m

  Name "Russian":
  [36m<input[31m
    [33mclass[31m=[32m"peer sr-only"[31m
    [33mtype[31m=[32m"radio"[31m
  [36m/>[31m

  --------------------------------------------------
  paragraph:

  Name "":
  [36m<p[31m
    [33mclass[31m=[32m"text-secondary-text text-sm mt-1"[31m
  [36m/>[31m

  --------------------------------------------------
  separator:

  Name "":
  [36m<hr[31m
    [33mclass[31m=[32m"h-px w-full border-0 bg-glass-border opacity-50"[31m
  [36m/>[31m

  --------------------------------------------------

Ignored nodes: comments, script, style
[36m<body[31m
  [33mclass[31m=[32m"light"[31m
  [33mdata-color-scheme[31m=[32m"light"[31m
  [33mdir[31m=[32m"ltr"[31m
[36m>[31m
  [36m<div>[31m
    [36m<main[31m
      [33mclass[31m=[32m"box-border min-h-screen w-full bg-[var(--page-bg)] text-[var(--page-foreground)]"[31m
      [33mid[31m=[32m"main"[31m
      [33mrole[31m=[32m"main"[31m
      [33mstyle[31m=[32m"opacity: 0;"[31m
      [33mtabindex[31m=[32m"-1"[31m
    [36m>[31m
      [36m<div[31m
        [33mclass[31m=[32m"page-fade relative min-h-full"[31m
        [33mdata-page-fade[31m=[32m"true"[31m
        [33mdata-ready[31m=[32m"true"[31m
        [33mstyle[31m=[32m"--page-fade-delay: 80ms;"[31m
      [36m>[31m
        [36m<div[31m
          [33mclass[31m=[32m"flex h-full w-full flex-col bg-(--page-bg) text-(--page-text) sm:h-[640px] sm:max-h-[85vh] sm:flex-row"[31m
        [36m>[31m
          [36m<div[31m
            [33mclass[31m=[32m"px-2 md:px-4"[31m
          [36m>[31m
            [36m<div[31m
              [33mclass[31m=[32m"mb-8 flex flex-wrap items-center gap-4 sm:gap-5"[31m
              [33mdata-fade[31m=[32m"true"[31m
              [33mstyle[31m=[32m"--fade-delay: 80ms;"[31m
            [36m>[31m
              [36m<div[31m
                [33mclass[31m=[32m"flex h-12 w-12 items-center justify-center rounded-full bg-[color-mix(in_srgb,var(--glass-bg)_70%,var(--nav-link)_30%)] text-[var(--nav-link)] shadow-premium transition-transform duration-200 hover:scale-105 dark:bg-[color-mix(in_srgb,var(--glass-bg)_65%,var(--nav-link)_35%)] dark:shadow-premium backdrop-blur-sm [-webkit-backdrop-filter:blur(12px)]"[31m
              [36m>[31m
                [36m<svg[31m
                  [33maria-hidden[31m=[32m"true"[31m
                  [33mclass[31m=[32m"lucide lucide-settings h-6 w-6"[31m
                  [33mfill[31m=[32m"none"[31m
                  [33mheight[31m=[32m"24"[31m
                  [33mstroke[31m=[32m"currentColor"[31m
                  [33mstroke-linecap[31m=[32m"round"[31m
                  [33mstroke-linejoin[31m=[32m"round"[31m
                  [33mstroke-width[31m=[32m"2"[31m
                  [33mviewBox[31m=[32m"0 0 24 24"[31m
                  [33mwidth[31m=[32m"24"[31m
                  [33mxmlns[31m=[32m"http://www.w3.org/2000/svg"[31m
                [36m>[31m
                  [36m<path[31m
                    [33md[31m=[32m"M9.671 4.136a2.34 2.34 0 0 1 4.659 0 2.34 2.34 0 0 0 3.319 1.915 2.34 2.34 0 0 1 2.33 4.033 2.34 2.34 0 0 0 0 3.831 2.34 2.34 0 0 1-2.33 4.033 2.34 2.34 0 0 0-3.319 1.915 2.34 2.34 0 0 1-4.659 0 2.34 2.34 0 0 0-3.32-1.915 2.34 2.34 0 0 1-2.33-4.033 2.34 2.34 0 0 0 0-3.831A2.34 2.34 0 0 1 6.35 6.051a2.34 2.34 0 0 0 3.319-1.915"[31m
                  [36m/>[31m
                  [36m<circle[31m
                    [33mcx[31m=[32m"12"[31m
                    [33mcy[31m=[32m"12"[31m
                    [33mr[31m=[32m"3"[31m
                  [36m/>[31m
                [36m</svg>[31m
              [36m</div>[31m
              [36m<h1[31m
                [33mclass[31m=[32m"text-[clamp(1.6rem,5vw,2.75rem)] font-bold tracking-tight text-[var(--page-text)]"[31m
              [36m>[31m
                [0mSettings[0m
              [36m</h1>[31m
            [36m</div>[31m
            [36m<div[31m
              [33mclass[31m=[32m"mb-8"[31m
              [33mdata-fade[31m=[32m"true"[31m
              [33mstyle[31m=[32m"--fade-delay: 140ms;"[31m
            [36m>[31m
              [36m<div[31m
                [33mclass[31m=[32m"relative flex flex-wrap items-center gap-1.5 overflow-x-auto rounded-2xl px-1.5 py-1.5 border border-(--glass-border) bg-(--bg-surface)/30 backdrop-blur-md shadow-glass"[31m
                [33mrole[31m=[32m"tablist"[31m
              [36m>[31m
                [36m<button[31m
                  [33mclass[31m=[32m"relative flex h-10 items-center justify-center rounded-xl px-5 text-sm font-black transition-all duration-500 text-primary-text"[31m
                  [33mtype[31m=[32m"button"[31m
                [36m>[31m
                  [36m<div[31m
                    [33mclass[31m=[32m"absolute inset-0 z-0 rounded-xl bg-brand/10 ring-1 ring-brand/20"[31m
                  [36m/>[31m
                  [36m<span[31m
                    [33mclass[31m=[32m"relative z-1"[31m
                  [36m>[31m
                    [0mGeneral[0m
                  [36m</span>[31m
                [36m</button>[31m
                [36m<button[31m
                  [33mclass[31m=[32m"relative flex h-10 items-center justify-center rounded-xl px-5 text-sm font-black transition-all duration-500 text-secondary-text opacity-70 hover:opacity-100 hover:bg-surface-hover/20"[31m
                  [33mtype[31m=[32m"button"[31m
                [36m>[31m
                  [36m<span[31m
                    [33mclass[31m=[32m"relative z-1"[31m
                  [36m>[31m
                    [0mAccount[0m
                  [36m</span>[31m
                [36m</button>[31m
                [36m<button[31m
                  [33mclass[31m=[32m"relative flex h-10 items-center justify-center rounded-xl px-5 text-sm font-black transition-all duration-500 text-secondary-text opacity-70 hover:opacity-100 hover:bg-surface-hover/20"[31m
                  [33mtype[31m=[32m"button"[31m
                [36m>[31m
                  [36m<span[31m
                    [33mclass[31m=[32m"relative z-1"[31m
                  [36m>[31m
                    [0mIntegrations[0m
                  [36m</span>[31m
                [36m</button>[31m
              [36m</div>[31m
            [36m</div>[31m
            [36m<div[31m
              [33mdata-fade[31m=[32m"true"[31m
              [33mstyle[31m=[32m"--fade-delay: 200ms;"[31m
            [36m>[31m
              [36m<div[31m
                [33mclass[31m=[32m"flex w-full flex-col gap-8 sm:gap-10 xl:max-w-[min(100%,1100px)] 2xl:gap-12"[31m
              [36m>[31m
                [36m<div[31m
                  [33mclass[31m=[32m"flex flex-col gap-3"[31m
                [36m>[31m
                  [36m<h2[31m
                    [33mclass[31m=[32m"font-bold tracking-tight text-primary-text text-lg"[31m
                  [36m>[31m
                    [0mTheme[0m
                  [36m</h2>[31m
                  [36m<div[31m
                    [33mclass[31m=[32m"flex flex-row flex-wrap gap-4"[31m
                  [36m>[31m
                    [36m<label[31m
                      [33mclass[31m=[32m"group inline-flex items-center gap-3 rounded-xl px-2 py-1.5 cursor-pointer transition-all duration-300 hover:bg-brand/5 border border-transparent"[31m
                    [36m>[31m
                      [36m<label...[39m
[31m   [31m├Ч[31m Settings media actions[2m > [22mdeletes cover and refreshes the profile[39m[32m 217[2mms[22m[39m
[31m     тЖТ Unable to find an accessible element with the role "tab" and name "Account"

Here are the accessible roles:

  main:

  Name "":
  [36m<main[31m
    [33mclass[31m=[32m"box-border min-h-screen w-full bg-[var(--page-bg)] text-[var(--page-foreground)]"[31m
    [33mid[31m=[32m"main"[31m
    [33mrole[31m=[32m"main"[31m
    [33mstyle[31m=[32m"opacity: 0;"[31m
    [33mtabindex[31m=[32m"-1"[31m
  [36m/>[31m

  --------------------------------------------------
  heading:

  Name "Settings":
  [36m<h1[31m
    [33mclass[31m=[32m"text-[clamp(1.6rem,5vw,2.75rem)] font-bold tracking-tight text-[var(--page-text)]"[31m
  [36m/>[31m

  Name "Theme":
  [36m<h2[31m
    [33mclass[31m=[32m"font-bold tracking-tight text-primary-text text-lg"[31m
  [36m/>[31m

  Name "Interface language":
  [36m<h2[31m
    [33mclass[31m=[32m"font-bold tracking-tight text-primary-text text-lg"[31m
  [36m/>[31m

  Name "Notifications":
  [36m<h2[31m
    [33mclass[31m=[32m"font-bold tracking-tight text-primary-text text-lg"[31m
  [36m/>[31m

  --------------------------------------------------
  tablist:

  Name "":
  [36m<div[31m
    [33mclass[31m=[32m"relative flex flex-wrap items-center gap-1.5 overflow-x-auto rounded-2xl px-1.5 py-1.5 border border-(--glass-border) bg-(--bg-surface)/30 backdrop-blur-md shadow-glass"[31m
    [33mrole[31m=[32m"tablist"[31m
  [36m/>[31m

  --------------------------------------------------
  button:

  Name "General":
  [36m<button[31m
    [33mclass[31m=[32m"relative flex h-10 items-center justify-center rounded-xl px-5 text-sm font-black transition-all duration-500 text-primary-text"[31m
    [33mtype[31m=[32m"button"[31m
  [36m/>[31m

  Name "Account":
  [36m<button[31m
    [33mclass[31m=[32m"relative flex h-10 items-center justify-center rounded-xl px-5 text-sm font-black transition-all duration-500 text-secondary-text opacity-70 hover:opacity-100 hover:bg-surface-hover/20"[31m
    [33mtype[31m=[32m"button"[31m
  [36m/>[31m

  Name "Integrations":
  [36m<button[31m
    [33mclass[31m=[32m"relative flex h-10 items-center justify-center rounded-xl px-5 text-sm font-black transition-all duration-500 text-secondary-text opacity-70 hover:opacity-100 hover:bg-surface-hover/20"[31m
    [33mtype[31m=[32m"button"[31m
  [36m/>[31m

  --------------------------------------------------
  radio:

  Name "System":
  [36m<input[31m
    [33mchecked[31m=[32m""[31m
    [33mclass[31m=[32m"peer sr-only"[31m
    [33mdata-testid[31m=[32m"theme-option-system"[31m
    [33mtype[31m=[32m"radio"[31m
  [36m/>[31m

  Name "Light":
  [36m<input[31m
    [33mclass[31m=[32m"peer sr-only"[31m
    [33mdata-testid[31m=[32m"theme-option-light"[31m
    [33mtype[31m=[32m"radio"[31m
  [36m/>[31m

  Name "Dark":
  [36m<input[31m
    [33mclass[31m=[32m"peer sr-only"[31m
    [33mdata-testid[31m=[32m"theme-option-dark"[31m
    [33mtype[31m=[32m"radio"[31m
  [36m/>[31m

  Name "English":
  [36m<input[31m
    [33mchecked[31m=[32m""[31m
    [33mclass[31m=[32m"peer sr-only"[31m
    [33mtype[31m=[32m"radio"[31m
  [36m/>[31m

  Name "Russian":
  [36m<input[31m
    [33mclass[31m=[32m"peer sr-only"[31m
    [33mtype[31m=[32m"radio"[31m
  [36m/>[31m

  --------------------------------------------------
  paragraph:

  Name "":
  [36m<p[31m
    [33mclass[31m=[32m"text-secondary-text text-sm mt-1"[31m
  [36m/>[31m

  --------------------------------------------------
  separator:

  Name "":
  [36m<hr[31m
    [33mclass[31m=[32m"h-px w-full border-0 bg-glass-border opacity-50"[31m
  [36m/>[31m

  --------------------------------------------------

Ignored nodes: comments, script, style
[36m<body[31m
  [33mclass[31m=[32m"light"[31m
  [33mdata-color-scheme[31m=[32m"light"[31m
  [33mdir[31m=[32m"ltr"[31m
[36m>[31m
  [36m<div>[31m
    [36m<main[31m
      [33mclass[31m=[32m"box-border min-h-screen w-full bg-[var(--page-bg)] text-[var(--page-foreground)]"[31m
      [33mid[31m=[32m"main"[31m
      [33mrole[31m=[32m"main"[31m
      [33mstyle[31m=[32m"opacity: 0;"[31m
      [33mtabindex[31m=[32m"-1"[31m
    [36m>[31m
      [36m<div[31m
        [33mclass[31m=[32m"page-fade relative min-h-full"[31m
        [33mdata-page-fade[31m=[32m"true"[31m
        [33mdata-ready[31m=[32m"true"[31m
        [33mstyle[31m=[32m"--page-fade-delay: 80ms;"[31m
      [36m>[31m
        [36m<div[31m
          [33mclass[31m=[32m"flex h-full w-full flex-col bg-(--page-bg) text-(--page-text) sm:h-[640px] sm:max-h-[85vh] sm:flex-row"[31m
        [36m>[31m
          [36m<div[31m
            [33mclass[31m=[32m"px-2 md:px-4"[31m
          [36m>[31m
            [36m<div[31m
              [33mclass[31m=[32m"mb-8 flex flex-wrap items-center gap-4 sm:gap-5"[31m
              [33mdata-fade[31m=[32m"true"[31m
              [33mstyle[31m=[32m"--fade-delay: 80ms;"[31m
            [36m>[31m
              [36m<div[31m
                [33mclass[31m=[32m"flex h-12 w-12 items-center justify-center rounded-full bg-[color-mix(in_srgb,var(--glass-bg)_70%,var(--nav-link)_30%)] text-[var(--nav-link)] shadow-premium transition-transform duration-200 hover:scale-105 dark:bg-[color-mix(in_srgb,var(--glass-bg)_65%,var(--nav-link)_35%)] dark:shadow-premium backdrop-blur-sm [-webkit-backdrop-filter:blur(12px)]"[31m
              [36m>[31m
                [36m<svg[31m
                  [33maria-hidden[31m=[32m"true"[31m
                  [33mclass[31m=[32m"lucide lucide-settings h-6 w-6"[31m
                  [33mfill[31m=[32m"none"[31m
                  [33mheight[31m=[32m"24"[31m
                  [33mstroke[31m=[32m"currentColor"[31m
                  [33mstroke-linecap[31m=[32m"round"[31m
                  [33mstroke-linejoin[31m=[32m"round"[31m
                  [33mstroke-width[31m=[32m"2"[31m
                  [33mviewBox[31m=[32m"0 0 24 24"[31m
                  [33mwidth[31m=[32m"24"[31m
                  [33mxmlns[31m=[32m"http://www.w3.org/2000/svg"[31m
                [36m>[31m
                  [36m<path[31m
                    [33md[31m=[32m"M9.671 4.136a2.34 2.34 0 0 1 4.659 0 2.34 2.34 0 0 0 3.319 1.915 2.34 2.34 0 0 1 2.33 4.033 2.34 2.34 0 0 0 0 3.831 2.34 2.34 0 0 1-2.33 4.033 2.34 2.34 0 0 0-3.319 1.915 2.34 2.34 0 0 1-4.659 0 2.34 2.34 0 0 0-3.32-1.915 2.34 2.34 0 0 1-2.33-4.033 2.34 2.34 0 0 0 0-3.831A2.34 2.34 0 0 1 6.35 6.051a2.34 2.34 0 0 0 3.319-1.915"[31m
                  [36m/>[31m
                  [36m<circle[31m
                    [33mcx[31m=[32m"12"[31m
                    [33mcy[31m=[32m"12"[31m
                    [33mr[31m=[32m"3"[31m
                  [36m/>[31m
                [36m</svg>[31m
              [36m</div>[31m
              [36m<h1[31m
                [33mclass[31m=[32m"text-[clamp(1.6rem,5vw,2.75rem)] font-bold tracking-tight text-[var(--page-text)]"[31m
              [36m>[31m
                [0mSettings[0m
              [36m</h1>[31m
            [36m</div>[31m
            [36m<div[31m
              [33mclass[31m=[32m"mb-8"[31m
              [33mdata-fade[31m=[32m"true"[31m
              [33mstyle[31m=[32m"--fade-delay: 140ms;"[31m
            [36m>[31m
              [36m<div[31m
                [33mclass[31m=[32m"relative flex flex-wrap items-center gap-1.5 overflow-x-auto rounded-2xl px-1.5 py-1.5 border border-(--glass-border) bg-(--bg-surface)/30 backdrop-blur-md shadow-glass"[31m
                [33mrole[31m=[32m"tablist"[31m
              [36m>[31m
                [36m<button[31m
                  [33mclass[31m=[32m"relative flex h-10 items-center justify-center rounded-xl px-5 text-sm font-black transition-all duration-500 text-primary-text"[31m
                  [33mtype[31m=[32m"button"[31m
                [36m>[31m
                  [36m<div[31m
                    [33mclass[31m=[32m"absolute inset-0 z-0 rounded-xl bg-brand/10 ring-1 ring-brand/20"[31m
                  [36m/>[31m
                  [36m<span[31m
                    [33mclass[31m=[32m"relative z-1"[31m
                  [36m>[31m
                    [0mGeneral[0m
                  [36m</span>[31m
                [36m</button>[31m
                [36m<button[31m
                  [33mclass[31m=[32m"relative flex h-10 items-center justify-center rounded-xl px-5 text-sm font-black transition-all duration-500 text-secondary-text opacity-70 hover:opacity-100 hover:bg-surface-hover/20"[31m
                  [33mtype[31m=[32m"button"[31m
                [36m>[31m
                  [36m<span[31m
                    [33mclass[31m=[32m"relative z-1"[31m
                  [36m>[31m
                    [0mAccount[0m
                  [36m</span>[31m
                [36m</button>[31m
                [36m<button[31m
                  [33mclass[31m=[32m"relative flex h-10 items-center justify-center rounded-xl px-5 text-sm font-black transition-all duration-500 text-secondary-text opacity-70 hover:opacity-100 hover:bg-surface-hover/20"[31m
                  [33mtype[31m=[32m"button"[31m
                [36m>[31m
                  [36m<span[31m
                    [33mclass[31m=[32m"relative z-1"[31m
                  [36m>[31m
                    [0mIntegrations[0m
                  [36m</span>[31m
                [36m</button>[31m
              [36m</div>[31m
            [36m</div>[31m
            [36m<div[31m
              [33mdata-fade[31m=[32m"true"[31m
              [33mstyle[31m=[32m"--fade-delay: 200ms;"[31m
            [36m>[31m
              [36m<div[31m
                [33mclass[31m=[32m"flex w-full flex-col gap-8 sm:gap-10 xl:max-w-[min(100%,1100px)] 2xl:gap-12"[31m
              [36m>[31m
                [36m<div[31m
                  [33mclass[31m=[32m"flex flex-col gap-3"[31m
                [36m>[31m
                  [36m<h2[31m
                    [33mclass[31m=[32m"font-bold tracking-tight text-primary-text text-lg"[31m
                  [36m>[31m
                    [0mTheme[0m
                  [36m</h2>[31m
                  [36m<div[31m
                    [33mclass[31m=[32m"flex flex-row flex-wrap gap-4"[31m
                  [36m>[31m
                    [36m<label[31m
                      [33mclass[31m=[32m"group inline-flex items-center gap-3 rounded-xl px-2 py-1.5 cursor-pointer transition-all duration-300 hover:bg-brand/5 border border-transparent"[31m
                    [36m>[31m
                      [36m<label...[39m
 [31mтЭп[39m src/pages/__tests__/ResetPassword.test.tsx [2m([22m[2m2 tests[22m[2m | [22m[31m2 failed[39m[2m)[22m[32m 78[2mms[22m[39m
[31m   [31m├Ч[31m ResetPassword page[2m > [22mpropagates API errors to the user[39m[32m 63[2mms[22m[39m
[31m     тЖТ Found a label with the text of: (content) => content.startsWith(text), however no form control was found associated to that label. Make sure you're using the "for" attribute or "aria-labelledby" attribute correctly.

Ignored nodes: comments, script, style
[36m<body>[31m
  [36m<div>[31m
    [36m<div[31m
      [33mclass[31m=[32m"min-h-screen bg-(--page-bg) text-(--page-text) flex items-center justify-center p-6 relative overflow-hidden"[31m
    [36m>[31m
      [36m<div[31m
        [33mclass[31m=[32m"absolute top-0 left-0 w-full h-full pointer-events-none opacity-20"[31m
      [36m>[31m
        [36m<div[31m
          [33mclass[31m=[32m"absolute top-[-10%] right-[-5%] w-[40%] h-[40%] bg-brand/30 rounded-full blur-[120px]"[31m
        [36m/>[31m
        [36m<div[31m
          [33mclass[31m=[32m"absolute bottom-[-10%] left-[-5%] w-[40%] h-[40%] bg-brand/20 rounded-full blur-[120px]"[31m
        [36m/>[31m
      [36m</div>[31m
      [36m<div[31m
        [33mclass[31m=[32m"w-full max-w-[460px] z-10"[31m
        [33mstyle[31m=[32m"opacity: 0; transform: translateY(20px);"[31m
      [36m>[31m
        [36m<div[31m
          [33mclass[31m=[32m"relative flex flex-col gap-3 overflow-hidden rounded-3xl border bg-(--bg-surface)/40 text-(--primary-text) shadow-glass transition-all duration-500 before:pointer-events-none before:absolute before:inset-0 before:rounded-[inherit] before:opacity-30 before:bg-[radial-gradient(circle_at_0%_0%,var(--primary-main),transparent_60%)] dark:before:bg-[radial-gradient(circle_at_0%_0%,var(--primary-subtle),transparent_60%)] p-8 sm:p-10 border-glass-border shadow-2xl backdrop-blur-2xl"[31m
        [36m>[31m
          [36m<div[31m
            [33mclass[31m=[32m"space-y-8"[31m
          [36m>[31m
            [36m<div[31m
              [33mclass[31m=[32m"space-y-6"[31m
              [33mstyle[31m=[32m"opacity: 0;"[31m
            [36m>[31m
              [36m<div[31m
                [33mclass[31m=[32m"text-center space-y-2"[31m
              [36m>[31m
                [36m<h1[31m
                  [33mclass[31m=[32m"text-3xl font-black tracking-tight text-primary-text sm:text-4xl"[31m
                [36m>[31m
                  [0mCreate a new password[0m
                [36m</h1>[31m
                [36m<p[31m
                  [33mclass[31m=[32m"text-sm text-secondary-text font-medium"[31m
                [36m>[31m
                  [0mChoose a new password for your account.[0m
                [36m</p>[31m
              [36m</div>[31m
              [36m<form[31m
                [33maction[31m=[32m"javascript:throw new Error('A React form was unexpectedly submitted. If you called form.submit() manually, consider using form.requestSubmit() instead. If you\\'re trying to use event.stopPropagation() in a submit event handler, consider also calling event.preventDefault().')"[31m
                [33mautocomplete[31m=[32m"off"[31m
                [33mclass[31m=[32m"space-y-6"[31m
              [36m>[31m
                [36m<div[31m
                  [33mclass[31m=[32m"space-y-4"[31m
                [36m>[31m
                  [36m<div[31m
                    [33mclass[31m=[32m"space-y-2"[31m
                  [36m>[31m
                    [36m<div[31m
                      [33mclass[31m=[32m"flex flex-col gap-1.5 w-full rounded-2xl"[31m
                    [36m>[31m
                      [36m<label[31m
                        [33mclass[31m=[32m"mb-0.5 block px-1 text-xs font-bold uppercase tracking-widest text-secondary-text"[31m
                      [36m>[31m
                        [0mPassword[0m
                      [36m</label>[31m
                      [36m<div[31m
                        [33mclass[31m=[32m"relative"[31m
                      [36m>[31m
                        [36m<input[31m
                          [33mautocomplete[31m=[32m"new-password"[31m
                          [33mclass[31m=[32m"flex min-h-12 rounded-ue-md border border-border-subtle bg-surface px-4 py-3 text-base font-medium text-primary-text shadow-sm transition-all duration-500 placeholder:text-text-tertiary focus:border-border-focus focus:outline-none focus:shadow-focus disabled:cursor-not-allowed disabled:opacity-50 file:border-0 file:bg-transparent file:text-sm file:font-medium w-full pr-11"[31m
                          [33mname[31m=[32m"password"[31m
                          [33mtype[31m=[32m"password"[31m
                          [33mvalue[31m=[32m""[31m
                        [36m/>[31m
                        [36m<div[31m
                          [33mclass[31m=[32m"absolute right-4 top-1/2 -translate-y-1/2 text-tertiary-text"[31m
                        [36m>[31m
                          [36m<button[31m
                            [33mclass[31m=[32m"p-1 hover:bg-black/5 dark:hover:bg-white/5 rounded-md transition-colors"[31m
                            [33mtabindex[31m=[32m"-1"[31m
                            [33mtype[31m=[32m"button"[31m
                          [36m>[31m
                            [36m<svg[31m
                              [33maria-hidden[31m=[32m"true"[31m
                              [33mclass[31m=[32m"lucide lucide-eye h-4 w-4"[31m
                              [33mfill[31m=[32m"none"[31m
                              [33mheight[31m=[32m"24"[31m
                              [33mstroke[31m=[32m"currentColor"[31m
                              [33mstroke-linecap[31m=[32m"round"[31m
                              [33mstroke-linejoin[31m=[32m"round"[31m
                              [33mstroke-width[31m=[32m"2"[31m
                              [33mviewBox[31m=[32m"0 0 24 24"[31m
                              [33mwidth[31m=[32m"24"[31m
                              [33mxmlns[31m=[32m"http://www.w3.org/2000/svg"[31m
                            [36m>[31m
                              [36m<path[31m
                                [33md[31m=[32m"M2.062 12.348a1 1 0 0 1 0-.696 10.75 10.75 0 0 1 19.876 0 1 1 0 0 1 0 .696 10.75 10.75 0 0 1-19.876 0"[31m
                              [36m/>[31m
                              [36m<circle[31m
                                [33mcx[31m=[32m"12"[31m
                                [33mcy[31m=[32m"12"[31m
                                [33mr[31m=[32m"3"[31m
                              [36m/>[31m
                            [36m</svg>[31m
                          [36m</button>[31m
                        [36m</div>[31m
                      [36m</div>[31m
                    [36m</div>[31m
                  [36m</div>[31m
                  [36m<div[31m
                    [33mclass[31m=[32m"space-y-2"[31m
                  [36m>[31m
                    [36m<div[31m
                      [33mclass[31m=[32m"flex flex-col gap-1.5 w-full rounded-2xl"[31m
                    [36m>[31m
                      [36m<label[31m
                        [33mclass[31m=[32m"mb-0.5 block px-1 text-xs font-bold uppercase tracking-widest text-secondary-text"[31m
                      [36m>[31m
                        [0mConfirm password[0m
                      [36m</label>[31m
                      [36m<div[31m
                        [33mclass[31m=[32m"relative"[31m
                      [36m>[31m
                        [36m<input[31m
                          [33mautocomplete[31m=[32m"new-password"[31m
                          [33mclass[31m=[32m"flex min-h-12 rounded-ue-md border border-border-subtle bg-surface px-4 py-3 text-base font-medium text-primary-text shadow-sm transition-all duration-500 placeholder:text-text-tertiary focus:border-border-focus focus:outline-none focus:shadow-focus disabled:cursor-not-allowed disabled:opacity-50 file:border-0 file:bg-transparent file:text-sm file:font-medium w-full pr-11"[31m
                          [33mname[31m=[32m"confirm"[31m
                          [33mtype[31m=[32m"password"[31m
                          [33mvalue[31m=[32m""[31m
                        [36m/>[31m
                        [36m<div[31m
                          [33mclass[31m=[32m"absolute right-4 top-1/2 -translate-y-1/2 text-tertiary-text"[31m
                        [36m>[31m
                          [36m<button[31m
                            [33mclass[31m=[32m"p-1 hover:bg-black/5 dark:hover:bg-white/5 rounded-md transition-colors"[31m
                            [33mtabindex[31m=[32m"-1"[31m
                            [33mtype[31m=[32m"button"[31m
                          [36m>[31m
                            [36m<svg[31m
                              [33maria-hidden[31m=[32m"true"[31m
                              [33mclass[31m=[32m"lucide lucide-eye h-4 w-4"[31m
                              [33mfill[31m=[32m"none"[31m
                              [33mheight[31m=[32m"24"[31m
                              [33mstroke[31m=[32m"currentColor"[31m
                              [33mstroke-linecap[31m=[32m"round"[31m
                              [33mstroke-linejoin[31m=[32m"round"[31m
                              [33mstroke-width[31m=[32m"2"[31m
                              [33mviewBox[31m=[32m"0 0 24 24"[31m
                              [33mwidth[31m=[32m"24"[31m
                              [33mxmlns[31m=[32m"http://www.w3.org/2000/svg"[31m
                            [36m>[31m
                              [36m<path[31m
                                [33md[31m=[32m"M2.062 12.348a1 1 0 0 1 0-.696 10.75 10.75 0 0 1 19.876 0 1 1 0 0 1 0 .696 10.75 10.75 0 0 1-19.876 0"[31m
                              [36m/>[31m
                              [36m<circle[31m
                                [33mcx[31m=[32m"12"[31m
                                [33mcy[31m=[32m"12"[31m
                                [33mr[31m=[32m"3"[31m
                              [36m/>[31m
                            [36m</svg>[31m
                          [36m</button>[31m
                        [36m</div>[31m
                      [36m</div>[31m
                    [36m</div>[31m
                  [36m</div>[31m
                [36m</div>[31m
                [36m<div[31m
                  [33mclass[31m=[32m"space-y-4 pt-2"[31m
                [36m>[31m
                  [36m<button[31m
                    [33maria-disabled[31m=[32m"true"[31m
                    [33mclass[31m=[32m"group/button relative inline-flex items-center justify-center gap-2 overflow-hidden rounded-ue-lg tracking-tight transition-premium focus-visible:outline-none focus-visible:shadow-focus no-underline hover:no-underline focus-visible:no-underline motion-reduce:transition-shadow min-h-12 px-5 py-2.5 bg-gradient-brand text-inverse-text ring-brand/20 transition-all duration-500 hover:shadow-premium-lift hover:scale-[1.02] hover:opacity-95 active:scale-95 motion-reduce:hover:translate-y-0 motion-reduce:hover:scale-100 motion-reduce:active:translate-y-0 motion-reduce:active:scale-100 disabled:bg-slate-200 disabled:text-slate-400 dark:disabled:bg-slate-800 dark:disabled:text-slate-600 pointer-events-none opacity-60 w-full h-14 rounded-2xl text-base font-black shadow-lg shadow-brand/20"[31m
                    [33mdisabled[31m=[32m""[31m
                    [33mtype[31m=[32m"submit"[31m
                  [36m>[31m
                    [36m<span[31m
                      [33mclass[31m=[32m"-ml-1 inline-flex items-center"[31m
                    [36m>[31m
                      [36m<svg[31m
                        [33maria-hidden[31m=[32m"true"[31m
                        [33mclass[31m=[32m"lucide lucide-lock h-5 w-5"[31m
                        [33mfill[31m=[32m"none"[31m
                        [33mheight[31m=[32m"24"[31m
                        [33mstroke[31m=[32m"currentColor"[31m
                        [33mstroke-linecap[31m=[32m"round"[31m
                        [33mstroke-linejoin[31m=[32m"round"[31m
                        [33mstroke-width[31m=[32m"2"[31m
                        [33mviewBox[31m=[32m"0 0 24 24"[31m
                        [33mwidth[31m=[32m"24"[31m
                        [33mxmlns[31m=[32m"http://www.w3.org/2000/svg"[31m
                      [36m>[31m
                        [36m<rect[31m
                          [33mheight[31m=[32m"11"[31m
                          [33mrx[31m=[32m"2"[31m
                          [33mry[31m=[32m"2"[31m
                          [33mwidth[31m=[32m"18"[31m
                          [33mx[31m=[32m"3"[31m
                          [33my[31m=[32m"11"[31m
                        [36m/>[31m
                        [36m<path[31m
                          [33md[31m=[32m"M7 11V7a5 5 0 0 1 10 0v4"[31m
                        [36m/>[31m
                      [36m</svg>[31m
                    [36m</span>[31m
                    [36m<span[31m
                      [33mclass[31m=[32m"relative"[31m
                    [36m>[31m
                      [0mSave password[0m
                    [36m</span>[31m
                  [36m</button>[31m
                  [36m<div[31m
                    [33mclass[31m=[32m"pt-2 text-center"[31m
                  [36m>[31m
                    [36m<a[31m
                      [33mclass[31m=[32m"inline-flex items-center gap-2 text-sm font-bold text-secondary-text hover:text-brand transition-colors group"[31m
                      [33mdata-discover[31m=[32m"true"[31m
                      [33mhref[31m=[32m"/forgot-password"[31m
                    [36m>[31m
                      [36m<svg[31m
                        [33maria-hidden[31m=[32m"true"[31m
                        [33mclass[31m=[32m"lucide lucide-chevron-left h-4 w-4 transition-transform group-hover:-translate-x-1"[31m
                        [33mfill[31m=[32m"none"[31m
                        [33mheight[31m=[32m"24"[31m
                        [33mstroke[31m=[32m"currentColor"[31m
                        [33mstroke-linecap[31m=[32m"round"[31m
                        [33mstroke-linejoin[31m=[32m"round"[31m
                        [33mstroke-width[31m=[32m"2"[31m
                        [33mviewBox[31m=[32m"0 0 24 24"[31m
                        [33mwidth[31m=[32m"24"[31m
                        [33mxmlns[31m=[32m"http://www.w3.org/2000/svg"[31m
                      [36m>[31m
                        [36m<path[31m
                          [33md[31m=[32m"m15 18-6-6 6-6"[31m
                        [36m/>[31m
                      [36m</svg>[31m
                      [0mDidn't receive the email?[0m
                    [36m</a>[31m
                  [36m</div>[31m
                [36m</div>[31m
              [36m</form>[31m
            [36m</div>[31m
          [36m</div>[31m
        [36m</div>[31m
      [36m</div>[31m
    [36m</div>[31m
  [36m</div>[31m
[36m</body>[31m[39m
[31m   [31m├Ч[31m ResetPassword page[2m > [22msubmits the new password and shows success state[39m[32m 13[2mms[22m[39m
[31m     тЖТ Found a label with the text of: (content) => content.startsWith(text), however no form control was found associated to that label. Make sure you're using the "for" attribute or "aria-labelledby" attribute correctly.

Ignored nodes: comments, script, style
[36m<body>[31m
  [36m<div>[31m
    [36m<div[31m
      [33mclass[31m=[32m"min-h-screen bg-(--page-bg) text-(--page-text) flex items-center justify-center p-6 relative overflow-hidden"[31m
    [36m>[31m
      [36m<div[31m
        [33mclass[31m=[32m"absolute top-0 left-0 w-full h-full pointer-events-none opacity-20"[31m
      [36m>[31m
        [36m<div[31m
          [33mclass[31m=[32m"absolute top-[-10%] right-[-5%] w-[40%] h-[40%] bg-brand/30 rounded-full blur-[120px]"[31m
        [36m/>[31m
        [36m<div[31m
          [33mclass[31m=[32m"absolute bottom-[-10%] left-[-5%] w-[40%] h-[40%] bg-brand/20 rounded-full blur-[120px]"[31m
        [36m/>[31m
      [36m</div>[31m
      [36m<div[31m
        [33mclass[31m=[32m"w-full max-w-[460px] z-10"[31m
        [33mstyle[31m=[32m"opacity: 0; transform: translateY(20px);"[31m
      [36m>[31m
        [36m<div[31m
          [33mclass[31m=[32m"relative flex flex-col gap-3 overflow-hidden rounded-3xl border bg-(--bg-surface)/40 text-(--primary-text) shadow-glass transition-all duration-500 before:pointer-events-none before:absolute before:inset-0 before:rounded-[inherit] before:opacity-30 before:bg-[radial-gradient(circle_at_0%_0%,var(--primary-main),transparent_60%)] dark:before:bg-[radial-gradient(circle_at_0%_0%,var(--primary-subtle),transparent_60%)] p-8 sm:p-10 border-glass-border shadow-2xl backdrop-blur-2xl"[31m
        [36m>[31m
          [36m<div[31m
            [33mclass[31m=[32m"space-y-8"[31m
          [36m>[31m
            [36m<div[31m
              [33mclass[31m=[32m"space-y-6"[31m
              [33mstyle[31m=[32m"opacity: 0;"[31m
            [36m>[31m
              [36m<div[31m
                [33mclass[31m=[32m"text-center space-y-2"[31m
              [36m>[31m
                [36m<h1[31m
                  [33mclass[31m=[32m"text-3xl font-black tracking-tight text-primary-text sm:text-4xl"[31m
                [36m>[31m
                  [0mCreate a new password[0m
                [36m</h1>[31m
                [36m<p[31m
                  [33mclass[31m=[32m"text-sm text-secondary-text font-medium"[31m
                [36m>[31m
                  [0mChoose a new password for your account.[0m
                [36m</p>[31m
              [36m</div>[31m
              [36m<form[31m
                [33maction[31m=[32m"javascript:throw new Error('A React form was unexpectedly submitted. If you called form.submit() manually, consider using form.requestSubmit() instead. If you\\'re trying to use event.stopPropagation() in a submit event handler, consider also calling event.preventDefault().')"[31m
                [33mautocomplete[31m=[32m"off"[31m
                [33mclass[31m=[32m"space-y-6"[31m
              [36m>[31m
                [36m<div[31m
                  [33mclass[31m=[32m"space-y-4"[31m
                [36m>[31m
                  [36m<div[31m
                    [33mclass[31m=[32m"space-y-2"[31m
                  [36m>[31m
                    [36m<div[31m
                      [33mclass[31m=[32m"flex flex-col gap-1.5 w-full rounded-2xl"[31m
                    [36m>[31m
                      [36m<label[31m
                        [33mclass[31m=[32m"mb-0.5 block px-1 text-xs font-bold uppercase tracking-widest text-secondary-text"[31m
                      [36m>[31m
                        [0mPassword[0m
                      [36m</label>[31m
                      [36m<div[31m
                        [33mclass[31m=[32m"relative"[31m
                      [36m>[31m
                        [36m<input[31m
                          [33mautocomplete[31m=[32m"new-password"[31m
                          [33mclass[31m=[32m"flex min-h-12 rounded-ue-md border border-border-subtle bg-surface px-4 py-3 text-base font-medium text-primary-text shadow-sm transition-all duration-500 placeholder:text-text-tertiary focus:border-border-focus focus:outline-none focus:shadow-focus disabled:cursor-not-allowed disabled:opacity-50 file:border-0 file:bg-transparent file:text-sm file:font-medium w-full pr-11"[31m
                          [33mname[31m=[32m"password"[31m
                          [33mtype[31m=[32m"password"[31m
                          [33mvalue[31m=[32m""[31m
                        [36m/>[31m
                        [36m<div[31m
                          [33mclass[31m=[32m"absolute right-4 top-1/2 -translate-y-1/2 text-tertiary-text"[31m
                        [36m>[31m
                          [36m<button[31m
                            [33mclass[31m=[32m"p-1 hover:bg-black/5 dark:hover:bg-white/5 rounded-md transition-colors"[31m
                            [33mtabindex[31m=[32m"-1"[31m
                            [33mtype[31m=[32m"button"[31m
                          [36m>[31m
                            [36m<svg[31m
                              [33maria-hidden[31m=[32m"true"[31m
                              [33mclass[31m=[32m"lucide lucide-eye h-4 w-4"[31m
                              [33mfill[31m=[32m"none"[31m
                              [33mheight[31m=[32m"24"[31m
                              [33mstroke[31m=[32m"currentColor"[31m
                              [33mstroke-linecap[31m=[32m"round"[31m
                              [33mstroke-linejoin[31m=[32m"round"[31m
                              [33mstroke-width[31m=[32m"2"[31m
                              [33mviewBox[31m=[32m"0 0 24 24"[31m
                              [33mwidth[31m=[32m"24"[31m
                              [33mxmlns[31m=[32m"http://www.w3.org/2000/svg"[31m
                            [36m>[31m
                              [36m<path[31m
                                [33md[31m=[32m"M2.062 12.348a1 1 0 0 1 0-.696 10.75 10.75 0 0 1 19.876 0 1 1 0 0 1 0 .696 10.75 10.75 0 0 1-19.876 0"[31m
                              [36m/>[31m
                              [36m<circle[31m
                                [33mcx[31m=[32m"12"[31m
                                [33mcy[31m=[32m"12"[31m
                                [33mr[31m=[32m"3"[31m
                              [36m/>[31m
                            [36m</svg>[31m
                          [36m</button>[31m
                        [36m</div>[31m
                      [36m</div>[31m
                    [36m</div>[31m
                  [36m</div>[31m
                  [36m<div[31m
                    [33mclass[31m=[32m"space-y-2"[31m
                  [36m>[31m
                    [36m<div[31m
                      [33mclass[31m=[32m"flex flex-col gap-1.5 w-full rounded-2xl"[31m
                    [36m>[31m
                      [36m<label[31m
                        [33mclass[31m=[32m"mb-0.5 block px-1 text-xs font-bold uppercase tracking-widest text-secondary-text"[31m
                      [36m>[31m
                        [0mConfirm password[0m
                      [36m</label>[31m
                      [36m<div[31m
                        [33mclass[31m=[32m"relative"[31m
                      [36m>[31m
                        [36m<input[31m
                          [33mautocomplete[31m=[32m"new-password"[31m
                          [33mclass[31m=[32m"flex min-h-12 rounded-ue-md border border-border-subtle bg-surface px-4 py-3 text-base font-medium text-primary-text shadow-sm transition-all duration-500 placeholder:text-text-tertiary focus:border-border-focus focus:outline-none focus:shadow-focus disabled:cursor-not-allowed disabled:opacity-50 file:border-0 file:bg-transparent file:text-sm file:font-medium w-full pr-11"[31m
                          [33mname[31m=[32m"confirm"[31m
                          [33mtype[31m=[32m"password"[31m
                          [33mvalue[31m=[32m""[31m
                        [36m/>[31m
                        [36m<div[31m
                          [33mclass[31m=[32m"absolute right-4 top-1/2 -translate-y-1/2 text-tertiary-text"[31m
                        [36m>[31m
                          [36m<button[31m
                            [33mclass[31m=[32m"p-1 hover:bg-black/5 dark:hover:bg-white/5 rounded-md transition-colors"[31m
                            [33mtabindex[31m=[32m"-1"[31m
                            [33mtype[31m=[32m"button"[31m
                          [36m>[31m
                            [36m<svg[31m
                              [33maria-hidden[31m=[32m"true"[31m
                              [33mclass[31m=[32m"lucide lucide-eye h-4 w-4"[31m
                              [33mfill[31m=[32m"none"[31m
                              [33mheight[31m=[32m"24"[31m
                              [33mstroke[31m=[32m"currentColor"[31m
                              [33mstroke-linecap[31m=[32m"round"[31m
                              [33mstroke-linejoin[31m=[32m"round"[31m
                              [33mstroke-width[31m=[32m"2"[31m
                              [33mviewBox[31m=[32m"0 0 24 24"[31m
                              [33mwidth[31m=[32m"24"[31m
                              [33mxmlns[31m=[32m"http://www.w3.org/2000/svg"[31m
                            [36m>[31m
                              [36m<path[31m
                                [33md[31m=[32m"M2.062 12.348a1 1 0 0 1 0-.696 10.75 10.75 0 0 1 19.876 0 1 1 0 0 1 0 .696 10.75 10.75 0 0 1-19.876 0"[31m
                              [36m/>[31m
                              [36m<circle[31m
                                [33mcx[31m=[32m"12"[31m
                                [33mcy[31m=[32m"12"[31m
                                [33mr[31m=[32m"3"[31m
                              [36m/>[31m
                            [36m</svg>[31m
                          [36m</button>[31m
                        [36m</div>[31m
                      [36m</div>[31m
                    [36m</div>[31m
                  [36m</div>[31m
                [36m</div>[31m
                [36m<div[31m
                  [33mclass[31m=[32m"space-y-4 pt-2"[31m
                [36m>[31m
                  [36m<button[31m
                    [33maria-disabled[31m=[32m"true"[31m
                    [33mclass[31m=[32m"group/button relative inline-flex items-center justify-center gap-2 overflow-hidden rounded-ue-lg tracking-tight transition-premium focus-visible:outline-none focus-visible:shadow-focus no-underline hover:no-underline focus-visible:no-underline motion-reduce:transition-shadow min-h-12 px-5 py-2.5 bg-gradient-brand text-inverse-text ring-brand/20 transition-all duration-500 hover:shadow-premium-lift hover:scale-[1.02] hover:opacity-95 active:scale-95 motion-reduce:hover:translate-y-0 motion-reduce:hover:scale-100 motion-reduce:active:translate-y-0 motion-reduce:active:scale-100 disabled:bg-slate-200 disabled:text-slate-400 dark:disabled:bg-slate-800 dark:disabled:text-slate-600 pointer-events-none opacity-60 w-full h-14 rounded-2xl text-base font-black shadow-lg shadow-brand/20"[31m
                    [33mdisabled[31m=[32m""[31m
                    [33mtype[31m=[32m"submit"[31m
                  [36m>[31m
                    [36m<span[31m
                      [33mclass[31m=[32m"-ml-1 inline-flex items-center"[31m
                    [36m>[31m
                      [36m<svg[31m
                        [33maria-hidden[31m=[32m"true"[31m
                        [33mclass[31m=[32m"lucide lucide-lock h-5 w-5"[31m
                        [33mfill[31m=[32m"none"[31m
                        [33mheight[31m=[32m"24"[31m
                        [33mstroke[31m=[32m"currentColor"[31m
                        [33mstroke-linecap[31m=[32m"round"[31m
                        [33mstroke-linejoin[31m=[32m"round"[31m
                        [33mstroke-width[31m=[32m"2"[31m
                        [33mviewBox[31m=[32m"0 0 24 24"[31m
                        [33mwidth[31m=[32m"24"[31m
                        [33mxmlns[31m=[32m"http://www.w3.org/2000/svg"[31m
                      [36m>[31m
                        [36m<rect[31m
                          [33mheight[31m=[32m"11"[31m
                          [33mrx[31m=[32m"2"[31m
                          [33mry[31m=[32m"2"[31m
                          [33mwidth[31m=[32m"18"[31m
                          [33mx[31m=[32m"3"[31m
                          [33my[31m=[32m"11"[31m
                        [36m/>[31m
                        [36m<path[31m
                          [33md[31m=[32m"M7 11V7a5 5 0 0 1 10 0v4"[31m
                        [36m/>[31m
                      [36m</svg>[31m
                    [36m</span>[31m
                    [36m<span[31m
                      [33mclass[31m=[32m"relative"[31m
                    [36m>[31m
                      [0mSave password[0m
                    [36m</span>[31m
                  [36m</button>[31m
                  [36m<div[31m
                    [33mclass[31m=[32m"pt-2 text-center"[31m
                  [36m>[31m
                    [36m<a[31m
                      [33mclass[31m=[32m"inline-flex items-center gap-2 text-sm font-bold text-secondary-text hover:text-brand transition-colors group"[31m
                      [33mdata-discover[31m=[32m"true"[31m
                      [33mhref[31m=[32m"/forgot-password"[31m
                    [36m>[31m
                      [36m<svg[31m
                        [33maria-hidden[31m=[32m"true"[31m
                        [33mclass[31m=[32m"lucide lucide-chevron-left h-4 w-4 transition-transform group-hover:-translate-x-1"[31m
                        [33mfill[31m=[32m"none"[31m
                        [33mheight[31m=[32m"24"[31m
                        [33mstroke[31m=[32m"currentColor"[31m
                        [33mstroke-linecap[31m=[32m"round"[31m
                        [33mstroke-linejoin[31m=[32m"round"[31m
                        [33mstroke-width[31m=[32m"2"[31m
                        [33mviewBox[31m=[32m"0 0 24 24"[31m
                        [33mwidth[31m=[32m"24"[31m
                        [33mxmlns[31m=[32m"http://www.w3.org/2000/svg"[31m
                      [36m>[31m
                        [36m<path[31m
                          [33md[31m=[32m"m15 18-6-6 6-6"[31m
                        [36m/>[31m
                      [36m</svg>[31m
                      [0mDidn't receive the email?[0m
                    [36m</a>[31m
                  [36m</div>[31m
                [36m</div>[31m
              [36m</form>[31m
            [36m</div>[31m
          [36m</div>[31m
        [36m</div>[31m
      [36m</div>[31m
    [36m</div>[31m
  [36m</div>[31m
[36m</body>[31m[39m
 [31mтЭп[39m src/pages/__tests__/Settings.notifications.test.tsx [2m([22m[2m7 tests[22m[2m | [22m[31m5 failed[39m[2m)[22m[33m 2271[2mms[22m[39m
[31m   [31m├Ч[31m usePushPreferences notifications flow[2m > [22menables notifications when subscription is ensured[39m[33m 1152[2mms[22m[39m
[31m     тЖТ expected false to be true // Object.is equality

Ignored nodes: comments, script, style
[36m<html[31m
  [33mlang[31m=[32m"en"[31m
[36m>[31m
  [36m<head />[31m
  [36m<body>[31m
    [36m<div />[31m
  [36m</body>[31m
[36m</html>[31m[39m
   [32mтЬУ[39m usePushPreferences notifications flow[2m > [22mdisables notifications and removes subscription[32m 89[2mms[22m[39m
[31m   [31m├Ч[31m usePushPreferences notifications flow[2m > [22mupdates topics when toggles change[39m[33m 1014[2mms[22m[39m
[31m     тЖТ expected false to be true // Object.is equality

Ignored nodes: comments, script, style
[36m<html[31m
  [33mlang[31m=[32m"en"[31m
[36m>[31m
  [36m<head />[31m
  [36m<body>[31m
    [36m<div />[31m
  [36m</body>[31m
[36m</html>[31m[39m
[31m   [31m├Ч[31m usePushPreferences notifications flow[2m > [22mpersists topic selection locally when notifications are disabled[39m[32m 4[2mms[22m[39m
[31m     тЖТ expected "spy" to be called with arguments: [ тАж(2) ][90m

Number of calls: [1m0[22m
[31m[39m
[31m   [31m├Ч[31m usePushPreferences notifications flow[2m > [22mnotifies user when permission is denied[39m[32m 3[2mms[22m[39m
[31m     тЖТ expected "spy" to be called at least once[39m
[31m   [31m├Ч[31m usePushPreferences notifications flow[2m > [22masks user to confirm permission prompt when subscription is unavailable[39m[32m 5[2mms[22m[39m
[31m     тЖТ expected "spy" to be called with arguments: [ ObjectContaining{тАж} ][90m

Received: 

[1m  1st spy call:

[22m[2m  [[22m
[32m-   ObjectContaining {[90m
[32m-     "sev": "info",[90m
[32m-     "text": "Approve the notification request to receive pushes",[90m
[31m+   {[90m
[31m+     "sev": "error",[90m
[31m+     "text": "Couldn't enable notifications",[90m
[2m    },[22m
[2m  ][22m
[31m[90m

Number of calls: [1m1[22m
[31m[39m
   [32mтЬУ[39m usePushPreferences notifications flow[2m > [22minforms user when subscription cannot be created despite granted permission[32m 3[2mms[22m[39m
 [31mтЭп[39m src/pages/__tests__/Settings.radio.test.tsx [2m([22m[2m2 tests[22m[2m | [22m[31m2 failed[39m[2m)[22m[32m 140[2mms[22m[39m
[31m   [31m├Ч[31m Settings radio buttons[2m > [22mrenders theme radio buttons and allows interaction[39m[32m 99[2mms[22m[39m
[31m     тЖТ expected [] to have a length of 3 but got +0[39m
[31m   [31m├Ч[31m Settings radio buttons[2m > [22mrenders language radio buttons and allows interaction[39m[32m 39[2mms[22m[39m
[31m     тЖТ expected 0 to be greater than or equal to 2[39m
[90mstdout[2m | src/pages/__tests__/AdminUsers.test.tsx[2m > [22m[2mAdminUsers page[2m > [22m[2mhandles user deletion
[22m[39m[SmartImage] status=fallback src=/fallbacks/placeholder.png
[SmartImage] status=fallback src=/fallbacks/placeholder.png
[SmartImage] status=fallback src=/fallbacks/placeholder.png
[SmartImage] status=fallback src=/fallbacks/placeholder.png

 [31mтЭп[39m src/components/__tests__/AsyncImage.test.tsx [2m([22m[2m3 tests[22m[2m | [22m[31m2 failed[39m[2m)[22m[32m 58[2mms[22m[39m
[31m   [31m├Ч[31m AsyncImage[2m > [22mrenders skeleton while loading and hides it after load[39m[32m 42[2mms[22m[39m
[31m     тЖТ [2mexpect([22m[31melement[31m[2m).not.toBeInTheDocument()[22m

[31mexpected document not to contain element, found <div
  class="absolute inset-0 z-10"
  data-testid="async-image-skeleton"
  style="opacity: 1;"
>
  <div
    class="animate-pulse bg-white/5 dark:bg-white/10 rounded-none"
    style="width: 100%; height: 100%;"
  />
</div> instead[31m[39m
   [32mтЬУ[39m AsyncImage[2m > [22mdisplays fallback on error[32m 9[2mms[22m[39m
[31m   [31m├Ч[31m AsyncImage[2m > [22mforces reload when version changes[39m[32m 5[2mms[22m[39m
[31m     тЖТ [2mexpect([22m[31melement[31m[2m).not.toBeInTheDocument()[22m

[31mexpected document not to contain element, found <div
  class="absolute inset-0 z-10"
  data-testid="async-image-skeleton"
  style="opacity: 1;"
>
  <div
    class="animate-pulse bg-white/5 dark:bg-white/10 rounded-none"
    style="width: 100%; height: 100%;"
  />
</div> instead[31m[39m
 [31mтЭп[39m src/pages/__tests__/AdminAudit.test.tsx [2m([22m[2m3 tests[22m[2m | [22m[31m3 failed[39m[2m)[22m[33m 2381[2mms[22m[39m
[31m   [31m├Ч[31m AdminAudit page[2m > [22mrenders audit logs[39m[33m 1163[2mms[22m[39m
[31m     тЖТ Unable to find an element with the text: USER LOGIN. This could be because the text is broken up by multiple elements. In this case, you can provide a function for your text matcher to make your matcher more flexible.

Ignored nodes: comments, script, style
[36m<body[31m
  [33mdir[31m=[32m"ltr"[31m
[36m>[31m
  [36m<div>[31m
    [36m<main[31m
      [33mclass[31m=[32m"box-border min-h-screen w-full bg-[var(--page-bg)] text-[var(--page-foreground)]"[31m
      [33mid[31m=[32m"main"[31m
      [33mrole[31m=[32m"main"[31m
      [33mstyle[31m=[32m"opacity: 1;"[31m
      [33mtabindex[31m=[32m"-1"[31m
    [36m>[31m
      [36m<div[31m
        [33mclass[31m=[32m"min-h-screen w-full bg-background/50 py-12"[31m
      [36m>[31m
        [36m<div[31m
          [33mclass[31m=[32m"mx-auto max-w-7xl px-4 sm:px-6 lg:px-8"[31m
        [36m>[31m
          [36m<div[31m
            [33mclass[31m=[32m"mb-8"[31m
            [33mstyle[31m=[32m"opacity: 1; transform: none;"[31m
          [36m>[31m
            [36m<h1[31m
              [33mclass[31m=[32m"text-4xl font-bold tracking-tight text-primary-text sm:text-5xl"[31m
            [36m>[31m
              [0mSecure Audit Logs[0m
            [36m</h1>[31m
            [36m<p[31m
              [33mclass[31m=[32m"mt-2 text-base text-secondary-text"[31m
            [36m>[31m
              [0mCryptographically verified activity logging system.[0m
            [36m</p>[31m
          [36m</div>[31m
          [36m<div[31m
            [33mclass[31m=[32m"relative flex-col overflow-hidden rounded-3xl border border-(--glass-border) bg-(--bg-surface)/40 text-(--primary-text) shadow-glass transition-all duration-500 before:pointer-events-none before:absolute before:inset-0 before:rounded-[inherit] before:opacity-30 before:bg-[radial-gradient(circle_at_0%_0%,var(--primary-main),transparent_60%)] dark:before:bg-[radial-gradient(circle_at_0%_0%,var(--primary-subtle),transparent_60%)] mb-6 flex flex-wrap items-end gap-4 p-6"[31m
          [36m>[31m
            [36m<div[31m
              [33mclass[31m=[32m"flex flex-col gap-1.5 min-w-[200px] flex-1"[31m
            [36m>[31m
              [36m<label[31m
                [33mclass[31m=[32m"mb-0.5 block px-1 text-xs font-bold uppercase tracking-widest text-secondary-text"[31m
              [36m>[31m
                [0mResource Type[0m
              [36m</label>[31m
              [36m<div[31m
                [33mclass[31m=[32m"relative"[31m
              [36m>[31m
                [36m<input[31m
                  [33mclass[31m=[32m"flex min-h-12 w-full rounded-ue-md border border-border-subtle bg-surface px-4 py-3 text-base font-medium text-primary-text shadow-sm transition-all duration-500 placeholder:text-text-tertiary focus:border-border-focus focus:outline-none focus:shadow-focus disabled:cursor-not-allowed disabled:opacity-50 file:border-0 file:bg-transparent file:text-sm file:font-medium"[31m
                  [33mtype[31m=[32m"text"[31m
                  [33mvalue[31m=[32m""[31m
                [36m/>[31m
              [36m</div>[31m
            [36m</div>[31m
            [36m<div[31m
              [33mclass[31m=[32m"flex flex-col gap-1.5 min-w-[200px] flex-1"[31m
            [36m>[31m
              [36m<label[31m
                [33mclass[31m=[32m"mb-0.5 block px-1 text-xs font-bold uppercase tracking-widest text-secondary-text"[31m
              [36m>[31m
                [0mAction[0m
              [36m</label>[31m
              [36m<div[31m
                [33mclass[31m=[32m"relative"[31m
              [36m>[31m
                [36m<input[31m
                  [33mclass[31m=[32m"flex min-h-12 w-full rounded-ue-md border border-border-subtle bg-surface px-4 py-3 text-base font-medium text-primary-text shadow-sm transition-all duration-500 placeholder:text-text-tertiary focus:border-border-focus focus:outline-none focus:shadow-focus disabled:cursor-not-allowed disabled:opacity-50 file:border-0 file:bg-transparent file:text-sm file:font-medium"[31m
                  [33mtype[31m=[32m"text"[31m
                  [33mvalue[31m=[32m""[31m
                [36m/>[31m
              [36m</div>[31m
            [36m</div>[31m
          [36m</div>[31m
          [36m<div[31m
            [33mclass[31m=[32m"overflow-hidden rounded-3xl border border-glass-border bg-surface/40 shadow-glass"[31m
          [36m>[31m
            [36m<div[31m
              [33mclass[31m=[32m"overflow-x-auto"[31m
            [36m>[31m
              [36m<table[31m
                [33mclass[31m=[32m"w-full text-left border-collapse"[31m
              [36m>[31m
                [36m<thead>[31m
                  [36m<tr[31m
                    [33mclass[31m=[32m"border-b border-glass-border/10 bg-surface-hover/20"[31m
                  [36m>[31m
                    [36m<th[31m
                      [33mclass[31m=[32m"w-12 px-4 py-4"[31m
                    [36m/>[31m
                    [36m<th[31m
                      [33mclass[31m=[32m"px-4 py-4 text-xs font-bold uppercase tracking-wider text-secondary-text opacity-70"[31m
                    [36m>[31m
                      [0mTime[0m
                    [36m</th>[31m
                    [36m<th[31m
                      [33mclass[31m=[32m"px-4 py-4 text-xs font-bold uppercase tracking-wider text-secondary-text opacity-70"[31m
                    [36m>[31m
                      [0mActor[0m
                    [36m</th>[31m
                    [36m<th[31m
                      [33mclass[31m=[32m"px-4 py-4 text-xs font-bold uppercase tracking-wider text-secondary-text opacity-70"[31m
                    [36m>[31m
                      [0mAction[0m
                    [36m</th>[31m
                    [36m<th[31m
                      [33mclass[31m=[32m"px-4 py-4 text-xs font-bold uppercase tracking-wider text-secondary-text opacity-70"[31m
                    [36m>[31m
                      [0mTarget[0m
                    [36m</th>[31m
                    [36m<th[31m
                      [33mclass[31m=[32m"px-4 py-4 text-center text-xs font-bold uppercase tracking-wider text-secondary-text opacity-70"[31m
                    [36m>[31m
                      [0mIntegrity[0m
                    [36m</th>[31m
                  [36m</tr>[31m
                [36m</thead>[31m
                [36m<tbody[31m
                  [33mclass[31m=[32m"divide-y divide-glass-border/10"[31m
                [36m>[31m
                  [36m<tr[31m
                    [33mclass[31m=[32m"transition-colors group hover:bg-surface-hover/5"[31m
                  [36m>[31m
                    [36m<td[31m
                      [33mclass[31m=[32m"px-4 py-4"[31m
                    [36m>[31m
                      [36m<button[31m
                        [33mclass[31m=[32m"flex h-8 w-8 items-center justify-center rounded-lg transition-colors hover:bg-surface-hover/20"[31m
                      [36m>[31m
                        [36m<svg[31m
                     ...

Ignored nodes: comments, script, style
[36m<body[31m
  [33mdir[31m=[32m"ltr"[31m
[36m>[31m
  [36m<div>[31m
    [36m<main[31m
      [33mclass[31m=[32m"box-border min-h-screen w-full bg-[var(--page-bg)] text-[var(--page-foreground)]"[31m
      [33mid[31m=[32m"main"[31m
      [33mrole[31m=[32m"main"[31m
      [33mstyle[31m=[32m"opacity: 1;"[31m
      [33mtabindex[31m=[32m"-1"[31m
    [36m>[31m
      [36m<div[31m
        [33mclass[31m=[32m"min-h-screen w-full bg-background/50 py-12"[31m
      [36m>[31m
        [36m<div[31m
          [33mclass[31m=[32m"mx-auto max-w-7xl px-4 sm:px-6 lg:px-8"[31m
        [36m>[31m
          [36m<div[31m
            [33mclass[31m=[32m"mb-8"[31m
            [33mstyle[31m=[32m"opacity: 1; transform: none;"[31m
          [36m>[31m
            [36m<h1[31m
              [33mclass[31m=[32m"text-4xl font-bold tracking-tight text-primary-text sm:text-5xl"[31m
            [36m>[31m
              [0mSecure Audit Logs[0m
            [36m</h1>[31m
            [36m<p[31m
              [33mclass[31m=[32m"mt-2 text-base text-secondary-text"[31m
            [36m>[31m
              [0mCryptographically verified activity logging system.[0m
            [36m</p>[31m
          [36m</div>[31m
          [36m<div[31m
            [33mclass[31m=[32m"relative flex-col overflow-hidden rounded-3xl border border-(--glass-border) bg-(--bg-surface)/40 text-(--primary-text) shadow-glass transition-all duration-500 before:pointer-events-none before:absolute before:inset-0 before:rounded-[inherit] before:opacity-30 before:bg-[radial-gradient(circle_at_0%_0%,var(--primary-main),transparent_60%)] dark:before:bg-[radial-gradient(circle_at_0%_0%,var(--primary-subtle),transparent_60%)] mb-6 flex flex-wrap items-end gap-4 p-6"[31m
          [36m>[31m
            [36m<div[31m
              [33mclass[31m=[32m"flex flex-col gap-1.5 min-w-[200px] flex-1"[31m
            [36m>[31m
              [36m<label[31m
                [33mclass[31m=[32m"mb-0.5 block px-1 text-xs font-bold uppercase tracking-widest text-secondary-text"[31m
              [36m>[31m
                [0mResource Type[0m
              [36m</label>[31m
              [36m<div[31m
                [33mclass[31m=[32m"relative"[31m
              [36m>[31m
                [36m<input[31m
                  [33mclass[31m=[32m"flex min-h-12 w-full rounded-ue-md border border-border-subtle bg-surface px-4 py-3 text-base font-medium text-primary-text shadow-sm transition-all duration-500 placeholder:text-text-tertiary focus:border-border-focus focus:outline-none focus:shadow-focus disabled:cursor-not-allowed disabled:opacity-50 file:border-0 file:bg-transparent file:text-sm file:font-medium"[31m
                  [33mtype[31m=[32m"text"[31m
                  [33mvalue[31m=[32m""[31m
                [36m/>[31m
              [36m</div>[31m
            [36m</div>[31m
            [36m<div[31m
              [33mclass[31m=[32m"flex flex-col gap-1.5 min-w-[200px] flex-1"[31m
            [36m>[31m
              [36m<label[31m
                [33mclass[31m=[32m"mb-0.5 block px-1 text-xs font-bold uppercase tracking-widest text-secondary-text"[31m
              [36m>[31m
                [0mAction[0m
              [36m</label>[31m
              [36m<div[31m
                [33mclass[31m=[32m"relative"[31m
              [36m>[31m
                [36m<input[31m
                  [33mclass[31m=[32m"flex min-h-12 w-full rounded-ue-md border border-border-subtle bg-surface px-4 py-3 text-base font-medium text-primary-text shadow-sm transition-all duration-500 placeholder:text-text-tertiary focus:border-border-focus focus:outline-none focus:shadow-focus disabled:cursor-not-allowed disabled:opacity-50 file:border-0 file:bg-transparent file:text-sm file:font-medium"[31m
                  [33mtype[31m=[32m"text"[31m
                  [33mvalue[31m=[32m""[31m
                [36m/>[31m
              [36m</div>[31m
            [36m</div>[31m
          [36m</div>[31m
          [36m<div[31m
            [33mclass[31m=[32m"overflow-hidden rounded-3xl border border-glass-border bg-surface/40 shadow-glass"[31m
          [36m>[31m
            [36m<div[31m
              [33mclass[31m=[32m"overflow-x-auto"[31m
            [36m>[31m
              [36m<table[31m
                [33mclass[31m=[32m"w-full text-left border-collapse"[31m
              [36m>[31m
                [36m<thead>[31m
                  [36m<tr[31m
                    [33mclass[31m=[32m"border-b border-glass-border/10 bg-surface-hover/20"[31m
                  [36m>[31m
                    [36m<th[31m
                      [33mclass[31m=[32m"w-12 px-4 py-4"[31m
                    [36m/>[31m
                    [36m<th[31m
                      [33mclass[31m=[32m"px-4 py-4 text-xs font-bold uppercase tracking-wider text-secondary-text opacity-70"[31m
                    [36m>[31m
                      [0mTime[0m
                    [36m</th>[31m
                    [36m<th[31m
                      [33mclass[31m=[32m"px-4 py-4 text-xs font-bold uppercase tracking-wider text-secondary-text opacity-70"[31m
                    [36m>[31m
                      [0mActor[0m
                    [36m</th>[31m
                    [36m<th[31m
                      [33mclass[31m=[32m"px-4 py-4 text-xs font-bold uppercase tracking-wider text-secondary-text opacity-70"[31m
                    [36m>[31m
                      [0mAction[0m
                    [36m</th>[31m
                    [36m<th[31m
                      [33mclass[31m=[32m"px-4 py-4 text-xs font-bold uppercase tracking-wider text-secondary-text opacity-70"[31m
                    [36m>[31m
                      [0mTarget[0m
                    [36m</th>[31m
                    [36m<th[31m
                      [33mclass[31m=[32m"px-4 py-4 text-center text-xs font-bold uppercase tracking-wider text-secondary-text opacity-70"[31m
                    [36m>[31m
                      [0mIntegrity[0m
                    [36m</th>[31m
                  [36m</tr>[31m
                [36m</thead>[31m
                [36m<tbody[31m
                  [33mclass[31m=[32m"divide-y divide-glass-border/10"[31m
                [36m>[31m
                  [36m<tr[31m
                    [33mclass[31m=[32m"transition-colors group hover:bg-surface-hover/5"[31m
                  [36m>[31m
                    [36m<td[31m
                      [33mclass[31m=[32m"px-4 py-4"[31m
                    [36m>[31m
                      [36m<button[31m
                        [33mclass[31m=[32m"flex h-8 w-8 items-center justify-center rounded-lg transition-colors hover:bg-surface-hover/20"[31m
                      [36m>[31m
                        [36m<svg[31m
                     ...[39m
[31m   [31m├Ч[31m AdminAudit page[2m > [22mexpands log details[39m[33m 1197[2mms[22m[39m
[31m     тЖТ Unable to find an element with the text: Details. This could be because the text is broken up by multiple elements. In this case, you can provide a function for your text matcher to make your matcher more flexible.

Ignored nodes: comments, script, style
[36m<body[31m
  [33mdir[31m=[32m"ltr"[31m
[36m>[31m
  [36m<div>[31m
    [36m<main[31m
      [33mclass[31m=[32m"box-border min-h-screen w-full bg-[var(--page-bg)] text-[var(--page-foreground)]"[31m
      [33mid[31m=[32m"main"[31m
      [33mrole[31m=[32m"main"[31m
      [33mstyle[31m=[32m"opacity: 1;"[31m
      [33mtabindex[31m=[32m"-1"[31m
    [36m>[31m
      [36m<div[31m
        [33mclass[31m=[32m"min-h-screen w-full bg-background/50 py-12"[31m
      [36m>[31m
        [36m<div[31m
          [33mclass[31m=[32m"mx-auto max-w-7xl px-4 sm:px-6 lg:px-8"[31m
        [36m>[31m
          [36m<div[31m
            [33mclass[31m=[32m"mb-8"[31m
            [33mstyle[31m=[32m"opacity: 1; transform: none;"[31m
          [36m>[31m
            [36m<h1[31m
              [33mclass[31m=[32m"text-4xl font-bold tracking-tight text-primary-text sm:text-5xl"[31m
            [36m>[31m
              [0mSecure Audit Logs[0m
            [36m</h1>[31m
            [36m<p[31m
              [33mclass[31m=[32m"mt-2 text-base text-secondary-text"[31m
            [36m>[31m
              [0mCryptographically verified activity logging system.[0m
            [36m</p>[31m
          [36m</div>[31m
          [36m<div[31m
            [33mclass[31m=[32m"relative flex-col overflow-hidden rounded-3xl border border-(--glass-border) bg-(--bg-surface)/40 text-(--primary-text) shadow-glass transition-all duration-500 before:pointer-events-none before:absolute before:inset-0 before:rounded-[inherit] before:opacity-30 before:bg-[radial-gradient(circle_at_0%_0%,var(--primary-main),transparent_60%)] dark:before:bg-[radial-gradient(circle_at_0%_0%,var(--primary-subtle),transparent_60%)] mb-6 flex flex-wrap items-end gap-4 p-6"[31m
          [36m>[31m
            [36m<div[31m
              [33mclass[31m=[32m"flex flex-col gap-1.5 min-w-[200px] flex-1"[31m
            [36m>[31m
              [36m<label[31m
                [33mclass[31m=[32m"mb-0.5 block px-1 text-xs font-bold uppercase tracking-widest text-secondary-text"[31m
              [36m>[31m
                [0mResource Type[0m
              [36m</label>[31m
              [36m<div[31m
                [33mclass[31m=[32m"relative"[31m
              [36m>[31m
                [36m<input[31m
                  [33mclass[31m=[32m"flex min-h-12 w-full rounded-ue-md border border-border-subtle bg-surface px-4 py-3 text-base font-medium text-primary-text shadow-sm transition-all duration-500 placeholder:text-text-tertiary focus:border-border-focus focus:outline-none focus:shadow-focus disabled:cursor-not-allowed disabled:opacity-50 file:border-0 file:bg-transparent file:text-sm file:font-medium"[31m
                  [33mtype[31m=[32m"text"[31m
                  [33mvalue[31m=[32m""[31m
                [36m/>[31m
              [36m</div>[31m
            [36m</div>[31m
            [36m<div[31m
              [33mclass[31m=[32m"flex flex-col gap-1.5 min-w-[200px] flex-1"[31m
            [36m>[31m
              [36m<label[31m
                [33mclass[31m=[32m"mb-0.5 block px-1 text-xs font-bold uppercase tracking-widest text-secondary-text"[31m
              [36m>[31m
                [0mAction[0m
              [36m</label>[31m
              [36m<div[31m
                [33mclass[31m=[32m"relative"[31m
              [36m>[31m
                [36m<input[31m
                  [33mclass[31m=[32m"flex min-h-12 w-full rounded-ue-md border border-border-subtle bg-surface px-4 py-3 text-base font-medium text-primary-text shadow-sm transition-all duration-500 placeholder:text-text-tertiary focus:border-border-focus focus:outline-none focus:shadow-focus disabled:cursor-not-allowed disabled:opacity-50 file:border-0 file:bg-transparent file:text-sm file:font-medium"[31m
                  [33mtype[31m=[32m"text"[31m
                  [33mvalue[31m=[32m""[31m
                [36m/>[31m
              [36m</div>[31m
            [36m</div>[31m
          [36m</div>[31m
          [36m<div[31m
            [33mclass[31m=[32m"overflow-hidden rounded-3xl border border-glass-border bg-surface/40 shadow-glass"[31m
          [36m>[31m
            [36m<div[31m
              [33mclass[31m=[32m"overflow-x-auto"[31m
            [36m>[31m
              [36m<table[31m
                [33mclass[31m=[32m"w-full text-left border-collapse"[31m
              [36m>[31m
                [36m<thead>[31m
                  [36m<tr[31m
                    [33mclass[31m=[32m"border-b border-glass-border/10 bg-surface-hover/20"[31m
                  [36m>[31m
                    [36m<th[31m
                      [33mclass[31m=[32m"w-12 px-4 py-4"[31m
                    [36m/>[31m
                    [36m<th[31m
                      [33mclass[31m=[32m"px-4 py-4 text-xs font-bold uppercase tracking-wider text-secondary-text opacity-70"[31m
                    [36m>[31m
                      [0mTime[0m
                    [36m</th>[31m
                    [36m<th[31m
                      [33mclass[31m=[32m"px-4 py-4 text-xs font-bold uppercase tracking-wider text-secondary-text opacity-70"[31m
                    [36m>[31m
                      [0mActor[0m
                    [36m</th>[31m
                    [36m<th[31m
                      [33mclass[31m=[32m"px-4 py-4 text-xs font-bold uppercase tracking-wider text-secondary-text opacity-70"[31m
                    [36m>[31m
                      [0mAction[0m
                    [36m</th>[31m
                    [36m<th[31m
                      [33mclass[31m=[32m"px-4 py-4 text-xs font-bold uppercase tracking-wider text-secondary-text opacity-70"[31m
                    [36m>[31m
                      [0mTarget[0m
                    [36m</th>[31m
                    [36m<th[31m
                      [33mclass[31m=[32m"px-4 py-4 text-center text-xs font-bold uppercase tracking-wider text-secondary-text opacity-70"[31m
                    [36m>[31m
                      [0mIntegrity[0m
                    [36m</th>[31m
                  [36m</tr>[31m
                [36m</thead>[31m
                [36m<tbody[31m
                  [33mclass[31m=[32m"divide-y divide-glass-border/10"[31m
                [36m>[31m
                  [36m<tr[31m
                    [33mclass[31m=[32m"transition-colors group hover:bg-surface-hover/5"[31m
                  [36m>[31m
                    [36m<td[31m
                      [33mclass[31m=[32m"px-4 py-4"[31m
                    [36m>[31m
                      [36m<button[31m
                        [33mclass[31m=[32m"flex h-8 w-8 items-center justify-center rounded-lg transition-colors hover:bg-surface-hover/20"[31m
                      [36m>[31m
                        [36m<svg[31m
                     ...

Ignored nodes: comments, script, style
[36m<body[31m
  [33mdir[31m=[32m"ltr"[31m
[36m>[31m
  [36m<div>[31m
    [36m<main[31m
      [33mclass[31m=[32m"box-border min-h-screen w-full bg-[var(--page-bg)] text-[var(--page-foreground)]"[31m
      [33mid[31m=[32m"main"[31m
      [33mrole[31m=[32m"main"[31m
      [33mstyle[31m=[32m"opacity: 1;"[31m
      [33mtabindex[31m=[32m"-1"[31m
    [36m>[31m
      [36m<div[31m
        [33mclass[31m=[32m"min-h-screen w-full bg-background/50 py-12"[31m
      [36m>[31m
        [36m<div[31m
          [33mclass[31m=[32m"mx-auto max-w-7xl px-4 sm:px-6 lg:px-8"[31m
        [36m>[31m
          [36m<div[31m
            [33mclass[31m=[32m"mb-8"[31m
            [33mstyle[31m=[32m"opacity: 1; transform: none;"[31m
          [36m>[31m
            [36m<h1[31m
              [33mclass[31m=[32m"text-4xl font-bold tracking-tight text-primary-text sm:text-5xl"[31m
            [36m>[31m
              [0mSecure Audit Logs[0m
            [36m</h1>[31m
            [36m<p[31m
              [33mclass[31m=[32m"mt-2 text-base text-secondary-text"[31m
            [36m>[31m
              [0mCryptographically verified activity logging system.[0m
            [36m</p>[31m
          [36m</div>[31m
          [36m<div[31m
            [33mclass[31m=[32m"relative flex-col overflow-hidden rounded-3xl border border-(--glass-border) bg-(--bg-surface)/40 text-(--primary-text) shadow-glass transition-all duration-500 before:pointer-events-none before:absolute before:inset-0 before:rounded-[inherit] before:opacity-30 before:bg-[radial-gradient(circle_at_0%_0%,var(--primary-main),transparent_60%)] dark:before:bg-[radial-gradient(circle_at_0%_0%,var(--primary-subtle),transparent_60%)] mb-6 flex flex-wrap items-end gap-4 p-6"[31m
          [36m>[31m
            [36m<div[31m
              [33mclass[31m=[32m"flex flex-col gap-1.5 min-w-[200px] flex-1"[31m
            [36m>[31m
              [36m<label[31m
                [33mclass[31m=[32m"mb-0.5 block px-1 text-xs font-bold uppercase tracking-widest text-secondary-text"[31m
              [36m>[31m
                [0mResource Type[0m
              [36m</label>[31m
              [36m<div[31m
                [33mclass[31m=[32m"relative"[31m
              [36m>[31m
                [36m<input[31m
                  [33mclass[31m=[32m"flex min-h-12 w-full rounded-ue-md border border-border-subtle bg-surface px-4 py-3 text-base font-medium text-primary-text shadow-sm transition-all duration-500 placeholder:text-text-tertiary focus:border-border-focus focus:outline-none focus:shadow-focus disabled:cursor-not-allowed disabled:opacity-50 file:border-0 file:bg-transparent file:text-sm file:font-medium"[31m
                  [33mtype[31m=[32m"text"[31m
                  [33mvalue[31m=[32m""[31m
                [36m/>[31m
              [36m</div>[31m
            [36m</div>[31m
            [36m<div[31m
              [33mclass[31m=[32m"flex flex-col gap-1.5 min-w-[200px] flex-1"[31m
            [36m>[31m
              [36m<label[31m
                [33mclass[31m=[32m"mb-0.5 block px-1 text-xs font-bold uppercase tracking-widest text-secondary-text"[31m
              [36m>[31m
                [0mAction[0m
              [36m</label>[31m
              [36m<div[31m
                [33mclass[31m=[32m"relative"[31m
              [36m>[31m
                [36m<input[31m
                  [33mclass[31m=[32m"flex min-h-12 w-full rounded-ue-md border border-border-subtle bg-surface px-4 py-3 text-base font-medium text-primary-text shadow-sm transition-all duration-500 placeholder:text-text-tertiary focus:border-border-focus focus:outline-none focus:shadow-focus disabled:cursor-not-allowed disabled:opacity-50 file:border-0 file:bg-transparent file:text-sm file:font-medium"[31m
                  [33mtype[31m=[32m"text"[31m
                  [33mvalue[31m=[32m""[31m
                [36m/>[31m
              [36m</div>[31m
            [36m</div>[31m
          [36m</div>[31m
          [36m<div[31m
            [33mclass[31m=[32m"overflow-hidden rounded-3xl border border-glass-border bg-surface/40 shadow-glass"[31m
          [36m>[31m
            [36m<div[31m
              [33mclass[31m=[32m"overflow-x-auto"[31m
            [36m>[31m
              [36m<table[31m
                [33mclass[31m=[32m"w-full text-left border-collapse"[31m
              [36m>[31m
                [36m<thead>[31m
                  [36m<tr[31m
                    [33mclass[31m=[32m"border-b border-glass-border/10 bg-surface-hover/20"[31m
                  [36m>[31m
                    [36m<th[31m
                      [33mclass[31m=[32m"w-12 px-4 py-4"[31m
                    [36m/>[31m
                    [36m<th[31m
                      [33mclass[31m=[32m"px-4 py-4 text-xs font-bold uppercase tracking-wider text-secondary-text opacity-70"[31m
                    [36m>[31m
                      [0mTime[0m
                    [36m</th>[31m
                    [36m<th[31m
                      [33mclass[31m=[32m"px-4 py-4 text-xs font-bold uppercase tracking-wider text-secondary-text opacity-70"[31m
                    [36m>[31m
                      [0mActor[0m
                    [36m</th>[31m
                    [36m<th[31m
                      [33mclass[31m=[32m"px-4 py-4 text-xs font-bold uppercase tracking-wider text-secondary-text opacity-70"[31m
                    [36m>[31m
                      [0mAction[0m
                    [36m</th>[31m
                    [36m<th[31m
                      [33mclass[31m=[32m"px-4 py-4 text-xs font-bold uppercase tracking-wider text-secondary-text opacity-70"[31m
                    [36m>[31m
                      [0mTarget[0m
                    [36m</th>[31m
                    [36m<th[31m
                      [33mclass[31m=[32m"px-4 py-4 text-center text-xs font-bold uppercase tracking-wider text-secondary-text opacity-70"[31m
                    [36m>[31m
                      [0mIntegrity[0m
                    [36m</th>[31m
                  [36m</tr>[31m
                [36m</thead>[31m
                [36m<tbody[31m
                  [33mclass[31m=[32m"divide-y divide-glass-border/10"[31m
                [36m>[31m
                  [36m<tr[31m
                    [33mclass[31m=[32m"transition-colors group hover:bg-surface-hover/5"[31m
                  [36m>[31m
                    [36m<td[31m
                      [33mclass[31m=[32m"px-4 py-4"[31m
                    [36m>[31m
                      [36m<button[31m
                        [33mclass[31m=[32m"flex h-8 w-8 items-center justify-center rounded-lg transition-colors hover:bg-surface-hover/20"[31m
                      [36m>[31m
                        [36m<svg[31m
                     ...[39m
[31m   [31m├Ч[31m AdminAudit page[2m > [22mfilters logs by resource type[39m[32m 14[2mms[22m[39m
[31m     тЖТ Found a label with the text of: /Resource Type/i, however no form control was found associated to that label. Make sure you're using the "for" attribute or "aria-labelledby" attribute correctly.

Ignored nodes: comments, script, style
[36m<body[31m
  [33mdir[31m=[32m"ltr"[31m
[36m>[31m
  [36m<div>[31m
    [36m<main[31m
      [33mclass[31m=[32m"box-border min-h-screen w-full bg-[var(--page-bg)] text-[var(--page-foreground)]"[31m
      [33mid[31m=[32m"main"[31m
      [33mrole[31m=[32m"main"[31m
      [33mstyle[31m=[32m"opacity: 0;"[31m
      [33mtabindex[31m=[32m"-1"[31m
    [36m>[31m
      [36m<div[31m
        [33mclass[31m=[32m"min-h-screen w-full bg-background/50 py-12"[31m
      [36m>[31m
        [36m<div[31m
          [33mclass[31m=[32m"mx-auto max-w-7xl px-4 sm:px-6 lg:px-8"[31m
        [36m>[31m
          [36m<div[31m
            [33mclass[31m=[32m"mb-8"[31m
            [33mstyle[31m=[32m"opacity: 0; transform: translateY(-20px);"[31m
          [36m>[31m
            [36m<h1[31m
              [33mclass[31m=[32m"text-4xl font-bold tracking-tight text-primary-text sm:text-5xl"[31m
            [36m>[31m
              [0mSecure Audit Logs[0m
            [36m</h1>[31m
            [36m<p[31m
              [33mclass[31m=[32m"mt-2 text-base text-secondary-text"[31m
            [36m>[31m
              [0mCryptographically verified activity logging system.[0m
            [36m</p>[31m
          [36m</div>[31m
          [36m<div[31m
            [33mclass[31m=[32m"relative flex-col overflow-hidden rounded-3xl border border-(--glass-border) bg-(--bg-surface)/40 text-(--primary-text) shadow-glass transition-all duration-500 before:pointer-events-none before:absolute before:inset-0 before:rounded-[inherit] before:opacity-30 before:bg-[radial-gradient(circle_at_0%_0%,var(--primary-main),transparent_60%)] dark:before:bg-[radial-gradient(circle_at_0%_0%,var(--primary-subtle),transparent_60%)] mb-6 flex flex-wrap items-end gap-4 p-6"[31m
          [36m>[31m
            [36m<div[31m
              [33mclass[31m=[32m"flex flex-col gap-1.5 min-w-[200px] flex-1"[31m
            [36m>[31m
              [36m<label[31m
                [33mclass[31m=[32m"mb-0.5 block px-1 text-xs font-bold uppercase tracking-widest text-secondary-text"[31m
              [36m>[31m
                [0mResource Type[0m
              [36m</label>[31m
              [36m<div[31m
                [33mclass[31m=[32m"relative"[31m
              [36m>[31m
                [36m<input[31m
                  [33mclass[31m=[32m"flex min-h-12 w-full rounded-ue-md border border-border-subtle bg-surface px-4 py-3 text-base font-medium text-primary-text shadow-sm transition-all duration-500 placeholder:text-text-tertiary focus:border-border-focus focus:outline-none focus:shadow-focus disabled:cursor-not-allowed disabled:opacity-50 file:border-0 file:bg-transparent file:text-sm file:font-medium"[31m
                  [33mtype[31m=[32m"text"[31m
                  [33mvalue[31m=[32m""[31m
                [36m/>[31m
              [36m</div>[31m
            [36m</div>[31m
            [36m<div[31m
              [33mclass[31m=[32m"flex flex-col gap-1.5 min-w-[200px] flex-1"[31m
            [36m>[31m
              [36m<label[31m
                [33mclass[31m=[32m"mb-0.5 block px-1 text-xs font-bold uppercase tracking-widest text-secondary-text"[31m
              [36m>[31m
                [0mAction[0m
              [36m</label>[31m
              [36m<div[31m
                [33mclass[31m=[32m"relative"[31m
              [36m>[31m
                [36m<input[31m
                  [33mclass[31m=[32m"flex min-h-12 w-full rounded-ue-md border border-border-subtle bg-surface px-4 py-3 text-base font-medium text-primary-text shadow-sm transition-all duration-500 placeholder:text-text-tertiary focus:border-border-focus focus:outline-none focus:shadow-focus disabled:cursor-not-allowed disabled:opacity-50 file:border-0 file:bg-transparent file:text-sm file:font-medium"[31m
                  [33mtype[31m=[32m"text"[31m
                  [33mvalue[31m=[32m""[31m
                [36m/>[31m
              [36m</div>[31m
            [36m</div>[31m
          [36m</div>[31m
          [36m<div[31m
            [33mclass[31m=[32m"overflow-hidden rounded-3xl border border-glass-border bg-surface/40 shadow-glass"[31m
          [36m>[31m
            [36m<div[31m
              [33mclass[31m=[32m"flex justify-center p-20"[31m
            [36m>[31m
              [36m<div[31m
                [33mclass[31m=[32m"h-10 w-10 animate-spin rounded-full border-4 border-brand border-t-transparent"[31m
              [36m/>[31m
            [36m</div>[31m
          [36m</div>[31m
        [36m</div>[31m
      [36m</div>[31m
    [36m</main>[31m
  [36m</div>[31m
[36m</body>[31m[39m
 [31mтЭп[39m src/tests/components/MapFallback.test.tsx [2m([22m[2m2 tests[22m[2m | [22m[31m2 failed[39m[2m)[22m[32m 18[2mms[22m[39m
[31m   [31m├Ч[31m MapFallback[2m > [22mrenders localized campus points for english[39m[32m 15[2mms[22m[39m
[31m     тЖТ useTheme must be used within a ThemeProvider[39m
[31m   [31m├Ч[31m MapFallback[2m > [22mrenders localized campus points for russian[39m[32m 2[2mms[22m[39m
[31m     тЖТ useTheme must be used within a ThemeProvider[39m
[90mstdout[2m | src/pages/__tests__/AdminUsers.test.tsx[2m > [22m[2mAdminUsers page[2m > [22m[2mhandles group change
[22m[39m[SmartImage] status=fallback src=/fallbacks/placeholder.png
[SmartImage] status=fallback src=/fallbacks/placeholder.png
[SmartImage] status=fallback src=/fallbacks/placeholder.png
[SmartImage] status=fallback src=/fallbacks/placeholder.png

 [31mтЭп[39m src/pages/__tests__/AdminUsers.test.tsx [2m([22m[2m4 tests[22m[2m | [22m[31m3 failed[39m[2m)[22m[33m 3206[2mms[22m[39m
[31m   [31m├Ч[31m AdminUsers page[2m > [22mrenders users and groups[39m[33m 1075[2mms[22m[39m
[31m     тЖТ Found multiple elements with the text: John Doe

Here are the matching elements:

Ignored nodes: comments, script, style
[36m<td[31m
  [33mclass[31m=[32m"whitespace-nowrap px-6 py-4 text-sm font-medium text-primary-text"[31m
[36m>[31m
  [0mJohn Doe[0m
[36m</td>[31m

Ignored nodes: comments, script, style
[36m<h3[31m
  [33mclass[31m=[32m"truncate text-base font-bold text-primary-text"[31m
[36m>[31m
  [0mJohn Doe[0m
[36m</h3>[31m

(If this is intentional, then use the `*AllBy*` variant of the query (like `queryAllByText`, `getAllByText`, or `findAllByText`)).

Ignored nodes: comments, script, style
[36m<body[31m
  [33mdir[31m=[32m"ltr"[31m
[36m>[31m
  [36m<div>[31m
    [36m<main[31m
      [33mclass[31m=[32m"box-border min-h-screen w-full bg-[var(--page-bg)] text-[var(--page-foreground)]"[31m
      [33mid[31m=[32m"main"[31m
      [33mrole[31m=[32m"main"[31m
      [33mstyle[31m=[32m"opacity: 1;"[31m
      [33mtabindex[31m=[32m"-1"[31m
    [36m>[31m
      [36m<div[31m
        [33mclass[31m=[32m"min-h-screen w-full bg-background/50 py-8"[31m
      [36m>[31m
        [36m<div[31m
          [33mclass[31m=[32m"mx-auto max-w-7xl px-4 sm:px-6 lg:px-8"[31m
        [36m>[31m
          [36m<div[31m
            [33mclass[31m=[32m"mb-8 flex flex-col gap-6"[31m
          [36m>[31m
            [36m<h1[31m
              [33mclass[31m=[32m"text-4xl font-bold tracking-tight text-primary-text sm:text-5xl"[31m
            [36m>[31m
              [0mUsers[0m
            [36m</h1>[31m
            [36m<div[31m
              [33mclass[31m=[32m"relative flex-col overflow-hidden rounded-3xl border border-(--glass-border) bg-(--bg-surface)/40 text-(--primary-text) shadow-glass transition-all duration-500 before:pointer-events-none before:absolute before:inset-0 before:rounded-[inherit] before:opacity-30 before:bg-[radial-gradient(circle_at_0%_0%,var(--primary-main),transparent_60%)] dark:before:bg-[radial-gradient(circle_at_0%_0%,var(--primary-subtle),transparent_60%)] flex flex-wrap items-end gap-4 p-6"[31m
            [36m>[31m
              [36m<div[31m
                [33mclass[31m=[32m"flex flex-col gap-1.5 min-w-[220px] flex-1"[31m
              [36m>[31m
                [36m<label[31m
                  [33mclass[31m=[32m"mb-0.5 block px-1 text-xs font-bold uppercase tracking-widest text-secondary-text"[31m
                [36m>[31m
                  [0mFull name[0m
                [36m</label>[31m
                [36m<div[31m
                  [33mclass[31m=[32m"relative"[31m
                [36m>[31m
                  [36m<input[31m
                    [33mclass[31m=[32m"flex min-h-12 w-full rounded-ue-md border border-border-subtle bg-surface px-4 py-3 text-base font-medium text-primary-text shadow-sm transition-all duration-500 placeholder:text-text-tertiary focus:border-border-focus focus:outline-none focus:shadow-focus disabled:cursor-not-allowed disabled:opacity-50 file:border-0 file:bg-transparent file:text-sm file:font-medium"[31m
                    [33mtype[31m=[32m"text"[31m
                    [33mvalue[31m=[32m""[31m
                  [36m/>[31m
                [36m</div>[31m
              [36m</div>[31m
              [36m<div[31m
                [33mclass[31m=[32m"flex flex-col gap-1.5 min-w-[180px] flex-1"[31m
              [36m>[31m
                [36m<label[31m
                  [33mclass[31m=[32m"text-xs font-bold uppercase tracking-wider text-secondary-text opacity-70"[31m
                [36m>[31m
                  [0mGroup[0m
                [36m</label>[31m
                [36m<select[31m
                  [33mclass[31m=[32m"h-11 rounded-xl border border-glass-border bg-surface/50 px-3 py-2 text-sm text-primary-text shadow-sm outline-none transition-all focus:border-brand/40 focus:ring-2 focus:ring-brand/10"[31m
                [36m>[31m
                  [36m<option[31m
                    [33mvalue[31m=[32m""[31m
                  [36m>[31m
                    [0mAll[0m
                  [36m</option>[31m
                  [36m<option[31m
                    [33mvalue[31m=[32m"g1"[31m
                  [36m>[31m
                    [0mAlpha[0m
                  [36m</option>[31m
                  [36m<option[31m
                    [33mvalue[31m=[32m"g2"[31m
                  [36m>[31m
                    [0mBeta[0m
                  [36m</option>[31m
                [36m</select>[31m
              [36m</div>[31m
              [36m<div[31m
                [33mclass[31m=[32m"flex flex-col gap-1.5 min-w-[180px] flex-1"[31m
              [36m>[31m
                [36m<label[31m
                  [33mclass[31m=[32m"text-xs font-bold uppercase tracking-wider text-secondary-text opacity-70"[31m
                [36m>[31m
                  [0mRole[0m
                [36m</label>[31m
                [36m<select[31m
                  [33mclass[31m=[32m"h-11 rounded-xl border border-glass-border bg-surface/50 px-3 py-2 text-sm text-primary-text shadow-sm outline-none transition-all focus:border-brand/40 focus:ring-2 focus:ring-brand/10"[31m
                [36m>[31m
                  [36m<option[31m
                    [33mvalue[31m=[32m""[31m
                  [36m>[31m
                    [0mAll[0m
                  [36m</option>[31m
                  [36m<option[31m
                    [33mvalue[31m=[32m"student"[31m
                  [36m>[31m
                    [0mStudent[0m
                  [36m</option>[31m
                  [36m<option[31m
                    [33mvalue[31m=[32m"teacher"[31m
                  [36m>[31m
                    [0mTeacher[0m
                  [36m</option>[31m
                  [36m<option[31m
                    [33mvalue[31m=[32m"admin"[31m
                  [36m>[31m
                    [0mAdmin[0m
                  [36m</option>[31m
                [36m</select>[31m
              [36m</div>[31m
            [36m</div>[31m
          [36m</div>[31m
          [36m<div[31m
            [33mclass[31m=[32m"hidden overflow-hidden rounded-3xl border border-glass-border bg-surface/40 shadow-glass md:block"[31m
          [36m>[31m
            [36m<div[31m
              [33mclass[31m=[32m"overflow-x-auto"[31m
            [36m>[31m
              [36m<table[31m
                [33mclass[31m=[32m"w-full text-left border-collapse"[31m
              [36m>[31m
                [36m<thead>[31m
                  [36m<tr[31m
                    [33mclass[31m=[32m"border-b border-glass-border/10 bg-surface-hover/20"[31m
                  [36m>[31m
                    [36m<th[31m
                      [33mclass[31m=[32m"px-6 py-4 text-xs font-bold uppercase tracking-wider text-secondary-text opacity-70"[31m
                    [36m>[31m
                      [0mAvatar[0m
                    [36m</th>[31m
                    [36m<th[31m
                      [33mclass[31m=[32m"px-6 py-4 text-xs font-bold uppercase tracking-wider text-secondary-text opacity-70"[31m
                    [36m>[31m
                      [0mFull name[0m
                    [36m</th>[31m
                    [36m<th[31m
                      [33mclass[31m=[32m"px-6 py-4 text-xs font-bold uppercase tracking-wider text-secondary-text opacity-70"[31m
                    [36m>[31m
                      [0mEmail[0m
                    [36m</th>...

Ignored nodes: comments, script, style
[36m<body[31m
  [33mdir[31m=[32m"ltr"[31m
[36m>[31m
  [36m<div>[31m
    [36m<main[31m
      [33mclass[31m=[32m"box-border min-h-screen w-full bg-[var(--page-bg)] text-[var(--page-foreground)]"[31m
      [33mid[31m=[32m"main"[31m
      [33mrole[31m=[32m"main"[31m
      [33mstyle[31m=[32m"opacity: 1;"[31m
      [33mtabindex[31m=[32m"-1"[31m
    [36m>[31m
      [36m<div[31m
        [33mclass[31m=[32m"min-h-screen w-full bg-background/50 py-8"[31m
      [36m>[31m
        [36m<div[31m
          [33mclass[31m=[32m"mx-auto max-w-7xl px-4 sm:px-6 lg:px-8"[31m
        [36m>[31m
          [36m<div[31m
            [33mclass[31m=[32m"mb-8 flex flex-col gap-6"[31m
          [36m>[31m
            [36m<h1[31m
              [33mclass[31m=[32m"text-4xl font-bold tracking-tight text-primary-text sm:text-5xl"[31m
            [36m>[31m
              [0mUsers[0m
            [36m</h1>[31m
            [36m<div[31m
              [33mclass[31m=[32m"relative flex-col overflow-hidden rounded-3xl border border-(--glass-border) bg-(--bg-surface)/40 text-(--primary-text) shadow-glass transition-all duration-500 before:pointer-events-none before:absolute before:inset-0 before:rounded-[inherit] before:opacity-30 before:bg-[radial-gradient(circle_at_0%_0%,var(--primary-main),transparent_60%)] dark:before:bg-[radial-gradient(circle_at_0%_0%,var(--primary-subtle),transparent_60%)] flex flex-wrap items-end gap-4 p-6"[31m
            [36m>[31m
              [36m<div[31m
                [33mclass[31m=[32m"flex flex-col gap-1.5 min-w-[220px] flex-1"[31m
              [36m>[31m
                [36m<label[31m
                  [33mclass[31m=[32m"mb-0.5 block px-1 text-xs font-bold uppercase tracking-widest text-secondary-text"[31m
                [36m>[31m
                  [0mFull name[0m
                [36m</label>[31m
                [36m<div[31m
                  [33mclass[31m=[32m"relative"[31m
                [36m>[31m
                  [36m<input[31m
                    [33mclass[31m=[32m"flex min-h-12 w-full rounded-ue-md border border-border-subtle bg-surface px-4 py-3 text-base font-medium text-primary-text shadow-sm transition-all duration-500 placeholder:text-text-tertiary focus:border-border-focus focus:outline-none focus:shadow-focus disabled:cursor-not-allowed disabled:opacity-50 file:border-0 file:bg-transparent file:text-sm file:font-medium"[31m
                    [33mtype[31m=[32m"text"[31m
                    [33mvalue[31m=[32m""[31m
                  [36m/>[31m
                [36m</div>[31m
              [36m</div>[31m
              [36m<div[31m
                [33mclass[31m=[32m"flex flex-col gap-1.5 min-w-[180px] flex-1"[31m
              [36m>[31m
                [36m<label[31m
                  [33mclass[31m=[32m"text-xs font-bold uppercase tracking-wider text-secondary-text opacity-70"[31m
                [36m>[31m
                  [0mGroup[0m
                [36m</label>[31m
                [36m<select[31m
                  [33mclass[31m=[32m"h-11 rounded-xl border border-glass-border bg-surface/50 px-3 py-2 text-sm text-primary-text shadow-sm outline-none transition-all focus:border-brand/40 focus:ring-2 focus:ring-brand/10"[31m
                [36m>[31m
                  [36m<option[31m
                    [33mvalue[31m=[32m""[31m
                  [36m>[31m
                    [0mAll[0m
                  [36m</option>[31m
                  [36m<option[31m
                    [33mvalue[31m=[32m"g1"[31m
                  [36m>[31m
                    [0mAlpha[0m
                  [36m</option>[31m
                  [36m<option[31m
                    [33mvalue[31m=[32m"g2"[31m
                  [36m>[31m
                    [0mBeta[0m
                  [36m</option>[31m
                [36m</select>[31m
              [36m</div>[31m
              [36m<div[31m
                [33mclass[31m=[32m"flex flex-col gap-1.5 min-w-[180px] flex-1"[31m
              [36m>[31m
                [36m<label[31m
                  [33mclass[31m=[32m"text-xs font-bold uppercase tracking-wider text-secondary-text opacity-70"[31m
                [36m>[31m
                  [0mRole[0m
                [36m</label>[31m
                [36m<select[31m
                  [33mclass[31m=[32m"h-11 rounded-xl border border-glass-border bg-surface/50 px-3 py-2 text-sm text-primary-text shadow-sm outline-none transition-all focus:border-brand/40 focus:ring-2 focus:ring-brand/10"[31m
                [36m>[31m
                  [36m<option[31m
                    [33mvalue[31m=[32m""[31m
                  [36m>[31m
                    [0mAll[0m
                  [36m</option>[31m
                  [36m<option[31m
                    [33mvalue[31m=[32m"student"[31m
                  [36m>[31m
                    [0mStudent[0m
                  [36m</option>[31m
                  [36m<option[31m
                    [33mvalue[31m=[32m"teacher"[31m
                  [36m>[31m
                    [0mTeacher[0m
                  [36m</option>[31m
                  [36m<option[31m
                    [33mvalue[31m=[32m"admin"[31m
                  [36m>[31m
                    [0mAdmin[0m
                  [36m</option>[31m
                [36m</select>[31m
              [36m</div>[31m
            [36m</div>[31m
          [36m</div>[31m
          [36m<div[31m
            [33mclass[31m=[32m"hidden overflow-hidden rounded-3xl border border-glass-border bg-surface/40 shadow-glass md:block"[31m
          [36m>[31m
            [36m<div[31m
              [33mclass[31m=[32m"overflow-x-auto"[31m
            [36m>[31m
              [36m<table[31m
                [33mclass[31m=[32m"w-full text-left border-collapse"[31m
              [36m>[31m
                [36m<thead>[31m
                  [36m<tr[31m
                    [33mclass[31m=[32m"border-b border-glass-border/10 bg-surface-hover/20"[31m
                  [36m>[31m
                    [36m<th[31m
                      [33mclass[31m=[32m"px-6 py-4 text-xs font-bold uppercase tracking-wider text-secondary-text opacity-70"[31m
                    [36m>[31m
                      [0mAvatar[0m
                    [36m</th>[31m
                    [36m<th[31m
                      [33mclass[31m=[32m"px-6 py-4 text-xs font-bold uppercase tracking-wider text-secondary-text opacity-70"[31m
                    [36m>[31m
                      [0mFull name[0m
                    [36m</th>[31m
                    [36m<th[31m
                      [33mclass[31m=[32m"px-6 py-4 text-xs font-bold uppercase tracking-wider text-secondary-text opacity-70"[31m
                    [36m>[31m
                      [0mEmail[0m
                    [36m</th>...[39m
[31m   [31m├Ч[31m AdminUsers page[2m > [22mfilters users by name[39m[33m 1014[2mms[22m[39m
[31m     тЖТ Found a label with the text of: /Full Name/i, however no form control was found associated to that label. Make sure you're using the "for" attribute or "aria-labelledby" attribute correctly.

Ignored nodes: comments, script, style
[36m<body[31m
  [33mdir[31m=[32m"ltr"[31m
[36m>[31m
  [36m<div>[31m
    [36m<main[31m
      [33mclass[31m=[32m"box-border min-h-screen w-full bg-[var(--page-bg)] text-[var(--page-foreground)]"[31m
      [33mid[31m=[32m"main"[31m
      [33mrole[31m=[32m"main"[31m
      [33mstyle[31m=[32m"opacity: 1;"[31m
      [33mtabindex[31m=[32m"-1"[31m
    [36m>[31m
      [36m<div[31m
        [33mclass[31m=[32m"min-h-screen w-full bg-background/50 py-8"[31m
      [36m>[31m
        [36m<div[31m
          [33mclass[31m=[32m"mx-auto max-w-7xl px-4 sm:px-6 lg:px-8"[31m
        [36m>[31m
          [36m<div[31m
            [33mclass[31m=[32m"mb-8 flex flex-col gap-6"[31m
          [36m>[31m
            [36m<h1[31m
              [33mclass[31m=[32m"text-4xl font-bold tracking-tight text-primary-text sm:text-5xl"[31m
            [36m>[31m
              [0mUsers[0m
            [36m</h1>[31m
            [36m<div[31m
              [33mclass[31m=[32m"relative flex-col overflow-hidden rounded-3xl border border-(--glass-border) bg-(--bg-surface)/40 text-(--primary-text) shadow-glass transition-all duration-500 before:pointer-events-none before:absolute before:inset-0 before:rounded-[inherit] before:opacity-30 before:bg-[radial-gradient(circle_at_0%_0%,var(--primary-main),transparent_60%)] dark:before:bg-[radial-gradient(circle_at_0%_0%,var(--primary-subtle),transparent_60%)] flex flex-wrap items-end gap-4 p-6"[31m
            [36m>[31m
              [36m<div[31m
                [33mclass[31m=[32m"flex flex-col gap-1.5 min-w-[220px] flex-1"[31m
              [36m>[31m
                [36m<label[31m
                  [33mclass[31m=[32m"mb-0.5 block px-1 text-xs font-bold uppercase tracking-widest text-secondary-text"[31m
                [36m>[31m
                  [0mFull name[0m
                [36m</label>[31m
                [36m<div[31m
                  [33mclass[31m=[32m"relative"[31m
                [36m>[31m
                  [36m<input[31m
                    [33mclass[31m=[32m"flex min-h-12 w-full rounded-ue-md border border-border-subtle bg-surface px-4 py-3 text-base font-medium text-primary-text shadow-sm transition-all duration-500 placeholder:text-text-tertiary focus:border-border-focus focus:outline-none focus:shadow-focus disabled:cursor-not-allowed disabled:opacity-50 file:border-0 file:bg-transparent file:text-sm file:font-medium"[31m
                    [33mtype[31m=[32m"text"[31m
                    [33mvalue[31m=[32m""[31m
                  [36m/>[31m
                [36m</div>[31m
              [36m</div>[31m
              [36m<div[31m
                [33mclass[31m=[32m"flex flex-col gap-1.5 min-w-[180px] flex-1"[31m
              [36m>[31m
                [36m<label[31m
                  [33mclass[31m=[32m"text-xs font-bold uppercase tracking-wider text-secondary-text opacity-70"[31m
                [36m>[31m
                  [0mGroup[0m
                [36m</label>[31m
                [36m<select[31m
                  [33mclass[31m=[32m"h-11 rounded-xl border border-glass-border bg-surface/50 px-3 py-2 text-sm text-primary-text shadow-sm outline-none transition-all focus:border-brand/40 focus:ring-2 focus:ring-brand/10"[31m
                [36m>[31m
                  [36m<option[31m
                    [33mvalue[31m=[32m""[31m
                  [36m>[31m
                    [0mAll[0m
                  [36m</option>[31m
                  [36m<option[31m
                    [33mvalue[31m=[32m"g1"[31m
                  [36m>[31m
                    [0mAlpha[0m
                  [36m</option>[31m
                  [36m<option[31m
                    [33mvalue[31m=[32m"g2"[31m
                  [36m>[31m
                    [0mBeta[0m
                  [36m</option>[31m
                [36m</select>[31m
              [36m</div>[31m
              [36m<div[31m
                [33mclass[31m=[32m"flex flex-col gap-1.5 min-w-[180px] flex-1"[31m
              [36m>[31m
                [36m<label[31m
                  [33mclass[31m=[32m"text-xs font-bold uppercase tracking-wider text-secondary-text opacity-70"[31m
                [36m>[31m
                  [0mRole[0m
                [36m</label>[31m
                [36m<select[31m
                  [33mclass[31m=[32m"h-11 rounded-xl border border-glass-border bg-surface/50 px-3 py-2 text-sm text-primary-text shadow-sm outline-none transition-all focus:border-brand/40 focus:ring-2 focus:ring-brand/10"[31m
                [36m>[31m
                  [36m<option[31m
                    [33mvalue[31m=[32m""[31m
                  [36m>[31m
                    [0mAll[0m
                  [36m</option>[31m
                  [36m<option[31m
                    [33mvalue[31m=[32m"student"[31m
                  [36m>[31m
                    [0mStudent[0m
                  [36m</option>[31m
                  [36m<option[31m
                    [33mvalue[31m=[32m"teacher"[31m
                  [36m>[31m
                    [0mTeacher[0m
                  [36m</option>[31m
                  [36m<option[31m
                    [33mvalue[31m=[32m"admin"[31m
                  [36m>[31m
                    [0mAdmin[0m
                  [36m</option>[31m
                [36m</select>[31m
              [36m</div>[31m
            [36m</div>[31m
          [36m</div>[31m
          [36m<div[31m
            [33mclass[31m=[32m"hidden overflow-hidden rounded-3xl border border-glass-border bg-surface/40 shadow-glass md:block"[31m
          [36m>[31m
            [36m<div[31m
              [33mclass[31m=[32m"overflow-x-auto"[31m
            [36m>[31m
              [36m<table[31m
                [33mclass[31m=[32m"w-full text-left border-collapse"[31m
              [36m>[31m
                [36m<thead>[31m
                  [36m<tr[31m
                    [33mclass[31m=[32m"border-b border-glass-border/10 bg-surface-hover/20"[31m
                  [36m>[31m
                    [36m<th[31m
                      [33mclass[31m=[32m"px-6 py-4 text-xs font-bold uppercase tracking-wider text-secondary-text opacity-70"[31m
                    [36m>[31m
                      [0mAvatar[0m
                    [36m</th>[31m
                    [36m<th[31m
                      [33mclass[31m=[32m"px-6 py-4 text-xs font-bold uppercase tracking-wider text-secondary-text opacity-70"[31m
                    [36m>[31m
                      [0mFull name[0m
                    [36m</th>[31m
                    [36m<th[31m
                      [33mclass[31m=[32m"px-6 py-4 text-xs font-bold uppercase tracking-wider text-secondary-text opacity-70"[31m
                    [36m>[31m
                      [0mEmail[0m
                    [36m</th>...

Ignored nodes: comments, script, style
[36m<body[31m
  [33mdir[31m=[32m"ltr"[31m
[36m>[31m
  [36m<div>[31m
    [36m<main[31m
      [33mclass[31m=[32m"box-border min-h-screen w-full bg-[var(--page-bg)] text-[var(--page-foreground)]"[31m
      [33mid[31m=[32m"main"[31m
      [33mrole[31m=[32m"main"[31m
      [33mstyle[31m=[32m"opacity: 1;"[31m
      [33mtabindex[31m=[32m"-1"[31m
    [36m>[31m
      [36m<div[31m
        [33mclass[31m=[32m"min-h-screen w-full bg-background/50 py-8"[31m
      [36m>[31m
        [36m<div[31m
          [33mclass[31m=[32m"mx-auto max-w-7xl px-4 sm:px-6 lg:px-8"[31m
        [36m>[31m
          [36m<div[31m
            [33mclass[31m=[32m"mb-8 flex flex-col gap-6"[31m
          [36m>[31m
            [36m<h1[31m
              [33mclass[31m=[32m"text-4xl font-bold tracking-tight text-primary-text sm:text-5xl"[31m
            [36m>[31m
              [0mUsers[0m
            [36m</h1>[31m
            [36m<div[31m
              [33mclass[31m=[32m"relative flex-col overflow-hidden rounded-3xl border border-(--glass-border) bg-(--bg-surface)/40 text-(--primary-text) shadow-glass transition-all duration-500 before:pointer-events-none before:absolute before:inset-0 before:rounded-[inherit] before:opacity-30 before:bg-[radial-gradient(circle_at_0%_0%,var(--primary-main),transparent_60%)] dark:before:bg-[radial-gradient(circle_at_0%_0%,var(--primary-subtle),transparent_60%)] flex flex-wrap items-end gap-4 p-6"[31m
            [36m>[31m
              [36m<div[31m
                [33mclass[31m=[32m"flex flex-col gap-1.5 min-w-[220px] flex-1"[31m
              [36m>[31m
                [36m<label[31m
                  [33mclass[31m=[32m"mb-0.5 block px-1 text-xs font-bold uppercase tracking-widest text-secondary-text"[31m
                [36m>[31m
                  [0mFull name[0m
                [36m</label>[31m
                [36m<div[31m
                  [33mclass[31m=[32m"relative"[31m
                [36m>[31m
                  [36m<input[31m
                    [33mclass[31m=[32m"flex min-h-12 w-full rounded-ue-md border border-border-subtle bg-surface px-4 py-3 text-base font-medium text-primary-text shadow-sm transition-all duration-500 placeholder:text-text-tertiary focus:border-border-focus focus:outline-none focus:shadow-focus disabled:cursor-not-allowed disabled:opacity-50 file:border-0 file:bg-transparent file:text-sm file:font-medium"[31m
                    [33mtype[31m=[32m"text"[31m
                    [33mvalue[31m=[32m""[31m
                  [36m/>[31m
                [36m</div>[31m
              [36m</div>[31m
              [36m<div[31m
                [33mclass[31m=[32m"flex flex-col gap-1.5 min-w-[180px] flex-1"[31m
              [36m>[31m
                [36m<label[31m
                  [33mclass[31m=[32m"text-xs font-bold uppercase tracking-wider text-secondary-text opacity-70"[31m
                [36m>[31m
                  [0mGroup[0m
                [36m</label>[31m
                [36m<select[31m
                  [33mclass[31m=[32m"h-11 rounded-xl border border-glass-border bg-surface/50 px-3 py-2 text-sm text-primary-text shadow-sm outline-none transition-all focus:border-brand/40 focus:ring-2 focus:ring-brand/10"[31m
                [36m>[31m
                  [36m<option[31m
                    [33mvalue[31m=[32m""[31m
                  [36m>[31m
                    [0mAll[0m
                  [36m</option>[31m
                  [36m<option[31m
                    [33mvalue[31m=[32m"g1"[31m
                  [36m>[31m
                    [0mAlpha[0m
                  [36m</option>[31m
                  [36m<option[31m
                    [33mvalue[31m=[32m"g2"[31m
                  [36m>[31m
                    [0mBeta[0m
                  [36m</option>[31m
                [36m</select>[31m
              [36m</div>[31m
              [36m<div[31m
                [33mclass[31m=[32m"flex flex-col gap-1.5 min-w-[180px] flex-1"[31m
              [36m>[31m
                [36m<label[31m
                  [33mclass[31m=[32m"text-xs font-bold uppercase tracking-wider text-secondary-text opacity-70"[31m
                [36m>[31m
                  [0mRole[0m
                [36m</label>[31m
                [36m<select[31m
                  [33mclass[31m=[32m"h-11 rounded-xl border border-glass-border bg-surface/50 px-3 py-2 text-sm text-primary-text shadow-sm outline-none transition-all focus:border-brand/40 focus:ring-2 focus:ring-brand/10"[31m
                [36m>[31m
                  [36m<option[31m
                    [33mvalue[31m=[32m""[31m
                  [36m>[31m
                    [0mAll[0m
                  [36m</option>[31m
                  [36m<option[31m
                    [33mvalue[31m=[32m"student"[31m
                  [36m>[31m
                    [0mStudent[0m
                  [36m</option>[31m
                  [36m<option[31m
                    [33mvalue[31m=[32m"teacher"[31m
                  [36m>[31m
                    [0mTeacher[0m
                  [36m</option>[31m
                  [36m<option[31m
                    [33mvalue[31m=[32m"admin"[31m
                  [36m>[31m
                    [0mAdmin[0m
                  [36m</option>[31m
                [36m</select>[31m
              [36m</div>[31m
            [36m</div>[31m
          [36m</div>[31m
          [36m<div[31m
            [33mclass[31m=[32m"hidden overflow-hidden rounded-3xl border border-glass-border bg-surface/40 shadow-glass md:block"[31m
          [36m>[31m
            [36m<div[31m
              [33mclass[31m=[32m"overflow-x-auto"[31m
            [36m>[31m
              [36m<table[31m
                [33mclass[31m=[32m"w-full text-left border-collapse"[31m
              [36m>[31m
                [36m<thead>[31m
                  [36m<tr[31m
                    [33mclass[31m=[32m"border-b border-glass-border/10 bg-surface-hover/20"[31m
                  [36m>[31m
                    [36m<th[31m
                      [33mclass[31m=[32m"px-6 py-4 text-xs font-bold uppercase tracking-wider text-secondary-text opacity-70"[31m
                    [36m>[31m
                      [0mAvatar[0m
                    [36m</th>[31m
                    [36m<th[31m
                      [33mclass[31m=[32m"px-6 py-4 text-xs font-bold uppercase tracking-wider text-secondary-text opacity-70"[31m
                    [36m>[31m
                      [0mFull name[0m
                    [36m</th>[31m
                    [36m<th[31m
                      [33mclass[31m=[32m"px-6 py-4 text-xs font-bold uppercase tracking-wider text-secondary-text opacity-70"[31m
                    [36m>[31m
                      [0mEmail[0m
                    [36m</th>...[39m
[31m   [31m├Ч[31m AdminUsers page[2m > [22mhandles user deletion[39m[33m 1016[2mms[22m[39m
[31m     тЖТ Unable to find a label with the text of: /Delete user/i

Ignored nodes: comments, script, style
[36m<body[31m
  [33mdir[31m=[32m"ltr"[31m
[36m>[31m
  [36m<div>[31m
    [36m<main[31m
      [33mclass[31m=[32m"box-border min-h-screen w-full bg-[var(--page-bg)] text-[var(--page-foreground)]"[31m
      [33mid[31m=[32m"main"[31m
      [33mrole[31m=[32m"main"[31m
      [33mstyle[31m=[32m"opacity: 1;"[31m
      [33mtabindex[31m=[32m"-1"[31m
    [36m>[31m
      [36m<div[31m
        [33mclass[31m=[32m"min-h-screen w-full bg-background/50 py-8"[31m
      [36m>[31m
        [36m<div[31m
          [33mclass[31m=[32m"mx-auto max-w-7xl px-4 sm:px-6 lg:px-8"[31m
        [36m>[31m
          [36m<div[31m
            [33mclass[31m=[32m"mb-8 flex flex-col gap-6"[31m
          [36m>[31m
            [36m<h1[31m
              [33mclass[31m=[32m"text-4xl font-bold tracking-tight text-primary-text sm:text-5xl"[31m
            [36m>[31m
              [0mUsers[0m
            [36m</h1>[31m
            [36m<div[31m
              [33mclass[31m=[32m"relative flex-col overflow-hidden rounded-3xl border border-(--glass-border) bg-(--bg-surface)/40 text-(--primary-text) shadow-glass transition-all duration-500 before:pointer-events-none before:absolute before:inset-0 before:rounded-[inherit] before:opacity-30 before:bg-[radial-gradient(circle_at_0%_0%,var(--primary-main),transparent_60%)] dark:before:bg-[radial-gradient(circle_at_0%_0%,var(--primary-subtle),transparent_60%)] flex flex-wrap items-end gap-4 p-6"[31m
            [36m>[31m
              [36m<div[31m
                [33mclass[31m=[32m"flex flex-col gap-1.5 min-w-[220px] flex-1"[31m
              [36m>[31m
                [36m<label[31m
                  [33mclass[31m=[32m"mb-0.5 block px-1 text-xs font-bold uppercase tracking-widest text-secondary-text"[31m
                [36m>[31m
                  [0mFull name[0m
                [36m</label>[31m
                [36m<div[31m
                  [33mclass[31m=[32m"relative"[31m
                [36m>[31m
                  [36m<input[31m
                    [33mclass[31m=[32m"flex min-h-12 w-full rounded-ue-md border border-border-subtle bg-surface px-4 py-3 text-base font-medium text-primary-text shadow-sm transition-all duration-500 placeholder:text-text-tertiary focus:border-border-focus focus:outline-none focus:shadow-focus disabled:cursor-not-allowed disabled:opacity-50 file:border-0 file:bg-transparent file:text-sm file:font-medium"[31m
                    [33mtype[31m=[32m"text"[31m
                    [33mvalue[31m=[32m""[31m
                  [36m/>[31m
                [36m</div>[31m
              [36m</div>[31m
              [36m<div[31m
                [33mclass[31m=[32m"flex flex-col gap-1.5 min-w-[180px] flex-1"[31m
              [36m>[31m
                [36m<label[31m
                  [33mclass[31m=[32m"text-xs font-bold uppercase tracking-wider text-secondary-text opacity-70"[31m
                [36m>[31m
                  [0mGroup[0m
                [36m</label>[31m
                [36m<select[31m
                  [33mclass[31m=[32m"h-11 rounded-xl border border-glass-border bg-surface/50 px-3 py-2 text-sm text-primary-text shadow-sm outline-none transition-all focus:border-brand/40 focus:ring-2 focus:ring-brand/10"[31m
                [36m>[31m
                  [36m<option[31m
                    [33mvalue[31m=[32m""[31m
                  [36m>[31m
                    [0mAll[0m
                  [36m</option>[31m
                  [36m<option[31m
                    [33mvalue[31m=[32m"g1"[31m
                  [36m>[31m
                    [0mAlpha[0m
                  [36m</option>[31m
                  [36m<option[31m
                    [33mvalue[31m=[32m"g2"[31m
                  [36m>[31m
                    [0mBeta[0m
                  [36m</option>[31m
                [36m</select>[31m
              [36m</div>[31m
              [36m<div[31m
                [33mclass[31m=[32m"flex flex-col gap-1.5 min-w-[180px] flex-1"[31m
              [36m>[31m
                [36m<label[31m
                  [33mclass[31m=[32m"text-xs font-bold uppercase tracking-wider text-secondary-text opacity-70"[31m
                [36m>[31m
                  [0mRole[0m
                [36m</label>[31m
                [36m<select[31m
                  [33mclass[31m=[32m"h-11 rounded-xl border border-glass-border bg-surface/50 px-3 py-2 text-sm text-primary-text shadow-sm outline-none transition-all focus:border-brand/40 focus:ring-2 focus:ring-brand/10"[31m
                [36m>[31m
                  [36m<option[31m
                    [33mvalue[31m=[32m""[31m
                  [36m>[31m
                    [0mAll[0m
                  [36m</option>[31m
                  [36m<option[31m
                    [33mvalue[31m=[32m"student"[31m
                  [36m>[31m
                    [0mStudent[0m
                  [36m</option>[31m
                  [36m<option[31m
                    [33mvalue[31m=[32m"teacher"[31m
                  [36m>[31m
                    [0mTeacher[0m
                  [36m</option>[31m
                  [36m<option[31m
                    [33mvalue[31m=[32m"admin"[31m
                  [36m>[31m
                    [0mAdmin[0m
                  [36m</option>[31m
                [36m</select>[31m
              [36m</div>[31m
            [36m</div>[31m
          [36m</div>[31m
          [36m<div[31m
            [33mclass[31m=[32m"hidden overflow-hidden rounded-3xl border border-glass-border bg-surface/40 shadow-glass md:block"[31m
          [36m>[31m
            [36m<div[31m
              [33mclass[31m=[32m"overflow-x-auto"[31m
            [36m>[31m
              [36m<table[31m
                [33mclass[31m=[32m"w-full text-left border-collapse"[31m
              [36m>[31m
                [36m<thead>[31m
                  [36m<tr[31m
                    [33mclass[31m=[32m"border-b border-glass-border/10 bg-surface-hover/20"[31m
                  [36m>[31m
                    [36m<th[31m
                      [33mclass[31m=[32m"px-6 py-4 text-xs font-bold uppercase tracking-wider text-secondary-text opacity-70"[31m
                    [36m>[31m
                      [0mAvatar[0m
                    [36m</th>[31m
                    [36m<th[31m
                      [33mclass[31m=[32m"px-6 py-4 text-xs font-bold uppercase tracking-wider text-secondary-text opacity-70"[31m
                    [36m>[31m
                      [0mFull name[0m
                    [36m</th>[31m
                    [36m<th[31m
                      [33mclass[31m=[32m"px-6 py-4 text-xs font-bold uppercase tracking-wider text-secondary-text opacity-70"[31m
                    [36m>[31m
                      [0mEmail[0m
                    [36m</th>...

Ignored nodes: comments, script, style
[36m<body[31m
  [33mdir[31m=[32m"ltr"[31m
[36m>[31m
  [36m<div>[31m
    [36m<main[31m
      [33mclass[31m=[32m"box-border min-h-screen w-full bg-[var(--page-bg)] text-[var(--page-foreground)]"[31m
      [33mid[31m=[32m"main"[31m
      [33mrole[31m=[32m"main"[31m
      [33mstyle[31m=[32m"opacity: 1;"[31m
      [33mtabindex[31m=[32m"-1"[31m
    [36m>[31m
      [36m<div[31m
        [33mclass[31m=[32m"min-h-screen w-full bg-background/50 py-8"[31m
      [36m>[31m
        [36m<div[31m
          [33mclass[31m=[32m"mx-auto max-w-7xl px-4 sm:px-6 lg:px-8"[31m
        [36m>[31m
          [36m<div[31m
            [33mclass[31m=[32m"mb-8 flex flex-col gap-6"[31m
          [36m>[31m
            [36m<h1[31m
              [33mclass[31m=[32m"text-4xl font-bold tracking-tight text-primary-text sm:text-5xl"[31m
            [36m>[31m
              [0mUsers[0m
            [36m</h1>[31m
            [36m<div[31m
              [33mclass[31m=[32m"relative flex-col overflow-hidden rounded-3xl border border-(--glass-border) bg-(--bg-surface)/40 text-(--primary-text) shadow-glass transition-all duration-500 before:pointer-events-none before:absolute before:inset-0 before:rounded-[inherit] before:opacity-30 before:bg-[radial-gradient(circle_at_0%_0%,var(--primary-main),transparent_60%)] dark:before:bg-[radial-gradient(circle_at_0%_0%,var(--primary-subtle),transparent_60%)] flex flex-wrap items-end gap-4 p-6"[31m
            [36m>[31m
              [36m<div[31m
                [33mclass[31m=[32m"flex flex-col gap-1.5 min-w-[220px] flex-1"[31m
              [36m>[31m
                [36m<label[31m
                  [33mclass[31m=[32m"mb-0.5 block px-1 text-xs font-bold uppercase tracking-widest text-secondary-text"[31m
                [36m>[31m
                  [0mFull name[0m
                [36m</label>[31m
                [36m<div[31m
                  [33mclass[31m=[32m"relative"[31m
                [36m>[31m
                  [36m<input[31m
                    [33mclass[31m=[32m"flex min-h-12 w-full rounded-ue-md border border-border-subtle bg-surface px-4 py-3 text-base font-medium text-primary-text shadow-sm transition-all duration-500 placeholder:text-text-tertiary focus:border-border-focus focus:outline-none focus:shadow-focus disabled:cursor-not-allowed disabled:opacity-50 file:border-0 file:bg-transparent file:text-sm file:font-medium"[31m
                    [33mtype[31m=[32m"text"[31m
                    [33mvalue[31m=[32m""[31m
                  [36m/>[31m
                [36m</div>[31m
              [36m</div>[31m
              [36m<div[31m
                [33mclass[31m=[32m"flex flex-col gap-1.5 min-w-[180px] flex-1"[31m
              [36m>[31m
                [36m<label[31m
                  [33mclass[31m=[32m"text-xs font-bold uppercase tracking-wider text-secondary-text opacity-70"[31m
                [36m>[31m
                  [0mGroup[0m
                [36m</label>[31m
                [36m<select[31m
                  [33mclass[31m=[32m"h-11 rounded-xl border border-glass-border bg-surface/50 px-3 py-2 text-sm text-primary-text shadow-sm outline-none transition-all focus:border-brand/40 focus:ring-2 focus:ring-brand/10"[31m
                [36m>[31m
                  [36m<option[31m
                    [33mvalue[31m=[32m""[31m
                  [36m>[31m
                    [0mAll[0m
                  [36m</option>[31m
                  [36m<option[31m
                    [33mvalue[31m=[32m"g1"[31m
                  [36m>[31m
                    [0mAlpha[0m
                  [36m</option>[31m
                  [36m<option[31m
                    [33mvalue[31m=[32m"g2"[31m
                  [36m>[31m
                    [0mBeta[0m
                  [36m</option>[31m
                [36m</select>[31m
              [36m</div>[31m
              [36m<div[31m
                [33mclass[31m=[32m"flex flex-col gap-1.5 min-w-[180px] flex-1"[31m
              [36m>[31m
                [36m<label[31m
                  [33mclass[31m=[32m"text-xs font-bold uppercase tracking-wider text-secondary-text opacity-70"[31m
                [36m>[31m
                  [0mRole[0m
                [36m</label>[31m
                [36m<select[31m
                  [33mclass[31m=[32m"h-11 rounded-xl border border-glass-border bg-surface/50 px-3 py-2 text-sm text-primary-text shadow-sm outline-none transition-all focus:border-brand/40 focus:ring-2 focus:ring-brand/10"[31m
                [36m>[31m
                  [36m<option[31m
                    [33mvalue[31m=[32m""[31m
                  [36m>[31m
                    [0mAll[0m
                  [36m</option>[31m
                  [36m<option[31m
                    [33mvalue[31m=[32m"student"[31m
                  [36m>[31m
                    [0mStudent[0m
                  [36m</option>[31m
                  [36m<option[31m
                    [33mvalue[31m=[32m"teacher"[31m
                  [36m>[31m
                    [0mTeacher[0m
                  [36m</option>[31m
                  [36m<option[31m
                    [33mvalue[31m=[32m"admin"[31m
                  [36m>[31m
                    [0mAdmin[0m
                  [36m</option>[31m
                [36m</select>[31m
              [36m</div>[31m
            [36m</div>[31m
          [36m</div>[31m
          [36m<div[31m
            [33mclass[31m=[32m"hidden overflow-hidden rounded-3xl border border-glass-border bg-surface/40 shadow-glass md:block"[31m
          [36m>[31m
            [36m<div[31m
              [33mclass[31m=[32m"overflow-x-auto"[31m
            [36m>[31m
              [36m<table[31m
                [33mclass[31m=[32m"w-full text-left border-collapse"[31m
              [36m>[31m
                [36m<thead>[31m
                  [36m<tr[31m
                    [33mclass[31m=[32m"border-b border-glass-border/10 bg-surface-hover/20"[31m
                  [36m>[31m
                    [36m<th[31m
                      [33mclass[31m=[32m"px-6 py-4 text-xs font-bold uppercase tracking-wider text-secondary-text opacity-70"[31m
                    [36m>[31m
                      [0mAvatar[0m
                    [36m</th>[31m
                    [36m<th[31m
                      [33mclass[31m=[32m"px-6 py-4 text-xs font-bold uppercase tracking-wider text-secondary-text opacity-70"[31m
                    [36m>[31m
                      [0mFull name[0m
                    [36m</th>[31m
                    [36m<th[31m
                      [33mclass[31m=[32m"px-6 py-4 text-xs font-bold uppercase tracking-wider text-secondary-text opacity-70"[31m
                    [36m>[31m
                      [0mEmail[0m
                    [36m</th>...[39m
   [32mтЬУ[39m AdminUsers page[2m > [22mhandles group change[32m 99[2mms[22m[39m
 [31mтЭп[39m src/tests/pageTranslations.test.tsx [2m([22m[2m13 tests[22m[2m | [22m[31m3 failed[39m[2m)[22m[33m 2817[2mms[22m[39m
   [33m[2mтЬУ[22m[39m page translations[2m > [22mswitches activity page translations [33m 642[2mms[22m[39m
   [32mтЬУ[39m page translations[2m > [22mswitches schedule page translations[32m 117[2mms[22m[39m
[31m   [31m├Ч[31m page translations[2m > [22mswitches settings translations including notifications[39m[32m 11[2mms[22m[39m
[31m     тЖТ useTheme must be used within a ThemeProvider[39m
[31m   [31m├Ч[31m page translations[2m > [22mswitches profile translations[39m[33m 1048[2mms[22m[39m
[31m     тЖТ Unable to find a label with the text of: Profile

Ignored nodes: comments, script, style
[36m<body[31m
  [33mdir[31m=[32m"ltr"[31m
[36m>[31m
  [36m<div>[31m
    [36m<button[31m
      [33mdata-testid[31m=[32m"lang-toggle"[31m
      [33mtype[31m=[32m"button"[31m
    [36m>[31m
      [0mtoggle[0m
    [36m</button>[31m
    [36m<div[31m
      [33mdata-testid[31m=[32m"layout-root"[31m
    [36m>[31m
      [36m<div[31m
        [33maria-hidden[31m=[32m"true"[31m
        [33mclass[31m=[32m"fixed inset-0 z-hide pointer-events-none overflow-hidden"[31m
      [36m>[31m
        [36m<div[31m
          [33mclass[31m=[32m"absolute inset-0 bg-repeat bg-size-[clamp(180px,22vw,360px)] opacity-40 mix-blend-soft-light dark:opacity-20 translate-z-0"[31m
          [33mstyle[31m=[32m"background-image: url(\"/src/assets/background.png\");"[31m
        [36m/>[31m
      [36m</div>[31m
      [36m<div[31m
        [33mstyle[31m=[32m"opacity: 1; transform: none;"[31m
      [36m>[31m
        [36m<section[31m
          [33mclass[31m=[32m"profile-page relative min-h-screen flex flex-col py-12 sm:py-16 md:py-20 lg:py-24 px-3 sm:px-4 md:px-6 lg:px-8"[31m
          [33mdata-testid[31m=[32m"profile-root"[31m
        [36m>[31m
          [36m<div[31m
            [33mclass[31m=[32m"max-w-full sm:max-w-[98%] md:max-w-[96%] lg:max-w-[95%] xl:max-w-[1400px] mx-auto w-full relative z-base"[31m
          [36m>[31m
            [36m<div[31m
              [33mclass[31m=[32m"px-4 sm:px-6 md:px-8 lg:px-10 xl:px-12 py-8 sm:py-10 md:py-12 lg:py-14 rounded-xl sm:rounded-2xl md:rounded-3xl relative overflow-hidden bg-surface-alt/10 shadow-glass border border-glass-border/20 backdrop-blur-md"[31m
              [33mstyle[31m=[32m"opacity: 1; transform: none;"[31m
            [36m>[31m
              [36m<div[31m
                [33mclass[31m=[32m"grid grid-cols-1 lg:grid-cols-[minmax(280px,380px)_minmax(0,1fr)] gap-x-8 gap-y-8 items-start"[31m
              [36m>[31m
                [36m<div[31m
                  [33mclass[31m=[32m"flex flex-col gap-6 items-stretch"[31m
                [36m>[31m
                  [36m<div[31m
                    [33mclass[31m=[32m"flex flex-col gap-4 sm:gap-5 md:gap-6 lg:gap-8 items-stretch"[31m
                  [36m>[31m
                    [36m<div[31m
                      [33mclass[31m=[32m"relative rounded-xl sm:rounded-2xl md:rounded-3xl overflow-hidden min-h-[280px] xs:min-h-[300px] sm:min-h-[320px] md:min-h-[340px] lg:min-h-[360px] xl:min-h-[380px] flex items-end justify-center bg-surface-alt/10 shadow-glass border border-glass-border/20"[31m
                      [33mstyle[31m=[32m"padding-bottom: 80px;"[31m
                    [36m>[31m
                      [36m<div[31m
                        [33mclass[31m=[32m"absolute inset-0 bg-center bg-cover transition-transform duration-1200 cubic-bezier-[0.33,1,0.68,1]"[31m
                        [33mstyle[31m=[32m"transform: translateY(0px) scale(1); filter: saturate(1) contrast(1.02) brightness(0.98);"[31m
                      [36m>[31m
                        [36m<img[31m
                          [33malt[31m=[32m""[31m
                        [36m/>[31m
                      [36m</div>[31m
                      [36m<div[31m
                        [33mclass[31m=[32m"absolute inset-0 bg-linear-to-b from-transparent via-transparent to-[color-mix(in_srgb,var(--bg-page)_85%,transparent)] dark:to-[color-mix(in_srgb,var(--bg-page)_92%,transparent)] from-35%"[31m
                      [36m/>[31m
                      [36m<div[31m
                        [33mclass[31m=[32m"absolute left-1/2 top-8 xs:top-10 sm:top-12 md:top-14 -translate-x-1/2 flex items-center justify-center p-0.5 sm:p-1"[31m
                        [33mstyle[31m=[32m"width: 168px; height: 168px;"[31m
                      [36m>[31m
                        [36m<div[31m
                          [33mclass[31m=[32m"relative w-full h-full rounded-full bg-white/10 overflow-hidden shadow-2xl ring-2 ring-white/50 backdrop-blur-sm"[31m
                        [36m>[31m
                          [36m<img[31m
                            [33malt[31m=[32m"Test User"[31m
                          [36m/>[31m
                        [36m</div>[31m
                        [36m<div[31m
                          [33mclass[31m=[32m"absolute z-deep rounded-full bg-(--success-bg) shadow-glow-green pointer-events-none"[31m
                          [33mstyle[31m=[32m"right: 13px; bottom: 13px; width: 27px; height: 27px;"[31m
                        [36m>[31m
                          [36m<div[31m
                            [33mclass[31m=[32m"absolute inset-0 animate-online-pulse rounded-full bg-(--success-bg)/60"[31m
                          [36m/>[31m
                        [36m</div>[31m
                      [36m</div>[31m
                      [36m<div[31m
                        [33mclass[31m=[32m"absolute left-0 right-0 top-0 bottom-0 pointer-events-none flex items-end justify-center"[31m
                      [36m>[31m
                        [36m<div[31m
                          [33mclass[31m=[32m"w-full px-6 pb-6 text-center"[31m
                        [36m>[31m
                          [36m<h1[31m
                            [33mclass[31m=[32m"text-2xl sm:text-3xl md:text-4xl font-bold tracking-tight text-white drop-shadow-lg"[31m
                          [36m>[31m
                            [0mTest User[0m
                          [36m</h1>[31m
                          [36m<p[31m
                            [33mclass[31m=[32m"text-sm sm:text-base text-white/80 font-medium drop-shadow-md mt-1"[31m
                          [36m>[31m
                            [0mactive[0m
                          [36m</p>[31m
                        [36m</div>[31m
                      [36m</div>[31m
                    [36m</div>[31m
                    [36m<div[31m
                      [33mclass[31m=[32m"grid grid-cols-2 gap-4 rounded-xl sm:rounded-2xl md:rounded-3xl p-4 bg-(--bg-surface)/30 border border-(--glass-border)/10 backdrop-blur-sm shadow-glass"[31m
                    [36m>[31m
                      [36m<div[31m
                        [33mclass[31m=[32m"flex flex-col items-center justify-center py-2 text-center border-r border-(--glass-border)/10"[31m
                      [36m>[31m
                        [36m<span[31m
                          [33mclass[31m=[32m"text-xl font-bold text-(--brand-main)"[31m
                        [36m>[31m
                          [0m2[0m
                        [36m</span>[31m
                        [36m<span[31m
                          [33mclass[31m=[32m"text-[10px] font-bold uppercase tracking-widest text-(--secondary-text) opacity-60"[31m
                        [36m>[31m
                          [0mlabels.course[0m
       ...

Ignored nodes: comments, script, style
[36m<body[31m
  [33mdir[31m=[32m"ltr"[31m
[36m>[31m
  [36m<div>[31m
    [36m<button[31m
      [33mdata-testid[31m=[32m"lang-toggle"[31m
      [33mtype[31m=[32m"button"[31m
    [36m>[31m
      [0mtoggle[0m
    [36m</button>[31m
    [36m<div[31m
      [33mdata-testid[31m=[32m"layout-root"[31m
    [36m>[31m
      [36m<div[31m
        [33maria-hidden[31m=[32m"true"[31m
        [33mclass[31m=[32m"fixed inset-0 z-hide pointer-events-none overflow-hidden"[31m
      [36m>[31m
        [36m<div[31m
          [33mclass[31m=[32m"absolute inset-0 bg-repeat bg-size-[clamp(180px,22vw,360px)] opacity-40 mix-blend-soft-light dark:opacity-20 translate-z-0"[31m
          [33mstyle[31m=[32m"background-image: url(\"/src/assets/background.png\");"[31m
        [36m/>[31m
      [36m</div>[31m
      [36m<div[31m
        [33mstyle[31m=[32m"opacity: 1; transform: none;"[31m
      [36m>[31m
        [36m<section[31m
          [33mclass[31m=[32m"profile-page relative min-h-screen flex flex-col py-12 sm:py-16 md:py-20 lg:py-24 px-3 sm:px-4 md:px-6 lg:px-8"[31m
          [33mdata-testid[31m=[32m"profile-root"[31m
        [36m>[31m
          [36m<div[31m
            [33mclass[31m=[32m"max-w-full sm:max-w-[98%] md:max-w-[96%] lg:max-w-[95%] xl:max-w-[1400px] mx-auto w-full relative z-base"[31m
          [36m>[31m
            [36m<div[31m
              [33mclass[31m=[32m"px-4 sm:px-6 md:px-8 lg:px-10 xl:px-12 py-8 sm:py-10 md:py-12 lg:py-14 rounded-xl sm:rounded-2xl md:rounded-3xl relative overflow-hidden bg-surface-alt/10 shadow-glass border border-glass-border/20 backdrop-blur-md"[31m
              [33mstyle[31m=[32m"opacity: 1; transform: none;"[31m
            [36m>[31m
              [36m<div[31m
                [33mclass[31m=[32m"grid grid-cols-1 lg:grid-cols-[minmax(280px,380px)_minmax(0,1fr)] gap-x-8 gap-y-8 items-start"[31m
              [36m>[31m
                [36m<div[31m
                  [33mclass[31m=[32m"flex flex-col gap-6 items-stretch"[31m
                [36m>[31m
                  [36m<div[31m
                    [33mclass[31m=[32m"flex flex-col gap-4 sm:gap-5 md:gap-6 lg:gap-8 items-stretch"[31m
                  [36m>[31m
                    [36m<div[31m
                      [33mclass[31m=[32m"relative rounded-xl sm:rounded-2xl md:rounded-3xl overflow-hidden min-h-[280px] xs:min-h-[300px] sm:min-h-[320px] md:min-h-[340px] lg:min-h-[360px] xl:min-h-[380px] flex items-end justify-center bg-surface-alt/10 shadow-glass border border-glass-border/20"[31m
                      [33mstyle[31m=[32m"padding-bottom: 80px;"[31m
                    [36m>[31m
                      [36m<div[31m
                        [33mclass[31m=[32m"absolute inset-0 bg-center bg-cover transition-transform duration-1200 cubic-bezier-[0.33,1,0.68,1]"[31m
                        [33mstyle[31m=[32m"transform: translateY(0px) scale(1); filter: saturate(1) contrast(1.02) brightness(0.98);"[31m
                      [36m>[31m
                        [36m<img[31m
                          [33malt[31m=[32m""[31m
                        [36m/>[31m
                      [36m</div>[31m
                      [36m<div[31m
                        [33mclass[31m=[32m"absolute inset-0 bg-linear-to-b from-transparent via-transparent to-[color-mix(in_srgb,var(--bg-page)_85%,transparent)] dark:to-[color-mix(in_srgb,var(--bg-page)_92%,transparent)] from-35%"[31m
                      [36m/>[31m
                      [36m<div[31m
                        [33mclass[31m=[32m"absolute left-1/2 top-8 xs:top-10 sm:top-12 md:top-14 -translate-x-1/2 flex items-center justify-center p-0.5 sm:p-1"[31m
                        [33mstyle[31m=[32m"width: 168px; height: 168px;"[31m
                      [36m>[31m
                        [36m<div[31m
                          [33mclass[31m=[32m"relative w-full h-full rounded-full bg-white/10 overflow-hidden shadow-2xl ring-2 ring-white/50 backdrop-blur-sm"[31m
                        [36m>[31m
                          [36m<img[31m
                            [33malt[31m=[32m"Test User"[31m
                          [36m/>[31m
                        [36m</div>[31m
                        [36m<div[31m
                          [33mclass[31m=[32m"absolute z-deep rounded-full bg-(--success-bg) shadow-glow-green pointer-events-none"[31m
                          [33mstyle[31m=[32m"right: 13px; bottom: 13px; width: 27px; height: 27px;"[31m
                        [36m>[31m
                          [36m<div[31m
                            [33mclass[31m=[32m"absolute inset-0 animate-online-pulse rounded-full bg-(--success-bg)/60"[31m
                          [36m/>[31m
                        [36m</div>[31m
                      [36m</div>[31m
                      [36m<div[31m
                        [33mclass[31m=[32m"absolute left-0 right-0 top-0 bottom-0 pointer-events-none flex items-end justify-center"[31m
                      [36m>[31m
                        [36m<div[31m
                          [33mclass[31m=[32m"w-full px-6 pb-6 text-center"[31m
                        [36m>[31m
                          [36m<h1[31m
                            [33mclass[31m=[32m"text-2xl sm:text-3xl md:text-4xl font-bold tracking-tight text-white drop-shadow-lg"[31m
                          [36m>[31m
                            [0mTest User[0m
                          [36m</h1>[31m
                          [36m<p[31m
                            [33mclass[31m=[32m"text-sm sm:text-base text-white/80 font-medium drop-shadow-md mt-1"[31m
                          [36m>[31m
                            [0mactive[0m
                          [36m</p>[31m
                        [36m</div>[31m
                      [36m</div>[31m
                    [36m</div>[31m
                    [36m<div[31m
                      [33mclass[31m=[32m"grid grid-cols-2 gap-4 rounded-xl sm:rounded-2xl md:rounded-3xl p-4 bg-(--bg-surface)/30 border border-(--glass-border)/10 backdrop-blur-sm shadow-glass"[31m
                    [36m>[31m
                      [36m<div[31m
                        [33mclass[31m=[32m"flex flex-col items-center justify-center py-2 text-center border-r border-(--glass-border)/10"[31m
                      [36m>[31m
                        [36m<span[31m
                          [33mclass[31m=[32m"text-xl font-bold text-(--brand-main)"[31m
                        [36m>[31m
                          [0m2[0m
                        [36m</span>[31m
                        [36m<span[31m
                          [33mclass[31m=[32m"text-[10px] font-bold uppercase tracking-widest text-(--secondary-text) opacity-60"[31m
                        [36m>[31m
                          [0mlabels.course[0m
       ...[39m
   [32mтЬУ[39m page translations[2m > [22mswitches events page translations[32m 124[2mms[22m[39m
[31m   [31m├Ч[31m page translations[2m > [22mswitches map controls translations[39m[32m 7[2mms[22m[39m
[31m     тЖТ useTheme must be used within a ThemeProvider[39m
   [32mтЬУ[39m page translations[2m > [22mswitches admin users page translations[32m 99[2mms[22m[39m
   [33m[2mтЬУ[22m[39m page translations[2m > [22mswitches dashboard page translations [33m 305[2mms[22m[39m
   [32mтЬУ[39m page translations[2m > [22mswitches news page translations[32m 77[2mms[22m[39m
   [32mтЬУ[39m page translations[2m > [22mrenders login page in Russian when seeded and toggles to English[32m 94[2mms[22m[39m
   [32mтЬУ[39m page translations[2m > [22mswitches register page translations[32m 106[2mms[22m[39m
   [32mтЬУ[39m page translations[2m > [22mswitches forgot password page translations[32m 93[2mms[22m[39m
   [32mтЬУ[39m page translations[2m > [22mswitches reset password page translations[32m 94[2mms[22m[39m
 [32mтЬУ[39m src/contexts/__tests__/AuthContext.mfa.test.tsx [2m([22m[2m3 tests[22m[2m)[22m[33m 1623[2mms[22m[39m
   [33m[2mтЬУ[22m[39m AuthProvider MFA state machine[2m > [22msurfaces login MFA challenges and clears them after successful verification [33m 706[2mms[22m[39m
   [33m[2mтЬУ[22m[39m AuthProvider MFA state machine[2m > [22mprovides step-up challenges and resets state on verification [33m 615[2mms[22m[39m
 [32mтЬУ[39m src/components/ui/__tests__/composition.test.tsx [2m([22m[2m14 tests[22m[2m)[22m[33m 615[2mms[22m[39m
 [32mтЬУ[39m src/components/__tests__/Navbar.test.tsx [2m([22m[2m2 tests[22m[2m)[22m[33m 673[2mms[22m[39m
   [33m[2mтЬУ[22m[39m Navbar[2m > [22mtraps focus within the mobile drawer and closes on Escape [33m 453[2mms[22m[39m
 [32mтЬУ[39m src/components/__tests__/BackToTop.test.tsx [2m([22m[2m4 tests[22m[2m)[22m[33m 791[2mms[22m[39m
   [33m[2mтЬУ[22m[39m BackToTop[2m > [22mhides button when scrolled back to top [33m 563[2mms[22m[39m
 [32mтЬУ[39m src/components/__tests__/NotificationsBell.test.tsx [2m([22m[2m5 tests[22m[2m)[22m[33m 528[2mms[22m[39m
 [32mтЬУ[39m src/components/__tests__/DashboardStories.test.tsx [2m([22m[2m4 tests[22m[2m)[22m[33m 780[2mms[22m[39m
   [33m[2mтЬУ[22m[39m DashboardStories[2m > [22mopens a story and allows navigation via buttons [33m 364[2mms[22m[39m
 [32mтЬУ[39m src/pages/__tests__/AdminNotifications.test.tsx [2m([22m[2m3 tests[22m[2m)[22m[33m 862[2mms[22m[39m
   [33m[2mтЬУ[22m[39m AdminNotifications page[2m > [22mlists dead-letter jobs and supports selection [33m 342[2mms[22m[39m
   [33m[2mтЬУ[22m[39m AdminNotifications page[2m > [22mretries and purges selected jobs [33m 465[2mms[22m[39m
[90mstdout[2m | src/tests/navigationTranslations.test.tsx[2m > [22m[2mnavigation components translations[2m > [22m[2mupdates footer translations when switching languages
[22m[39m[SmartImage] status=primary src=/src/assets/guu_logo.png

[90mstdout[2m | src/tests/pages/EventsCache.test.tsx[2m > [22m[2mEvents caching[2m > [22m[2mrestores cached data when a 304 response is received after switching tabs
[22m[39m[SmartImage] status=fallback src=/fallbacks/placeholder.png

 [32mтЬУ[39m src/pages/__tests__/Register.test.tsx [2m([22m[2m3 tests[22m[2m)[22m[33m 2533[2mms[22m[39m
   [33m[2mтЬУ[22m[39m Register page[2m > [22msurfaces API error messages [33m 1178[2mms[22m[39m
   [33m[2mтЬУ[22m[39m Register page[2m > [22msends registration payload and navigates to login [33m 1123[2mms[22m[39m
[90mstdout[2m | src/tests/pages/EventsCache.test.tsx[2m > [22m[2mEvents caching[2m > [22m[2mrestores cached data when a 304 response is received after switching tabs
[22m[39m[SmartImage] status=fallback src=/fallbacks/placeholder.png

 [32mтЬУ[39m src/tests/navigationTranslations.test.tsx [2m([22m[2m2 tests[22m[2m)[22m[33m 461[2mms[22m[39m
[90mstdout[2m | src/tests/pages/EventsCache.test.tsx[2m > [22m[2mEvents caching[2m > [22m[2mrestores cached data when a 304 response is received after switching tabs
[22m[39m[SmartImage] status=fallback src=/fallbacks/placeholder.png

 [32mтЬУ[39m src/tests/pages/EventsCache.test.tsx [2m([22m[2m1 test[22m[2m)[22m[33m 591[2mms[22m[39m
   [33m[2mтЬУ[22m[39m Events caching[2m > [22mrestores cached data when a 304 response is received after switching tabs [33m 589[2mms[22m[39m
 [32mтЬУ[39m src/contexts/__tests__/AuthContext.test.tsx [2m([22m[2m8 tests[22m[2m)[22m[33m 3871[2mms[22m[39m
   [33m[2mтЬУ[22m[39m AuthProvider caching[2m > [22mstores the current user in the query cache and local storage [33m 348[2mms[22m[39m
   [33m[2mтЬУ[22m[39m AuthProvider caching[2m > [22mremoves cached profile information on logout [33m 371[2mms[22m[39m
   [33m[2mтЬУ[22m[39m AuthProvider caching[2m > [22msynchronizes cached profile state when storage changes [33m 494[2mms[22m[39m
   [33m[2mтЬУ[22m[39m AuthProvider caching[2m > [22mdiscards tampered cached envelopes [33m 529[2mms[22m[39m
   [33m[2mтЬУ[22m[39m AuthProvider loading state[2m > [22mtoggles loading during refresh when no cached profile exists [33m 415[2mms[22m[39m
   [33m[2mтЬУ[22m[39m AuthProvider dashboard prefetch[2m > [22mprefetches dashboard queries after login [33m 686[2mms[22m[39m
   [33m[2mтЬУ[22m[39m AuthProvider dashboard prefetch[2m > [22mprefetches schedule data when the student has a group [33m 801[2mms[22m[39m
 [31mтЭп[39m src/pages/__tests__/Settings.totp.test.tsx [2m([22m[2m6 tests[22m[2m | [22m[31m6 failed[39m[2m)[22m[33m 6275[2mms[22m[39m
[31m   [31m├Ч[31m Settings TOTP enrollment[2m > [22mstarts and completes a new TOTP enrollment[39m[33m 1080[2mms[22m[39m
[31m     тЖТ Unable to find role="tab" and name `/Account|╨Р╨║╨║╨░╤Г╨╜╤В/i`

Ignored nodes: comments, script, style
[36m<body[31m
  [33mclass[31m=[32m"light"[31m
  [33mdata-color-scheme[31m=[32m"light"[31m
  [33mdir[31m=[32m"ltr"[31m
[36m>[31m
  [36m<div>[31m
    [36m<main[31m
      [33mclass[31m=[32m"box-border min-h-screen w-full bg-[var(--page-bg)] text-[var(--page-foreground)]"[31m
      [33mid[31m=[32m"main"[31m
      [33mrole[31m=[32m"main"[31m
      [33mstyle[31m=[32m"opacity: 1;"[31m
      [33mtabindex[31m=[32m"-1"[31m
    [36m>[31m
      [36m<div[31m
        [33mclass[31m=[32m"page-fade relative min-h-full"[31m
        [33mdata-page-fade[31m=[32m"true"[31m
        [33mdata-ready[31m=[32m"true"[31m
        [33mstyle[31m=[32m"--page-fade-delay: 80ms;"[31m
      [36m>[31m
        [36m<div[31m
          [33mclass[31m=[32m"flex h-full w-full flex-col bg-(--page-bg) text-(--page-text) sm:h-[640px] sm:max-h-[85vh] sm:flex-row"[31m
        [36m>[31m
          [36m<div[31m
            [33mclass[31m=[32m"px-2 md:px-4"[31m
          [36m>[31m
            [36m<div[31m
              [33mclass[31m=[32m"mb-8 flex flex-wrap items-center gap-4 sm:gap-5"[31m
              [33mdata-fade[31m=[32m"true"[31m
              [33mstyle[31m=[32m"--fade-delay: 80ms;"[31m
            [36m>[31m
              [36m<div[31m
                [33mclass[31m=[32m"flex h-12 w-12 items-center justify-center rounded-full bg-[color-mix(in_srgb,var(--glass-bg)_70%,var(--nav-link)_30%)] text-[var(--nav-link)] shadow-premium transition-transform duration-200 hover:scale-105 dark:bg-[color-mix(in_srgb,var(--glass-bg)_65%,var(--nav-link)_35%)] dark:shadow-premium backdrop-blur-sm [-webkit-backdrop-filter:blur(12px)]"[31m
              [36m>[31m
                [36m<svg[31m
                  [33maria-hidden[31m=[32m"true"[31m
                  [33mclass[31m=[32m"lucide lucide-settings h-6 w-6"[31m
                  [33mfill[31m=[32m"none"[31m
                  [33mheight[31m=[32m"24"[31m
                  [33mstroke[31m=[32m"currentColor"[31m
                  [33mstroke-linecap[31m=[32m"round"[31m
                  [33mstroke-linejoin[31m=[32m"round"[31m
                  [33mstroke-width[31m=[32m"2"[31m
                  [33mviewBox[31m=[32m"0 0 24 24"[31m
                  [33mwidth[31m=[32m"24"[31m
                  [33mxmlns[31m=[32m"http://www.w3.org/2000/svg"[31m
                [36m>[31m
                  [36m<path[31m
                    [33md[31m=[32m"M9.671 4.136a2.34 2.34 0 0 1 4.659 0 2.34 2.34 0 0 0 3.319 1.915 2.34 2.34 0 0 1 2.33 4.033 2.34 2.34 0 0 0 0 3.831 2.34 2.34 0 0 1-2.33 4.033 2.34 2.34 0 0 0-3.319 1.915 2.34 2.34 0 0 1-4.659 0 2.34 2.34 0 0 0-3.32-1.915 2.34 2.34 0 0 1-2.33-4.033 2.34 2.34 0 0 0 0-3.831A2.34 2.34 0 0 1 6.35 6.051a2.34 2.34 0 0 0 3.319-1.915"[31m
                  [36m/>[31m
                  [36m<circle[31m
                    [33mcx[31m=[32m"12"[31m
                    [33mcy[31m=[32m"12"[31m
                    [33mr[31m=[32m"3"[31m
                  [36m/>[31m
                [36m</svg>[31m
              [36m</div>[31m
              [36m<h1[31m
                [33mclass[31m=[32m"text-[clamp(1.6rem,5vw,2.75rem)] font-bold tracking-tight text-[var(--page-text)]"[31m
              [36m>[31m
                [0mSettings[0m
              [36m</h1>[31m
            [36m</div>[31m
            [36m<div[31m
              [33mclass[31m=[32m"mb-8"[31m
              [33mdata-fade[31m=[32m"true"[31m
              [33mstyle[31m=[32m"--fade-delay: 140ms;"[31m
            [36m>[31m
              [36m<div[31m
                [33mclass[31m=[32m"relative flex flex-wrap items-center gap-1.5 overflow-x-auto rounded-2xl px-1.5 py-1.5 border border-(--glass-border) bg-(--bg-surface)/30 backdrop-blur-md shadow-glass"[31m
                [33mrole[31m=[32m"tablist"[31m
              [36m>[31m
                [36m<button[31m
                  [33mclass[31m=[32m"relative flex h-10 items-center justify-center rounded-xl px-5 text-sm font-black transition-all duration-500 text-primary-text"[31m
                  [33mtype[31m=[32m"button"[31m
                [36m>[31m
                  [36m<div[31m
                    [33mclass[31m=[32m"absolute inset-0 z-0 rounded-xl bg-brand/10 ring-1 ring-brand/20"[31m
                    [33mstyle[31m=[32m"opacity: 1;"[31m
                  [36m/>[31m
                  [36m<span[31m
                    [33mclass[31m=[32m"relative z-1"[31m
                  [36m>[31m
                    [0mGeneral[0m
                  [36m</span>[31m
                [36m</button>[31m
                [36m<button[31m
                  [33mclass[31m=[32m"relative flex h-10 items-center justify-center rounded-xl px-5 text-sm font-black transition-all duration-500 text-secondary-text opacity-70 hover:opacity-100 hover:bg-surface-hover/20"[31m
                  [33mtype[31m=[32m"button"[31m
                [36m>[31m
                  [36m<span[31m
                    [33mclass[31m=[32m"relative z-1"[31m
                  [36m>[31m
                    [0mAccount[0m
                  [36m</span>[31m
                [36m</button>[31m
                [36m<button[31m
                  [33mclass[31m=[32m"relative flex h-10 items-center justify-center rounded-xl px-5 text-sm font-black transition-all duration-500 text-secondary-text opacity-70 hover:opacity-100 hover:bg-surface-hover/20"[31m
                  [33mtype[31m=[32m"button"[31m
                [36m>[31m
                  [36m<span[31m
                    [33mclass[31m=[32m"relative z-1"[31m
                  [36m>[31m
                    [0mIntegrations[0m
                  [36m</span>[31m
                [36m</button>[31m
              [36m</div>[31m
            [36m</div>[31m
            [36m<div[31m
              [33mdata-fade[31m=[32m"true"[31m
              [33mstyle[31m=[32m"--fade-delay: 200ms;"[31m
            [36m>[31m
              [36m<div[31m
                [33mclass[31m=[32m"flex w-full flex-col gap-8 sm:gap-10 xl:max-w-[min(100%,1100px)] 2xl:gap-12"[31m
              [36m>[31m
                [36m<div[31m
                  [33mclass[31m=[32m"flex flex-col gap-3"[31m
                [36m>[31m
                  [36m<h2[31m
                    [33mclass[31m=[32m"font-bold tracking-tight text-primary-text text-lg"[31m
                  [36m>[31m
                    [0mTheme[0m
                  [36m</h2>[31m
                  [36m<div[31m
                    [33mclass[31m=[32m"flex flex-row flex-wrap gap-4"[31m
                  [36m>[31m
                    [36m<label[31m
                      [33mclass[31m=[32m"group inline-flex items-center gap-3 rounded-xl px-2 py-1.5 cursor-pointer transition-all duration-300 hover:bg-brand/5 border border-transparent"[31m
      ...

Ignored nodes: comments, script, style
[36m<body[31m
  [33mclass[31m=[32m"light"[31m
  [33mdata-color-scheme[31m=[32m"light"[31m
  [33mdir[31m=[32m"ltr"[31m
[36m>[31m
  [36m<div>[31m
    [36m<main[31m
      [33mclass[31m=[32m"box-border min-h-screen w-full bg-[var(--page-bg)] text-[var(--page-foreground)]"[31m
      [33mid[31m=[32m"main"[31m
      [33mrole[31m=[32m"main"[31m
      [33mstyle[31m=[32m"opacity: 1;"[31m
      [33mtabindex[31m=[32m"-1"[31m
    [36m>[31m
      [36m<div[31m
        [33mclass[31m=[32m"page-fade relative min-h-full"[31m
        [33mdata-page-fade[31m=[32m"true"[31m
        [33mdata-ready[31m=[32m"true"[31m
        [33mstyle[31m=[32m"--page-fade-delay: 80ms;"[31m
      [36m>[31m
        [36m<div[31m
          [33mclass[31m=[32m"flex h-full w-full flex-col bg-(--page-bg) text-(--page-text) sm:h-[640px] sm:max-h-[85vh] sm:flex-row"[31m
        [36m>[31m
          [36m<div[31m
            [33mclass[31m=[32m"px-2 md:px-4"[31m
          [36m>[31m
            [36m<div[31m
              [33mclass[31m=[32m"mb-8 flex flex-wrap items-center gap-4 sm:gap-5"[31m
              [33mdata-fade[31m=[32m"true"[31m
              [33mstyle[31m=[32m"--fade-delay: 80ms;"[31m
            [36m>[31m
              [36m<div[31m
                [33mclass[31m=[32m"flex h-12 w-12 items-center justify-center rounded-full bg-[color-mix(in_srgb,var(--glass-bg)_70%,var(--nav-link)_30%)] text-[var(--nav-link)] shadow-premium transition-transform duration-200 hover:scale-105 dark:bg-[color-mix(in_srgb,var(--glass-bg)_65%,var(--nav-link)_35%)] dark:shadow-premium backdrop-blur-sm [-webkit-backdrop-filter:blur(12px)]"[31m
              [36m>[31m
                [36m<svg[31m
                  [33maria-hidden[31m=[32m"true"[31m
                  [33mclass[31m=[32m"lucide lucide-settings h-6 w-6"[31m
                  [33mfill[31m=[32m"none"[31m
                  [33mheight[31m=[32m"24"[31m
                  [33mstroke[31m=[32m"currentColor"[31m
                  [33mstroke-linecap[31m=[32m"round"[31m
                  [33mstroke-linejoin[31m=[32m"round"[31m
                  [33mstroke-width[31m=[32m"2"[31m
                  [33mviewBox[31m=[32m"0 0 24 24"[31m
                  [33mwidth[31m=[32m"24"[31m
                  [33mxmlns[31m=[32m"http://www.w3.org/2000/svg"[31m
                [36m>[31m
                  [36m<path[31m
                    [33md[31m=[32m"M9.671 4.136a2.34 2.34 0 0 1 4.659 0 2.34 2.34 0 0 0 3.319 1.915 2.34 2.34 0 0 1 2.33 4.033 2.34 2.34 0 0 0 0 3.831 2.34 2.34 0 0 1-2.33 4.033 2.34 2.34 0 0 0-3.319 1.915 2.34 2.34 0 0 1-4.659 0 2.34 2.34 0 0 0-3.32-1.915 2.34 2.34 0 0 1-2.33-4.033 2.34 2.34 0 0 0 0-3.831A2.34 2.34 0 0 1 6.35 6.051a2.34 2.34 0 0 0 3.319-1.915"[31m
                  [36m/>[31m
                  [36m<circle[31m
                    [33mcx[31m=[32m"12"[31m
                    [33mcy[31m=[32m"12"[31m
                    [33mr[31m=[32m"3"[31m
                  [36m/>[31m
                [36m</svg>[31m
              [36m</div>[31m
              [36m<h1[31m
                [33mclass[31m=[32m"text-[clamp(1.6rem,5vw,2.75rem)] font-bold tracking-tight text-[var(--page-text)]"[31m
              [36m>[31m
                [0mSettings[0m
              [36m</h1>[31m
            [36m</div>[31m
            [36m<div[31m
              [33mclass[31m=[32m"mb-8"[31m
              [33mdata-fade[31m=[32m"true"[31m
              [33mstyle[31m=[32m"--fade-delay: 140ms;"[31m
            [36m>[31m
              [36m<div[31m
                [33mclass[31m=[32m"relative flex flex-wrap items-center gap-1.5 overflow-x-auto rounded-2xl px-1.5 py-1.5 border border-(--glass-border) bg-(--bg-surface)/30 backdrop-blur-md shadow-glass"[31m
                [33mrole[31m=[32m"tablist"[31m
              [36m>[31m
                [36m<button[31m
                  [33mclass[31m=[32m"relative flex h-10 items-center justify-center rounded-xl px-5 text-sm font-black transition-all duration-500 text-primary-text"[31m
                  [33mtype[31m=[32m"button"[31m
                [36m>[31m
                  [36m<div[31m
                    [33mclass[31m=[32m"absolute inset-0 z-0 rounded-xl bg-brand/10 ring-1 ring-brand/20"[31m
                    [33mstyle[31m=[32m"opacity: 1;"[31m
                  [36m/>[31m
                  [36m<span[31m
                    [33mclass[31m=[32m"relative z-1"[31m
                  [36m>[31m
                    [0mGeneral[0m
                  [36m</span>[31m
                [36m</button>[31m
                [36m<button[31m
                  [33mclass[31m=[32m"relative flex h-10 items-center justify-center rounded-xl px-5 text-sm font-black transition-all duration-500 text-secondary-text opacity-70 hover:opacity-100 hover:bg-surface-hover/20"[31m
                  [33mtype[31m=[32m"button"[31m
                [36m>[31m
                  [36m<span[31m
                    [33mclass[31m=[32m"relative z-1"[31m
                  [36m>[31m
                    [0mAccount[0m
                  [36m</span>[31m
                [36m</button>[31m
                [36m<button[31m
                  [33mclass[31m=[32m"relative flex h-10 items-center justify-center rounded-xl px-5 text-sm font-black transition-all duration-500 text-secondary-text opacity-70 hover:opacity-100 hover:bg-surface-hover/20"[31m
                  [33mtype[31m=[32m"button"[31m
                [36m>[31m
                  [36m<span[31m
                    [33mclass[31m=[32m"relative z-1"[31m
                  [36m>[31m
                    [0mIntegrations[0m
                  [36m</span>[31m
                [36m</button>[31m
              [36m</div>[31m
            [36m</div>[31m
            [36m<div[31m
              [33mdata-fade[31m=[32m"true"[31m
              [33mstyle[31m=[32m"--fade-delay: 200ms;"[31m
            [36m>[31m
              [36m<div[31m
                [33mclass[31m=[32m"flex w-full flex-col gap-8 sm:gap-10 xl:max-w-[min(100%,1100px)] 2xl:gap-12"[31m
              [36m>[31m
                [36m<div[31m
                  [33mclass[31m=[32m"flex flex-col gap-3"[31m
                [36m>[31m
                  [36m<h2[31m
                    [33mclass[31m=[32m"font-bold tracking-tight text-primary-text text-lg"[31m
                  [36m>[31m
                    [0mTheme[0m
                  [36m</h2>[31m
                  [36m<div[31m
                    [33mclass[31m=[32m"flex flex-row flex-wrap gap-4"[31m
                  [36m>[31m
                    [36m<label[31m
                      [33mclass[31m=[32m"group inline-flex items-center gap-3 rounded-xl px-2 py-1.5 cursor-pointer transition-all duration-300 hover:bg-brand/5 border border-transparent"[31m
      ...[39m
[31m   [31m├Ч[31m Settings TOTP enrollment[2m > [22msurfaces server errors when confirmation fails[39m[33m 1040[2mms[22m[39m
[31m     тЖТ Unable to find role="tab" and name `/Account|╨Р╨║╨║╨░╤Г╨╜╤В/i`

Ignored nodes: comments, script, style
[36m<body[31m
  [33mclass[31m=[32m"light"[31m
  [33mdata-color-scheme[31m=[32m"light"[31m
  [33mdir[31m=[32m"ltr"[31m
[36m>[31m
  [36m<div>[31m
    [36m<main[31m
      [33mclass[31m=[32m"box-border min-h-screen w-full bg-[var(--page-bg)] text-[var(--page-foreground)]"[31m
      [33mid[31m=[32m"main"[31m
      [33mrole[31m=[32m"main"[31m
      [33mstyle[31m=[32m"opacity: 1;"[31m
      [33mtabindex[31m=[32m"-1"[31m
    [36m>[31m
      [36m<div[31m
        [33mclass[31m=[32m"page-fade relative min-h-full"[31m
        [33mdata-page-fade[31m=[32m"true"[31m
        [33mdata-ready[31m=[32m"true"[31m
        [33mstyle[31m=[32m"--page-fade-delay: 80ms;"[31m
      [36m>[31m
        [36m<div[31m
          [33mclass[31m=[32m"flex h-full w-full flex-col bg-(--page-bg) text-(--page-text) sm:h-[640px] sm:max-h-[85vh] sm:flex-row"[31m
        [36m>[31m
          [36m<div[31m
            [33mclass[31m=[32m"px-2 md:px-4"[31m
          [36m>[31m
            [36m<div[31m
              [33mclass[31m=[32m"mb-8 flex flex-wrap items-center gap-4 sm:gap-5"[31m
              [33mdata-fade[31m=[32m"true"[31m
              [33mstyle[31m=[32m"--fade-delay: 80ms;"[31m
            [36m>[31m
              [36m<div[31m
                [33mclass[31m=[32m"flex h-12 w-12 items-center justify-center rounded-full bg-[color-mix(in_srgb,var(--glass-bg)_70%,var(--nav-link)_30%)] text-[var(--nav-link)] shadow-premium transition-transform duration-200 hover:scale-105 dark:bg-[color-mix(in_srgb,var(--glass-bg)_65%,var(--nav-link)_35%)] dark:shadow-premium backdrop-blur-sm [-webkit-backdrop-filter:blur(12px)]"[31m
              [36m>[31m
                [36m<svg[31m
                  [33maria-hidden[31m=[32m"true"[31m
                  [33mclass[31m=[32m"lucide lucide-settings h-6 w-6"[31m
                  [33mfill[31m=[32m"none"[31m
                  [33mheight[31m=[32m"24"[31m
                  [33mstroke[31m=[32m"currentColor"[31m
                  [33mstroke-linecap[31m=[32m"round"[31m
                  [33mstroke-linejoin[31m=[32m"round"[31m
                  [33mstroke-width[31m=[32m"2"[31m
                  [33mviewBox[31m=[32m"0 0 24 24"[31m
                  [33mwidth[31m=[32m"24"[31m
                  [33mxmlns[31m=[32m"http://www.w3.org/2000/svg"[31m
                [36m>[31m
                  [36m<path[31m
                    [33md[31m=[32m"M9.671 4.136a2.34 2.34 0 0 1 4.659 0 2.34 2.34 0 0 0 3.319 1.915 2.34 2.34 0 0 1 2.33 4.033 2.34 2.34 0 0 0 0 3.831 2.34 2.34 0 0 1-2.33 4.033 2.34 2.34 0 0 0-3.319 1.915 2.34 2.34 0 0 1-4.659 0 2.34 2.34 0 0 0-3.32-1.915 2.34 2.34 0 0 1-2.33-4.033 2.34 2.34 0 0 0 0-3.831A2.34 2.34 0 0 1 6.35 6.051a2.34 2.34 0 0 0 3.319-1.915"[31m
                  [36m/>[31m
                  [36m<circle[31m
                    [33mcx[31m=[32m"12"[31m
                    [33mcy[31m=[32m"12"[31m
                    [33mr[31m=[32m"3"[31m
                  [36m/>[31m
                [36m</svg>[31m
              [36m</div>[31m
              [36m<h1[31m
                [33mclass[31m=[32m"text-[clamp(1.6rem,5vw,2.75rem)] font-bold tracking-tight text-[var(--page-text)]"[31m
              [36m>[31m
                [0mSettings[0m
              [36m</h1>[31m
            [36m</div>[31m
            [36m<div[31m
              [33mclass[31m=[32m"mb-8"[31m
              [33mdata-fade[31m=[32m"true"[31m
              [33mstyle[31m=[32m"--fade-delay: 140ms;"[31m
            [36m>[31m
              [36m<div[31m
                [33mclass[31m=[32m"relative flex flex-wrap items-center gap-1.5 overflow-x-auto rounded-2xl px-1.5 py-1.5 border border-(--glass-border) bg-(--bg-surface)/30 backdrop-blur-md shadow-glass"[31m
                [33mrole[31m=[32m"tablist"[31m
              [36m>[31m
                [36m<button[31m
                  [33mclass[31m=[32m"relative flex h-10 items-center justify-center rounded-xl px-5 text-sm font-black transition-all duration-500 text-primary-text"[31m
                  [33mtype[31m=[32m"button"[31m
                [36m>[31m
                  [36m<div[31m
                    [33mclass[31m=[32m"absolute inset-0 z-0 rounded-xl bg-brand/10 ring-1 ring-brand/20"[31m
                    [33mstyle[31m=[32m"opacity: 1;"[31m
                  [36m/>[31m
                  [36m<span[31m
                    [33mclass[31m=[32m"relative z-1"[31m
                  [36m>[31m
                    [0mGeneral[0m
                  [36m</span>[31m
                [36m</button>[31m
                [36m<button[31m
                  [33mclass[31m=[32m"relative flex h-10 items-center justify-center rounded-xl px-5 text-sm font-black transition-all duration-500 text-secondary-text opacity-70 hover:opacity-100 hover:bg-surface-hover/20"[31m
                  [33mtype[31m=[32m"button"[31m
                [36m>[31m
                  [36m<span[31m
                    [33mclass[31m=[32m"relative z-1"[31m
                  [36m>[31m
                    [0mAccount[0m
                  [36m</span>[31m
                [36m</button>[31m
                [36m<button[31m
                  [33mclass[31m=[32m"relative flex h-10 items-center justify-center rounded-xl px-5 text-sm font-black transition-all duration-500 text-secondary-text opacity-70 hover:opacity-100 hover:bg-surface-hover/20"[31m
                  [33mtype[31m=[32m"button"[31m
                [36m>[31m
                  [36m<span[31m
                    [33mclass[31m=[32m"relative z-1"[31m
                  [36m>[31m
                    [0mIntegrations[0m
                  [36m</span>[31m
                [36m</button>[31m
              [36m</div>[31m
            [36m</div>[31m
            [36m<div[31m
              [33mdata-fade[31m=[32m"true"[31m
              [33mstyle[31m=[32m"--fade-delay: 200ms;"[31m
            [36m>[31m
              [36m<div[31m
                [33mclass[31m=[32m"flex w-full flex-col gap-8 sm:gap-10 xl:max-w-[min(100%,1100px)] 2xl:gap-12"[31m
              [36m>[31m
                [36m<div[31m
                  [33mclass[31m=[32m"flex flex-col gap-3"[31m
                [36m>[31m
                  [36m<h2[31m
                    [33mclass[31m=[32m"font-bold tracking-tight text-primary-text text-lg"[31m
                  [36m>[31m
                    [0mTheme[0m
                  [36m</h2>[31m
                  [36m<div[31m
                    [33mclass[31m=[32m"flex flex-row flex-wrap gap-4"[31m
                  [36m>[31m
                    [36m<label[31m
                      [33mclass[31m=[32m"group inline-flex items-center gap-3 rounded-xl px-2 py-1.5 cursor-pointer transition-all duration-300 hover:bg-brand/5 border border-transparent"[31m
      ...

Ignored nodes: comments, script, style
[36m<body[31m
  [33mclass[31m=[32m"light"[31m
  [33mdata-color-scheme[31m=[32m"light"[31m
  [33mdir[31m=[32m"ltr"[31m
[36m>[31m
  [36m<div>[31m
    [36m<main[31m
      [33mclass[31m=[32m"box-border min-h-screen w-full bg-[var(--page-bg)] text-[var(--page-foreground)]"[31m
      [33mid[31m=[32m"main"[31m
      [33mrole[31m=[32m"main"[31m
      [33mstyle[31m=[32m"opacity: 1;"[31m
      [33mtabindex[31m=[32m"-1"[31m
    [36m>[31m
      [36m<div[31m
        [33mclass[31m=[32m"page-fade relative min-h-full"[31m
        [33mdata-page-fade[31m=[32m"true"[31m
        [33mdata-ready[31m=[32m"true"[31m
        [33mstyle[31m=[32m"--page-fade-delay: 80ms;"[31m
      [36m>[31m
        [36m<div[31m
          [33mclass[31m=[32m"flex h-full w-full flex-col bg-(--page-bg) text-(--page-text) sm:h-[640px] sm:max-h-[85vh] sm:flex-row"[31m
        [36m>[31m
          [36m<div[31m
            [33mclass[31m=[32m"px-2 md:px-4"[31m
          [36m>[31m
            [36m<div[31m
              [33mclass[31m=[32m"mb-8 flex flex-wrap items-center gap-4 sm:gap-5"[31m
              [33mdata-fade[31m=[32m"true"[31m
              [33mstyle[31m=[32m"--fade-delay: 80ms;"[31m
            [36m>[31m
              [36m<div[31m
                [33mclass[31m=[32m"flex h-12 w-12 items-center justify-center rounded-full bg-[color-mix(in_srgb,var(--glass-bg)_70%,var(--nav-link)_30%)] text-[var(--nav-link)] shadow-premium transition-transform duration-200 hover:scale-105 dark:bg-[color-mix(in_srgb,var(--glass-bg)_65%,var(--nav-link)_35%)] dark:shadow-premium backdrop-blur-sm [-webkit-backdrop-filter:blur(12px)]"[31m
              [36m>[31m
                [36m<svg[31m
                  [33maria-hidden[31m=[32m"true"[31m
                  [33mclass[31m=[32m"lucide lucide-settings h-6 w-6"[31m
                  [33mfill[31m=[32m"none"[31m
                  [33mheight[31m=[32m"24"[31m
                  [33mstroke[31m=[32m"currentColor"[31m
                  [33mstroke-linecap[31m=[32m"round"[31m
                  [33mstroke-linejoin[31m=[32m"round"[31m
                  [33mstroke-width[31m=[32m"2"[31m
                  [33mviewBox[31m=[32m"0 0 24 24"[31m
                  [33mwidth[31m=[32m"24"[31m
                  [33mxmlns[31m=[32m"http://www.w3.org/2000/svg"[31m
                [36m>[31m
                  [36m<path[31m
                    [33md[31m=[32m"M9.671 4.136a2.34 2.34 0 0 1 4.659 0 2.34 2.34 0 0 0 3.319 1.915 2.34 2.34 0 0 1 2.33 4.033 2.34 2.34 0 0 0 0 3.831 2.34 2.34 0 0 1-2.33 4.033 2.34 2.34 0 0 0-3.319 1.915 2.34 2.34 0 0 1-4.659 0 2.34 2.34 0 0 0-3.32-1.915 2.34 2.34 0 0 1-2.33-4.033 2.34 2.34 0 0 0 0-3.831A2.34 2.34 0 0 1 6.35 6.051a2.34 2.34 0 0 0 3.319-1.915"[31m
                  [36m/>[31m
                  [36m<circle[31m
                    [33mcx[31m=[32m"12"[31m
                    [33mcy[31m=[32m"12"[31m
                    [33mr[31m=[32m"3"[31m
                  [36m/>[31m
                [36m</svg>[31m
              [36m</div>[31m
              [36m<h1[31m
                [33mclass[31m=[32m"text-[clamp(1.6rem,5vw,2.75rem)] font-bold tracking-tight text-[var(--page-text)]"[31m
              [36m>[31m
                [0mSettings[0m
              [36m</h1>[31m
            [36m</div>[31m
            [36m<div[31m
              [33mclass[31m=[32m"mb-8"[31m
              [33mdata-fade[31m=[32m"true"[31m
              [33mstyle[31m=[32m"--fade-delay: 140ms;"[31m
            [36m>[31m
              [36m<div[31m
                [33mclass[31m=[32m"relative flex flex-wrap items-center gap-1.5 overflow-x-auto rounded-2xl px-1.5 py-1.5 border border-(--glass-border) bg-(--bg-surface)/30 backdrop-blur-md shadow-glass"[31m
                [33mrole[31m=[32m"tablist"[31m
              [36m>[31m
                [36m<button[31m
                  [33mclass[31m=[32m"relative flex h-10 items-center justify-center rounded-xl px-5 text-sm font-black transition-all duration-500 text-primary-text"[31m
                  [33mtype[31m=[32m"button"[31m
                [36m>[31m
                  [36m<div[31m
                    [33mclass[31m=[32m"absolute inset-0 z-0 rounded-xl bg-brand/10 ring-1 ring-brand/20"[31m
                    [33mstyle[31m=[32m"opacity: 1;"[31m
                  [36m/>[31m
                  [36m<span[31m
                    [33mclass[31m=[32m"relative z-1"[31m
                  [36m>[31m
                    [0mGeneral[0m
                  [36m</span>[31m
                [36m</button>[31m
                [36m<button[31m
                  [33mclass[31m=[32m"relative flex h-10 items-center justify-center rounded-xl px-5 text-sm font-black transition-all duration-500 text-secondary-text opacity-70 hover:opacity-100 hover:bg-surface-hover/20"[31m
                  [33mtype[31m=[32m"button"[31m
                [36m>[31m
                  [36m<span[31m
                    [33mclass[31m=[32m"relative z-1"[31m
                  [36m>[31m
                    [0mAccount[0m
                  [36m</span>[31m
                [36m</button>[31m
                [36m<button[31m
                  [33mclass[31m=[32m"relative flex h-10 items-center justify-center rounded-xl px-5 text-sm font-black transition-all duration-500 text-secondary-text opacity-70 hover:opacity-100 hover:bg-surface-hover/20"[31m
                  [33mtype[31m=[32m"button"[31m
                [36m>[31m
                  [36m<span[31m
                    [33mclass[31m=[32m"relative z-1"[31m
                  [36m>[31m
                    [0mIntegrations[0m
                  [36m</span>[31m
                [36m</button>[31m
              [36m</div>[31m
            [36m</div>[31m
            [36m<div[31m
              [33mdata-fade[31m=[32m"true"[31m
              [33mstyle[31m=[32m"--fade-delay: 200ms;"[31m
            [36m>[31m
              [36m<div[31m
                [33mclass[31m=[32m"flex w-full flex-col gap-8 sm:gap-10 xl:max-w-[min(100%,1100px)] 2xl:gap-12"[31m
              [36m>[31m
                [36m<div[31m
                  [33mclass[31m=[32m"flex flex-col gap-3"[31m
                [36m>[31m
                  [36m<h2[31m
                    [33mclass[31m=[32m"font-bold tracking-tight text-primary-text text-lg"[31m
                  [36m>[31m
                    [0mTheme[0m
                  [36m</h2>[31m
                  [36m<div[31m
                    [33mclass[31m=[32m"flex flex-row flex-wrap gap-4"[31m
                  [36m>[31m
                    [36m<label[31m
                      [33mclass[31m=[32m"group inline-flex items-center gap-3 rounded-xl px-2 py-1.5 cursor-pointer transition-all duration-300 hover:bg-brand/5 border border-transparent"[31m
      ...[39m
[31m   [31m├Ч[31m Settings TOTP enrollment[2m > [22mcancels a pending TOTP enrollment[39m[33m 1031[2mms[22m[39m
[31m     тЖТ Unable to find role="tab" and name `/Account|╨Р╨║╨║╨░╤Г╨╜╤В/i`

Ignored nodes: comments, script, style
[36m<body[31m
  [33mclass[31m=[32m"light"[31m
  [33mdata-color-scheme[31m=[32m"light"[31m
  [33mdir[31m=[32m"ltr"[31m
[36m>[31m
  [36m<div>[31m
    [36m<main[31m
      [33mclass[31m=[32m"box-border min-h-screen w-full bg-[var(--page-bg)] text-[var(--page-foreground)]"[31m
      [33mid[31m=[32m"main"[31m
      [33mrole[31m=[32m"main"[31m
      [33mstyle[31m=[32m"opacity: 1;"[31m
      [33mtabindex[31m=[32m"-1"[31m
    [36m>[31m
      [36m<div[31m
        [33mclass[31m=[32m"page-fade relative min-h-full"[31m
        [33mdata-page-fade[31m=[32m"true"[31m
        [33mdata-ready[31m=[32m"true"[31m
        [33mstyle[31m=[32m"--page-fade-delay: 80ms;"[31m
      [36m>[31m
        [36m<div[31m
          [33mclass[31m=[32m"flex h-full w-full flex-col bg-(--page-bg) text-(--page-text) sm:h-[640px] sm:max-h-[85vh] sm:flex-row"[31m
        [36m>[31m
          [36m<div[31m
            [33mclass[31m=[32m"px-2 md:px-4"[31m
          [36m>[31m
            [36m<div[31m
              [33mclass[31m=[32m"mb-8 flex flex-wrap items-center gap-4 sm:gap-5"[31m
              [33mdata-fade[31m=[32m"true"[31m
              [33mstyle[31m=[32m"--fade-delay: 80ms;"[31m
            [36m>[31m
              [36m<div[31m
                [33mclass[31m=[32m"flex h-12 w-12 items-center justify-center rounded-full bg-[color-mix(in_srgb,var(--glass-bg)_70%,var(--nav-link)_30%)] text-[var(--nav-link)] shadow-premium transition-transform duration-200 hover:scale-105 dark:bg-[color-mix(in_srgb,var(--glass-bg)_65%,var(--nav-link)_35%)] dark:shadow-premium backdrop-blur-sm [-webkit-backdrop-filter:blur(12px)]"[31m
              [36m>[31m
                [36m<svg[31m
                  [33maria-hidden[31m=[32m"true"[31m
                  [33mclass[31m=[32m"lucide lucide-settings h-6 w-6"[31m
                  [33mfill[31m=[32m"none"[31m
                  [33mheight[31m=[32m"24"[31m
                  [33mstroke[31m=[32m"currentColor"[31m
                  [33mstroke-linecap[31m=[32m"round"[31m
                  [33mstroke-linejoin[31m=[32m"round"[31m
                  [33mstroke-width[31m=[32m"2"[31m
                  [33mviewBox[31m=[32m"0 0 24 24"[31m
                  [33mwidth[31m=[32m"24"[31m
                  [33mxmlns[31m=[32m"http://www.w3.org/2000/svg"[31m
                [36m>[31m
                  [36m<path[31m
                    [33md[31m=[32m"M9.671 4.136a2.34 2.34 0 0 1 4.659 0 2.34 2.34 0 0 0 3.319 1.915 2.34 2.34 0 0 1 2.33 4.033 2.34 2.34 0 0 0 0 3.831 2.34 2.34 0 0 1-2.33 4.033 2.34 2.34 0 0 0-3.319 1.915 2.34 2.34 0 0 1-4.659 0 2.34 2.34 0 0 0-3.32-1.915 2.34 2.34 0 0 1-2.33-4.033 2.34 2.34 0 0 0 0-3.831A2.34 2.34 0 0 1 6.35 6.051a2.34 2.34 0 0 0 3.319-1.915"[31m
                  [36m/>[31m
                  [36m<circle[31m
                    [33mcx[31m=[32m"12"[31m
                    [33mcy[31m=[32m"12"[31m
                    [33mr[31m=[32m"3"[31m
                  [36m/>[31m
                [36m</svg>[31m
              [36m</div>[31m
              [36m<h1[31m
                [33mclass[31m=[32m"text-[clamp(1.6rem,5vw,2.75rem)] font-bold tracking-tight text-[var(--page-text)]"[31m
              [36m>[31m
                [0mSettings[0m
              [36m</h1>[31m
            [36m</div>[31m
            [36m<div[31m
              [33mclass[31m=[32m"mb-8"[31m
              [33mdata-fade[31m=[32m"true"[31m
              [33mstyle[31m=[32m"--fade-delay: 140ms;"[31m
            [36m>[31m
              [36m<div[31m
                [33mclass[31m=[32m"relative flex flex-wrap items-center gap-1.5 overflow-x-auto rounded-2xl px-1.5 py-1.5 border border-(--glass-border) bg-(--bg-surface)/30 backdrop-blur-md shadow-glass"[31m
                [33mrole[31m=[32m"tablist"[31m
              [36m>[31m
                [36m<button[31m
                  [33mclass[31m=[32m"relative flex h-10 items-center justify-center rounded-xl px-5 text-sm font-black transition-all duration-500 text-primary-text"[31m
                  [33mtype[31m=[32m"button"[31m
                [36m>[31m
                  [36m<div[31m
                    [33mclass[31m=[32m"absolute inset-0 z-0 rounded-xl bg-brand/10 ring-1 ring-brand/20"[31m
                    [33mstyle[31m=[32m"opacity: 1;"[31m
                  [36m/>[31m
                  [36m<span[31m
                    [33mclass[31m=[32m"relative z-1"[31m
                  [36m>[31m
                    [0mGeneral[0m
                  [36m</span>[31m
                [36m</button>[31m
                [36m<button[31m
                  [33mclass[31m=[32m"relative flex h-10 items-center justify-center rounded-xl px-5 text-sm font-black transition-all duration-500 text-secondary-text opacity-70 hover:opacity-100 hover:bg-surface-hover/20"[31m
                  [33mtype[31m=[32m"button"[31m
                [36m>[31m
                  [36m<span[31m
                    [33mclass[31m=[32m"relative z-1"[31m
                  [36m>[31m
                    [0mAccount[0m
                  [36m</span>[31m
                [36m</button>[31m
                [36m<button[31m
                  [33mclass[31m=[32m"relative flex h-10 items-center justify-center rounded-xl px-5 text-sm font-black transition-all duration-500 text-secondary-text opacity-70 hover:opacity-100 hover:bg-surface-hover/20"[31m
                  [33mtype[31m=[32m"button"[31m
                [36m>[31m
                  [36m<span[31m
                    [33mclass[31m=[32m"relative z-1"[31m
                  [36m>[31m
                    [0mIntegrations[0m
                  [36m</span>[31m
                [36m</button>[31m
              [36m</div>[31m
            [36m</div>[31m
            [36m<div[31m
              [33mdata-fade[31m=[32m"true"[31m
              [33mstyle[31m=[32m"--fade-delay: 200ms;"[31m
            [36m>[31m
              [36m<div[31m
                [33mclass[31m=[32m"flex w-full flex-col gap-8 sm:gap-10 xl:max-w-[min(100%,1100px)] 2xl:gap-12"[31m
              [36m>[31m
                [36m<div[31m
                  [33mclass[31m=[32m"flex flex-col gap-3"[31m
                [36m>[31m
                  [36m<h2[31m
                    [33mclass[31m=[32m"font-bold tracking-tight text-primary-text text-lg"[31m
                  [36m>[31m
                    [0mTheme[0m
                  [36m</h2>[31m
                  [36m<div[31m
                    [33mclass[31m=[32m"flex flex-row flex-wrap gap-4"[31m
                  [36m>[31m
                    [36m<label[31m
                      [33mclass[31m=[32m"group inline-flex items-center gap-3 rounded-xl px-2 py-1.5 cursor-pointer transition-all duration-300 hover:bg-brand/5 border border-transparent"[31m
      ...

Ignored nodes: comments, script, style
[36m<body[31m
  [33mclass[31m=[32m"light"[31m
  [33mdata-color-scheme[31m=[32m"light"[31m
  [33mdir[31m=[32m"ltr"[31m
[36m>[31m
  [36m<div>[31m
    [36m<main[31m
      [33mclass[31m=[32m"box-border min-h-screen w-full bg-[var(--page-bg)] text-[var(--page-foreground)]"[31m
      [33mid[31m=[32m"main"[31m
      [33mrole[31m=[32m"main"[31m
      [33mstyle[31m=[32m"opacity: 1;"[31m
      [33mtabindex[31m=[32m"-1"[31m
    [36m>[31m
      [36m<div[31m
        [33mclass[31m=[32m"page-fade relative min-h-full"[31m
        [33mdata-page-fade[31m=[32m"true"[31m
        [33mdata-ready[31m=[32m"true"[31m
        [33mstyle[31m=[32m"--page-fade-delay: 80ms;"[31m
      [36m>[31m
        [36m<div[31m
          [33mclass[31m=[32m"flex h-full w-full flex-col bg-(--page-bg) text-(--page-text) sm:h-[640px] sm:max-h-[85vh] sm:flex-row"[31m
        [36m>[31m
          [36m<div[31m
            [33mclass[31m=[32m"px-2 md:px-4"[31m
          [36m>[31m
            [36m<div[31m
              [33mclass[31m=[32m"mb-8 flex flex-wrap items-center gap-4 sm:gap-5"[31m
              [33mdata-fade[31m=[32m"true"[31m
              [33mstyle[31m=[32m"--fade-delay: 80ms;"[31m
            [36m>[31m
              [36m<div[31m
                [33mclass[31m=[32m"flex h-12 w-12 items-center justify-center rounded-full bg-[color-mix(in_srgb,var(--glass-bg)_70%,var(--nav-link)_30%)] text-[var(--nav-link)] shadow-premium transition-transform duration-200 hover:scale-105 dark:bg-[color-mix(in_srgb,var(--glass-bg)_65%,var(--nav-link)_35%)] dark:shadow-premium backdrop-blur-sm [-webkit-backdrop-filter:blur(12px)]"[31m
              [36m>[31m
                [36m<svg[31m
                  [33maria-hidden[31m=[32m"true"[31m
                  [33mclass[31m=[32m"lucide lucide-settings h-6 w-6"[31m
                  [33mfill[31m=[32m"none"[31m
                  [33mheight[31m=[32m"24"[31m
                  [33mstroke[31m=[32m"currentColor"[31m
                  [33mstroke-linecap[31m=[32m"round"[31m
                  [33mstroke-linejoin[31m=[32m"round"[31m
                  [33mstroke-width[31m=[32m"2"[31m
                  [33mviewBox[31m=[32m"0 0 24 24"[31m
                  [33mwidth[31m=[32m"24"[31m
                  [33mxmlns[31m=[32m"http://www.w3.org/2000/svg"[31m
                [36m>[31m
                  [36m<path[31m
                    [33md[31m=[32m"M9.671 4.136a2.34 2.34 0 0 1 4.659 0 2.34 2.34 0 0 0 3.319 1.915 2.34 2.34 0 0 1 2.33 4.033 2.34 2.34 0 0 0 0 3.831 2.34 2.34 0 0 1-2.33 4.033 2.34 2.34 0 0 0-3.319 1.915 2.34 2.34 0 0 1-4.659 0 2.34 2.34 0 0 0-3.32-1.915 2.34 2.34 0 0 1-2.33-4.033 2.34 2.34 0 0 0 0-3.831A2.34 2.34 0 0 1 6.35 6.051a2.34 2.34 0 0 0 3.319-1.915"[31m
                  [36m/>[31m
                  [36m<circle[31m
                    [33mcx[31m=[32m"12"[31m
                    [33mcy[31m=[32m"12"[31m
                    [33mr[31m=[32m"3"[31m
                  [36m/>[31m
                [36m</svg>[31m
              [36m</div>[31m
              [36m<h1[31m
                [33mclass[31m=[32m"text-[clamp(1.6rem,5vw,2.75rem)] font-bold tracking-tight text-[var(--page-text)]"[31m
              [36m>[31m
                [0mSettings[0m
              [36m</h1>[31m
            [36m</div>[31m
            [36m<div[31m
              [33mclass[31m=[32m"mb-8"[31m
              [33mdata-fade[31m=[32m"true"[31m
              [33mstyle[31m=[32m"--fade-delay: 140ms;"[31m
            [36m>[31m
              [36m<div[31m
                [33mclass[31m=[32m"relative flex flex-wrap items-center gap-1.5 overflow-x-auto rounded-2xl px-1.5 py-1.5 border border-(--glass-border) bg-(--bg-surface)/30 backdrop-blur-md shadow-glass"[31m
                [33mrole[31m=[32m"tablist"[31m
              [36m>[31m
                [36m<button[31m
                  [33mclass[31m=[32m"relative flex h-10 items-center justify-center rounded-xl px-5 text-sm font-black transition-all duration-500 text-primary-text"[31m
                  [33mtype[31m=[32m"button"[31m
                [36m>[31m
                  [36m<div[31m
                    [33mclass[31m=[32m"absolute inset-0 z-0 rounded-xl bg-brand/10 ring-1 ring-brand/20"[31m
                    [33mstyle[31m=[32m"opacity: 1;"[31m
                  [36m/>[31m
                  [36m<span[31m
                    [33mclass[31m=[32m"relative z-1"[31m
                  [36m>[31m
                    [0mGeneral[0m
                  [36m</span>[31m
                [36m</button>[31m
                [36m<button[31m
                  [33mclass[31m=[32m"relative flex h-10 items-center justify-center rounded-xl px-5 text-sm font-black transition-all duration-500 text-secondary-text opacity-70 hover:opacity-100 hover:bg-surface-hover/20"[31m
                  [33mtype[31m=[32m"button"[31m
                [36m>[31m
                  [36m<span[31m
                    [33mclass[31m=[32m"relative z-1"[31m
                  [36m>[31m
                    [0mAccount[0m
                  [36m</span>[31m
                [36m</button>[31m
                [36m<button[31m
                  [33mclass[31m=[32m"relative flex h-10 items-center justify-center rounded-xl px-5 text-sm font-black transition-all duration-500 text-secondary-text opacity-70 hover:opacity-100 hover:bg-surface-hover/20"[31m
                  [33mtype[31m=[32m"button"[31m
                [36m>[31m
                  [36m<span[31m
                    [33mclass[31m=[32m"relative z-1"[31m
                  [36m>[31m
                    [0mIntegrations[0m
                  [36m</span>[31m
                [36m</button>[31m
              [36m</div>[31m
            [36m</div>[31m
            [36m<div[31m
              [33mdata-fade[31m=[32m"true"[31m
              [33mstyle[31m=[32m"--fade-delay: 200ms;"[31m
            [36m>[31m
              [36m<div[31m
                [33mclass[31m=[32m"flex w-full flex-col gap-8 sm:gap-10 xl:max-w-[min(100%,1100px)] 2xl:gap-12"[31m
              [36m>[31m
                [36m<div[31m
                  [33mclass[31m=[32m"flex flex-col gap-3"[31m
                [36m>[31m
                  [36m<h2[31m
                    [33mclass[31m=[32m"font-bold tracking-tight text-primary-text text-lg"[31m
                  [36m>[31m
                    [0mTheme[0m
                  [36m</h2>[31m
                  [36m<div[31m
                    [33mclass[31m=[32m"flex flex-row flex-wrap gap-4"[31m
                  [36m>[31m
                    [36m<label[31m
                      [33mclass[31m=[32m"group inline-flex items-center gap-3 rounded-xl px-2 py-1.5 cursor-pointer transition-all duration-300 hover:bg-brand/5 border border-transparent"[31m
      ...[39m
[31m   [31m├Ч[31m Settings TOTP enrollment[2m > [22mshows an error if pending cancellation fails[39m[33m 1042[2mms[22m[39m
[31m     тЖТ Unable to find role="tab" and name `/Account|╨Р╨║╨║╨░╤Г╨╜╤В/i`

Ignored nodes: comments, script, style
[36m<body[31m
  [33mclass[31m=[32m"light"[31m
  [33mdata-color-scheme[31m=[32m"light"[31m
  [33mdir[31m=[32m"ltr"[31m
[36m>[31m
  [36m<div>[31m
    [36m<main[31m
      [33mclass[31m=[32m"box-border min-h-screen w-full bg-[var(--page-bg)] text-[var(--page-foreground)]"[31m
      [33mid[31m=[32m"main"[31m
      [33mrole[31m=[32m"main"[31m
      [33mstyle[31m=[32m"opacity: 1;"[31m
      [33mtabindex[31m=[32m"-1"[31m
    [36m>[31m
      [36m<div[31m
        [33mclass[31m=[32m"page-fade relative min-h-full"[31m
        [33mdata-page-fade[31m=[32m"true"[31m
        [33mdata-ready[31m=[32m"true"[31m
        [33mstyle[31m=[32m"--page-fade-delay: 80ms;"[31m
      [36m>[31m
        [36m<div[31m
          [33mclass[31m=[32m"flex h-full w-full flex-col bg-(--page-bg) text-(--page-text) sm:h-[640px] sm:max-h-[85vh] sm:flex-row"[31m
        [36m>[31m
          [36m<div[31m
            [33mclass[31m=[32m"px-2 md:px-4"[31m
          [36m>[31m
            [36m<div[31m
              [33mclass[31m=[32m"mb-8 flex flex-wrap items-center gap-4 sm:gap-5"[31m
              [33mdata-fade[31m=[32m"true"[31m
              [33mstyle[31m=[32m"--fade-delay: 80ms;"[31m
            [36m>[31m
              [36m<div[31m
                [33mclass[31m=[32m"flex h-12 w-12 items-center justify-center rounded-full bg-[color-mix(in_srgb,var(--glass-bg)_70%,var(--nav-link)_30%)] text-[var(--nav-link)] shadow-premium transition-transform duration-200 hover:scale-105 dark:bg-[color-mix(in_srgb,var(--glass-bg)_65%,var(--nav-link)_35%)] dark:shadow-premium backdrop-blur-sm [-webkit-backdrop-filter:blur(12px)]"[31m
              [36m>[31m
                [36m<svg[31m
                  [33maria-hidden[31m=[32m"true"[31m
                  [33mclass[31m=[32m"lucide lucide-settings h-6 w-6"[31m
                  [33mfill[31m=[32m"none"[31m
                  [33mheight[31m=[32m"24"[31m
                  [33mstroke[31m=[32m"currentColor"[31m
                  [33mstroke-linecap[31m=[32m"round"[31m
                  [33mstroke-linejoin[31m=[32m"round"[31m
                  [33mstroke-width[31m=[32m"2"[31m
                  [33mviewBox[31m=[32m"0 0 24 24"[31m
                  [33mwidth[31m=[32m"24"[31m
                  [33mxmlns[31m=[32m"http://www.w3.org/2000/svg"[31m
                [36m>[31m
                  [36m<path[31m
                    [33md[31m=[32m"M9.671 4.136a2.34 2.34 0 0 1 4.659 0 2.34 2.34 0 0 0 3.319 1.915 2.34 2.34 0 0 1 2.33 4.033 2.34 2.34 0 0 0 0 3.831 2.34 2.34 0 0 1-2.33 4.033 2.34 2.34 0 0 0-3.319 1.915 2.34 2.34 0 0 1-4.659 0 2.34 2.34 0 0 0-3.32-1.915 2.34 2.34 0 0 1-2.33-4.033 2.34 2.34 0 0 0 0-3.831A2.34 2.34 0 0 1 6.35 6.051a2.34 2.34 0 0 0 3.319-1.915"[31m
                  [36m/>[31m
                  [36m<circle[31m
                    [33mcx[31m=[32m"12"[31m
                    [33mcy[31m=[32m"12"[31m
                    [33mr[31m=[32m"3"[31m
                  [36m/>[31m
                [36m</svg>[31m
              [36m</div>[31m
              [36m<h1[31m
                [33mclass[31m=[32m"text-[clamp(1.6rem,5vw,2.75rem)] font-bold tracking-tight text-[var(--page-text)]"[31m
              [36m>[31m
                [0mSettings[0m
              [36m</h1>[31m
            [36m</div>[31m
            [36m<div[31m
              [33mclass[31m=[32m"mb-8"[31m
              [33mdata-fade[31m=[32m"true"[31m
              [33mstyle[31m=[32m"--fade-delay: 140ms;"[31m
            [36m>[31m
              [36m<div[31m
                [33mclass[31m=[32m"relative flex flex-wrap items-center gap-1.5 overflow-x-auto rounded-2xl px-1.5 py-1.5 border border-(--glass-border) bg-(--bg-surface)/30 backdrop-blur-md shadow-glass"[31m
                [33mrole[31m=[32m"tablist"[31m
              [36m>[31m
                [36m<button[31m
                  [33mclass[31m=[32m"relative flex h-10 items-center justify-center rounded-xl px-5 text-sm font-black transition-all duration-500 text-primary-text"[31m
                  [33mtype[31m=[32m"button"[31m
                [36m>[31m
                  [36m<div[31m
                    [33mclass[31m=[32m"absolute inset-0 z-0 rounded-xl bg-brand/10 ring-1 ring-brand/20"[31m
                    [33mstyle[31m=[32m"opacity: 1;"[31m
                  [36m/>[31m
                  [36m<span[31m
                    [33mclass[31m=[32m"relative z-1"[31m
                  [36m>[31m
                    [0mGeneral[0m
                  [36m</span>[31m
                [36m</button>[31m
                [36m<button[31m
                  [33mclass[31m=[32m"relative flex h-10 items-center justify-center rounded-xl px-5 text-sm font-black transition-all duration-500 text-secondary-text opacity-70 hover:opacity-100 hover:bg-surface-hover/20"[31m
                  [33mtype[31m=[32m"button"[31m
                [36m>[31m
                  [36m<span[31m
                    [33mclass[31m=[32m"relative z-1"[31m
                  [36m>[31m
                    [0mAccount[0m
                  [36m</span>[31m
                [36m</button>[31m
                [36m<button[31m
                  [33mclass[31m=[32m"relative flex h-10 items-center justify-center rounded-xl px-5 text-sm font-black transition-all duration-500 text-secondary-text opacity-70 hover:opacity-100 hover:bg-surface-hover/20"[31m
                  [33mtype[31m=[32m"button"[31m
                [36m>[31m
                  [36m<span[31m
                    [33mclass[31m=[32m"relative z-1"[31m
                  [36m>[31m
                    [0mIntegrations[0m
                  [36m</span>[31m
                [36m</button>[31m
              [36m</div>[31m
            [36m</div>[31m
            [36m<div[31m
              [33mdata-fade[31m=[32m"true"[31m
              [33mstyle[31m=[32m"--fade-delay: 200ms;"[31m
            [36m>[31m
              [36m<div[31m
                [33mclass[31m=[32m"flex w-full flex-col gap-8 sm:gap-10 xl:max-w-[min(100%,1100px)] 2xl:gap-12"[31m
              [36m>[31m
                [36m<div[31m
                  [33mclass[31m=[32m"flex flex-col gap-3"[31m
                [36m>[31m
                  [36m<h2[31m
                    [33mclass[31m=[32m"font-bold tracking-tight text-primary-text text-lg"[31m
                  [36m>[31m
                    [0mTheme[0m
                  [36m</h2>[31m
                  [36m<div[31m
                    [33mclass[31m=[32m"flex flex-row flex-wrap gap-4"[31m
                  [36m>[31m
                    [36m<label[31m
                      [33mclass[31m=[32m"group inline-flex items-center gap-3 rounded-xl px-2 py-1.5 cursor-pointer transition-all duration-300 hover:bg-brand/5 border border-transparent"[31m
      ...

Ignored nodes: comments, script, style
[36m<body[31m
  [33mclass[31m=[32m"light"[31m
  [33mdata-color-scheme[31m=[32m"light"[31m
  [33mdir[31m=[32m"ltr"[31m
[36m>[31m
  [36m<div>[31m
    [36m<main[31m
      [33mclass[31m=[32m"box-border min-h-screen w-full bg-[var(--page-bg)] text-[var(--page-foreground)]"[31m
      [33mid[31m=[32m"main"[31m
      [33mrole[31m=[32m"main"[31m
      [33mstyle[31m=[32m"opacity: 1;"[31m
      [33mtabindex[31m=[32m"-1"[31m
    [36m>[31m
      [36m<div[31m
        [33mclass[31m=[32m"page-fade relative min-h-full"[31m
        [33mdata-page-fade[31m=[32m"true"[31m
        [33mdata-ready[31m=[32m"true"[31m
        [33mstyle[31m=[32m"--page-fade-delay: 80ms;"[31m
      [36m>[31m
        [36m<div[31m
          [33mclass[31m=[32m"flex h-full w-full flex-col bg-(--page-bg) text-(--page-text) sm:h-[640px] sm:max-h-[85vh] sm:flex-row"[31m
        [36m>[31m
          [36m<div[31m
            [33mclass[31m=[32m"px-2 md:px-4"[31m
          [36m>[31m
            [36m<div[31m
              [33mclass[31m=[32m"mb-8 flex flex-wrap items-center gap-4 sm:gap-5"[31m
              [33mdata-fade[31m=[32m"true"[31m
              [33mstyle[31m=[32m"--fade-delay: 80ms;"[31m
            [36m>[31m
              [36m<div[31m
                [33mclass[31m=[32m"flex h-12 w-12 items-center justify-center rounded-full bg-[color-mix(in_srgb,var(--glass-bg)_70%,var(--nav-link)_30%)] text-[var(--nav-link)] shadow-premium transition-transform duration-200 hover:scale-105 dark:bg-[color-mix(in_srgb,var(--glass-bg)_65%,var(--nav-link)_35%)] dark:shadow-premium backdrop-blur-sm [-webkit-backdrop-filter:blur(12px)]"[31m
              [36m>[31m
                [36m<svg[31m
                  [33maria-hidden[31m=[32m"true"[31m
                  [33mclass[31m=[32m"lucide lucide-settings h-6 w-6"[31m
                  [33mfill[31m=[32m"none"[31m
                  [33mheight[31m=[32m"24"[31m
                  [33mstroke[31m=[32m"currentColor"[31m
                  [33mstroke-linecap[31m=[32m"round"[31m
                  [33mstroke-linejoin[31m=[32m"round"[31m
                  [33mstroke-width[31m=[32m"2"[31m
                  [33mviewBox[31m=[32m"0 0 24 24"[31m
                  [33mwidth[31m=[32m"24"[31m
                  [33mxmlns[31m=[32m"http://www.w3.org/2000/svg"[31m
                [36m>[31m
                  [36m<path[31m
                    [33md[31m=[32m"M9.671 4.136a2.34 2.34 0 0 1 4.659 0 2.34 2.34 0 0 0 3.319 1.915 2.34 2.34 0 0 1 2.33 4.033 2.34 2.34 0 0 0 0 3.831 2.34 2.34 0 0 1-2.33 4.033 2.34 2.34 0 0 0-3.319 1.915 2.34 2.34 0 0 1-4.659 0 2.34 2.34 0 0 0-3.32-1.915 2.34 2.34 0 0 1-2.33-4.033 2.34 2.34 0 0 0 0-3.831A2.34 2.34 0 0 1 6.35 6.051a2.34 2.34 0 0 0 3.319-1.915"[31m
                  [36m/>[31m
                  [36m<circle[31m
                    [33mcx[31m=[32m"12"[31m
                    [33mcy[31m=[32m"12"[31m
                    [33mr[31m=[32m"3"[31m
                  [36m/>[31m
                [36m</svg>[31m
              [36m</div>[31m
              [36m<h1[31m
                [33mclass[31m=[32m"text-[clamp(1.6rem,5vw,2.75rem)] font-bold tracking-tight text-[var(--page-text)]"[31m
              [36m>[31m
                [0mSettings[0m
              [36m</h1>[31m
            [36m</div>[31m
            [36m<div[31m
              [33mclass[31m=[32m"mb-8"[31m
              [33mdata-fade[31m=[32m"true"[31m
              [33mstyle[31m=[32m"--fade-delay: 140ms;"[31m
            [36m>[31m
              [36m<div[31m
                [33mclass[31m=[32m"relative flex flex-wrap items-center gap-1.5 overflow-x-auto rounded-2xl px-1.5 py-1.5 border border-(--glass-border) bg-(--bg-surface)/30 backdrop-blur-md shadow-glass"[31m
                [33mrole[31m=[32m"tablist"[31m
              [36m>[31m
                [36m<button[31m
                  [33mclass[31m=[32m"relative flex h-10 items-center justify-center rounded-xl px-5 text-sm font-black transition-all duration-500 text-primary-text"[31m
                  [33mtype[31m=[32m"button"[31m
                [36m>[31m
                  [36m<div[31m
                    [33mclass[31m=[32m"absolute inset-0 z-0 rounded-xl bg-brand/10 ring-1 ring-brand/20"[31m
                    [33mstyle[31m=[32m"opacity: 1;"[31m
                  [36m/>[31m
                  [36m<span[31m
                    [33mclass[31m=[32m"relative z-1"[31m
                  [36m>[31m
                    [0mGeneral[0m
                  [36m</span>[31m
                [36m</button>[31m
                [36m<button[31m
                  [33mclass[31m=[32m"relative flex h-10 items-center justify-center rounded-xl px-5 text-sm font-black transition-all duration-500 text-secondary-text opacity-70 hover:opacity-100 hover:bg-surface-hover/20"[31m
                  [33mtype[31m=[32m"button"[31m
                [36m>[31m
                  [36m<span[31m
                    [33mclass[31m=[32m"relative z-1"[31m
                  [36m>[31m
                    [0mAccount[0m
                  [36m</span>[31m
                [36m</button>[31m
                [36m<button[31m
                  [33mclass[31m=[32m"relative flex h-10 items-center justify-center rounded-xl px-5 text-sm font-black transition-all duration-500 text-secondary-text opacity-70 hover:opacity-100 hover:bg-surface-hover/20"[31m
                  [33mtype[31m=[32m"button"[31m
                [36m>[31m
                  [36m<span[31m
                    [33mclass[31m=[32m"relative z-1"[31m
                  [36m>[31m
                    [0mIntegrations[0m
                  [36m</span>[31m
                [36m</button>[31m
              [36m</div>[31m
            [36m</div>[31m
            [36m<div[31m
              [33mdata-fade[31m=[32m"true"[31m
              [33mstyle[31m=[32m"--fade-delay: 200ms;"[31m
            [36m>[31m
              [36m<div[31m
                [33mclass[31m=[32m"flex w-full flex-col gap-8 sm:gap-10 xl:max-w-[min(100%,1100px)] 2xl:gap-12"[31m
              [36m>[31m
                [36m<div[31m
                  [33mclass[31m=[32m"flex flex-col gap-3"[31m
                [36m>[31m
                  [36m<h2[31m
                    [33mclass[31m=[32m"font-bold tracking-tight text-primary-text text-lg"[31m
                  [36m>[31m
                    [0mTheme[0m
                  [36m</h2>[31m
                  [36m<div[31m
                    [33mclass[31m=[32m"flex flex-row flex-wrap gap-4"[31m
                  [36m>[31m
                    [36m<label[31m
                      [33mclass[31m=[32m"group inline-flex items-center gap-3 rounded-xl px-2 py-1.5 cursor-pointer transition-all duration-300 hover:bg-brand/5 border border-transparent"[31m
      ...[39m
[31m   [31m├Ч[31m Settings TOTP enrollment[2m > [22mshows pending enrollments only inside the QR panel[39m[33m 1030[2mms[22m[39m
[31m     тЖТ Unable to find role="tab" and name `/Account|╨Р╨║╨║╨░╤Г╨╜╤В/i`

Ignored nodes: comments, script, style
[36m<body[31m
  [33mclass[31m=[32m"light"[31m
  [33mdata-color-scheme[31m=[32m"light"[31m
  [33mdir[31m=[32m"ltr"[31m
[36m>[31m
  [36m<div>[31m
    [36m<main[31m
      [33mclass[31m=[32m"box-border min-h-screen w-full bg-[var(--page-bg)] text-[var(--page-foreground)]"[31m
      [33mid[31m=[32m"main"[31m
      [33mrole[31m=[32m"main"[31m
      [33mstyle[31m=[32m"opacity: 1;"[31m
      [33mtabindex[31m=[32m"-1"[31m
    [36m>[31m
      [36m<div[31m
        [33mclass[31m=[32m"page-fade relative min-h-full"[31m
        [33mdata-page-fade[31m=[32m"true"[31m
        [33mdata-ready[31m=[32m"true"[31m
        [33mstyle[31m=[32m"--page-fade-delay: 80ms;"[31m
      [36m>[31m
        [36m<div[31m
          [33mclass[31m=[32m"flex h-full w-full flex-col bg-(--page-bg) text-(--page-text) sm:h-[640px] sm:max-h-[85vh] sm:flex-row"[31m
        [36m>[31m
          [36m<div[31m
            [33mclass[31m=[32m"px-2 md:px-4"[31m
          [36m>[31m
            [36m<div[31m
              [33mclass[31m=[32m"mb-8 flex flex-wrap items-center gap-4 sm:gap-5"[31m
              [33mdata-fade[31m=[32m"true"[31m
              [33mstyle[31m=[32m"--fade-delay: 80ms;"[31m
            [36m>[31m
              [36m<div[31m
                [33mclass[31m=[32m"flex h-12 w-12 items-center justify-center rounded-full bg-[color-mix(in_srgb,var(--glass-bg)_70%,var(--nav-link)_30%)] text-[var(--nav-link)] shadow-premium transition-transform duration-200 hover:scale-105 dark:bg-[color-mix(in_srgb,var(--glass-bg)_65%,var(--nav-link)_35%)] dark:shadow-premium backdrop-blur-sm [-webkit-backdrop-filter:blur(12px)]"[31m
              [36m>[31m
                [36m<svg[31m
                  [33maria-hidden[31m=[32m"true"[31m
                  [33mclass[31m=[32m"lucide lucide-settings h-6 w-6"[31m
                  [33mfill[31m=[32m"none"[31m
                  [33mheight[31m=[32m"24"[31m
                  [33mstroke[31m=[32m"currentColor"[31m
                  [33mstroke-linecap[31m=[32m"round"[31m
                  [33mstroke-linejoin[31m=[32m"round"[31m
                  [33mstroke-width[31m=[32m"2"[31m
                  [33mviewBox[31m=[32m"0 0 24 24"[31m
                  [33mwidth[31m=[32m"24"[31m
                  [33mxmlns[31m=[32m"http://www.w3.org/2000/svg"[31m
                [36m>[31m
                  [36m<path[31m
                    [33md[31m=[32m"M9.671 4.136a2.34 2.34 0 0 1 4.659 0 2.34 2.34 0 0 0 3.319 1.915 2.34 2.34 0 0 1 2.33 4.033 2.34 2.34 0 0 0 0 3.831 2.34 2.34 0 0 1-2.33 4.033 2.34 2.34 0 0 0-3.319 1.915 2.34 2.34 0 0 1-4.659 0 2.34 2.34 0 0 0-3.32-1.915 2.34 2.34 0 0 1-2.33-4.033 2.34 2.34 0 0 0 0-3.831A2.34 2.34 0 0 1 6.35 6.051a2.34 2.34 0 0 0 3.319-1.915"[31m
                  [36m/>[31m
                  [36m<circle[31m
                    [33mcx[31m=[32m"12"[31m
                    [33mcy[31m=[32m"12"[31m
                    [33mr[31m=[32m"3"[31m
                  [36m/>[31m
                [36m</svg>[31m
              [36m</div>[31m
              [36m<h1[31m
                [33mclass[31m=[32m"text-[clamp(1.6rem,5vw,2.75rem)] font-bold tracking-tight text-[var(--page-text)]"[31m
              [36m>[31m
                [0mSettings[0m
              [36m</h1>[31m
            [36m</div>[31m
            [36m<div[31m
              [33mclass[31m=[32m"mb-8"[31m
              [33mdata-fade[31m=[32m"true"[31m
              [33mstyle[31m=[32m"--fade-delay: 140ms;"[31m
            [36m>[31m
              [36m<div[31m
                [33mclass[31m=[32m"relative flex flex-wrap items-center gap-1.5 overflow-x-auto rounded-2xl px-1.5 py-1.5 border border-(--glass-border) bg-(--bg-surface)/30 backdrop-blur-md shadow-glass"[31m
                [33mrole[31m=[32m"tablist"[31m
              [36m>[31m
                [36m<button[31m
                  [33mclass[31m=[32m"relative flex h-10 items-center justify-center rounded-xl px-5 text-sm font-black transition-all duration-500 text-primary-text"[31m
                  [33mtype[31m=[32m"button"[31m
                [36m>[31m
                  [36m<div[31m
                    [33mclass[31m=[32m"absolute inset-0 z-0 rounded-xl bg-brand/10 ring-1 ring-brand/20"[31m
                    [33mstyle[31m=[32m"opacity: 1;"[31m
                  [36m/>[31m
                  [36m<span[31m
                    [33mclass[31m=[32m"relative z-1"[31m
                  [36m>[31m
                    [0mGeneral[0m
                  [36m</span>[31m
                [36m</button>[31m
                [36m<button[31m
                  [33mclass[31m=[32m"relative flex h-10 items-center justify-center rounded-xl px-5 text-sm font-black transition-all duration-500 text-secondary-text opacity-70 hover:opacity-100 hover:bg-surface-hover/20"[31m
                  [33mtype[31m=[32m"button"[31m
                [36m>[31m
                  [36m<span[31m
                    [33mclass[31m=[32m"relative z-1"[31m
                  [36m>[31m
                    [0mAccount[0m
                  [36m</span>[31m
                [36m</button>[31m
                [36m<button[31m
                  [33mclass[31m=[32m"relative flex h-10 items-center justify-center rounded-xl px-5 text-sm font-black transition-all duration-500 text-secondary-text opacity-70 hover:opacity-100 hover:bg-surface-hover/20"[31m
                  [33mtype[31m=[32m"button"[31m
                [36m>[31m
                  [36m<span[31m
                    [33mclass[31m=[32m"relative z-1"[31m
                  [36m>[31m
                    [0mIntegrations[0m
                  [36m</span>[31m
                [36m</button>[31m
              [36m</div>[31m
            [36m</div>[31m
            [36m<div[31m
              [33mdata-fade[31m=[32m"true"[31m
              [33mstyle[31m=[32m"--fade-delay: 200ms;"[31m
            [36m>[31m
              [36m<div[31m
                [33mclass[31m=[32m"flex w-full flex-col gap-8 sm:gap-10 xl:max-w-[min(100%,1100px)] 2xl:gap-12"[31m
              [36m>[31m
                [36m<div[31m
                  [33mclass[31m=[32m"flex flex-col gap-3"[31m
                [36m>[31m
                  [36m<h2[31m
                    [33mclass[31m=[32m"font-bold tracking-tight text-primary-text text-lg"[31m
                  [36m>[31m
                    [0mTheme[0m
                  [36m</h2>[31m
                  [36m<div[31m
                    [33mclass[31m=[32m"flex flex-row flex-wrap gap-4"[31m
                  [36m>[31m
                    [36m<label[31m
                      [33mclass[31m=[32m"group inline-flex items-center gap-3 rounded-xl px-2 py-1.5 cursor-pointer transition-all duration-300 hover:bg-brand/5 border border-transparent"[31m
      ...

Ignored nodes: comments, script, style
[36m<body[31m
  [33mclass[31m=[32m"light"[31m
  [33mdata-color-scheme[31m=[32m"light"[31m
  [33mdir[31m=[32m"ltr"[31m
[36m>[31m
  [36m<div>[31m
    [36m<main[31m
      [33mclass[31m=[32m"box-border min-h-screen w-full bg-[var(--page-bg)] text-[var(--page-foreground)]"[31m
      [33mid[31m=[32m"main"[31m
      [33mrole[31m=[32m"main"[31m
      [33mstyle[31m=[32m"opacity: 1;"[31m
      [33mtabindex[31m=[32m"-1"[31m
    [36m>[31m
      [36m<div[31m
        [33mclass[31m=[32m"page-fade relative min-h-full"[31m
        [33mdata-page-fade[31m=[32m"true"[31m
        [33mdata-ready[31m=[32m"true"[31m
        [33mstyle[31m=[32m"--page-fade-delay: 80ms;"[31m
      [36m>[31m
        [36m<div[31m
          [33mclass[31m=[32m"flex h-full w-full flex-col bg-(--page-bg) text-(--page-text) sm:h-[640px] sm:max-h-[85vh] sm:flex-row"[31m
        [36m>[31m
          [36m<div[31m
            [33mclass[31m=[32m"px-2 md:px-4"[31m
          [36m>[31m
            [36m<div[31m
              [33mclass[31m=[32m"mb-8 flex flex-wrap items-center gap-4 sm:gap-5"[31m
              [33mdata-fade[31m=[32m"true"[31m
              [33mstyle[31m=[32m"--fade-delay: 80ms;"[31m
            [36m>[31m
              [36m<div[31m
                [33mclass[31m=[32m"flex h-12 w-12 items-center justify-center rounded-full bg-[color-mix(in_srgb,var(--glass-bg)_70%,var(--nav-link)_30%)] text-[var(--nav-link)] shadow-premium transition-transform duration-200 hover:scale-105 dark:bg-[color-mix(in_srgb,var(--glass-bg)_65%,var(--nav-link)_35%)] dark:shadow-premium backdrop-blur-sm [-webkit-backdrop-filter:blur(12px)]"[31m
              [36m>[31m
                [36m<svg[31m
                  [33maria-hidden[31m=[32m"true"[31m
                  [33mclass[31m=[32m"lucide lucide-settings h-6 w-6"[31m
                  [33mfill[31m=[32m"none"[31m
                  [33mheight[31m=[32m"24"[31m
                  [33mstroke[31m=[32m"currentColor"[31m
                  [33mstroke-linecap[31m=[32m"round"[31m
                  [33mstroke-linejoin[31m=[32m"round"[31m
                  [33mstroke-width[31m=[32m"2"[31m
                  [33mviewBox[31m=[32m"0 0 24 24"[31m
                  [33mwidth[31m=[32m"24"[31m
                  [33mxmlns[31m=[32m"http://www.w3.org/2000/svg"[31m
                [36m>[31m
                  [36m<path[31m
                    [33md[31m=[32m"M9.671 4.136a2.34 2.34 0 0 1 4.659 0 2.34 2.34 0 0 0 3.319 1.915 2.34 2.34 0 0 1 2.33 4.033 2.34 2.34 0 0 0 0 3.831 2.34 2.34 0 0 1-2.33 4.033 2.34 2.34 0 0 0-3.319 1.915 2.34 2.34 0 0 1-4.659 0 2.34 2.34 0 0 0-3.32-1.915 2.34 2.34 0 0 1-2.33-4.033 2.34 2.34 0 0 0 0-3.831A2.34 2.34 0 0 1 6.35 6.051a2.34 2.34 0 0 0 3.319-1.915"[31m
                  [36m/>[31m
                  [36m<circle[31m
                    [33mcx[31m=[32m"12"[31m
                    [33mcy[31m=[32m"12"[31m
                    [33mr[31m=[32m"3"[31m
                  [36m/>[31m
                [36m</svg>[31m
              [36m</div>[31m
              [36m<h1[31m
                [33mclass[31m=[32m"text-[clamp(1.6rem,5vw,2.75rem)] font-bold tracking-tight text-[var(--page-text)]"[31m
              [36m>[31m
                [0mSettings[0m
              [36m</h1>[31m
            [36m</div>[31m
            [36m<div[31m
              [33mclass[31m=[32m"mb-8"[31m
              [33mdata-fade[31m=[32m"true"[31m
              [33mstyle[31m=[32m"--fade-delay: 140ms;"[31m
            [36m>[31m
              [36m<div[31m
                [33mclass[31m=[32m"relative flex flex-wrap items-center gap-1.5 overflow-x-auto rounded-2xl px-1.5 py-1.5 border border-(--glass-border) bg-(--bg-surface)/30 backdrop-blur-md shadow-glass"[31m
                [33mrole[31m=[32m"tablist"[31m
              [36m>[31m
                [36m<button[31m
                  [33mclass[31m=[32m"relative flex h-10 items-center justify-center rounded-xl px-5 text-sm font-black transition-all duration-500 text-primary-text"[31m
                  [33mtype[31m=[32m"button"[31m
                [36m>[31m
                  [36m<div[31m
                    [33mclass[31m=[32m"absolute inset-0 z-0 rounded-xl bg-brand/10 ring-1 ring-brand/20"[31m
                    [33mstyle[31m=[32m"opacity: 1;"[31m
                  [36m/>[31m
                  [36m<span[31m
                    [33mclass[31m=[32m"relative z-1"[31m
                  [36m>[31m
                    [0mGeneral[0m
                  [36m</span>[31m
                [36m</button>[31m
                [36m<button[31m
                  [33mclass[31m=[32m"relative flex h-10 items-center justify-center rounded-xl px-5 text-sm font-black transition-all duration-500 text-secondary-text opacity-70 hover:opacity-100 hover:bg-surface-hover/20"[31m
                  [33mtype[31m=[32m"button"[31m
                [36m>[31m
                  [36m<span[31m
                    [33mclass[31m=[32m"relative z-1"[31m
                  [36m>[31m
                    [0mAccount[0m
                  [36m</span>[31m
                [36m</button>[31m
                [36m<button[31m
                  [33mclass[31m=[32m"relative flex h-10 items-center justify-center rounded-xl px-5 text-sm font-black transition-all duration-500 text-secondary-text opacity-70 hover:opacity-100 hover:bg-surface-hover/20"[31m
                  [33mtype[31m=[32m"button"[31m
                [36m>[31m
                  [36m<span[31m
                    [33mclass[31m=[32m"relative z-1"[31m
                  [36m>[31m
                    [0mIntegrations[0m
                  [36m</span>[31m
                [36m</button>[31m
              [36m</div>[31m
            [36m</div>[31m
            [36m<div[31m
              [33mdata-fade[31m=[32m"true"[31m
              [33mstyle[31m=[32m"--fade-delay: 200ms;"[31m
            [36m>[31m
              [36m<div[31m
                [33mclass[31m=[32m"flex w-full flex-col gap-8 sm:gap-10 xl:max-w-[min(100%,1100px)] 2xl:gap-12"[31m
              [36m>[31m
                [36m<div[31m
                  [33mclass[31m=[32m"flex flex-col gap-3"[31m
                [36m>[31m
                  [36m<h2[31m
                    [33mclass[31m=[32m"font-bold tracking-tight text-primary-text text-lg"[31m
                  [36m>[31m
                    [0mTheme[0m
                  [36m</h2>[31m
                  [36m<div[31m
                    [33mclass[31m=[32m"flex flex-row flex-wrap gap-4"[31m
                  [36m>[31m
                    [36m<label[31m
                      [33mclass[31m=[32m"group inline-flex items-center gap-3 rounded-xl px-2 py-1.5 cursor-pointer transition-all duration-300 hover:bg-brand/5 border border-transparent"[31m
      ...[39m
[31m   [31m├Ч[31m Settings TOTP enrollment[2m > [22mdisables additional authenticator enrollment when one is already confirmed[39m[33m 1048[2mms[22m[39m
[31m     тЖТ Unable to find role="tab" and name `/Account|╨Р╨║╨║╨░╤Г╨╜╤В/i`

Ignored nodes: comments, script, style
[36m<body[31m
  [33mclass[31m=[32m"light"[31m
  [33mdata-color-scheme[31m=[32m"light"[31m
  [33mdir[31m=[32m"ltr"[31m
[36m>[31m
  [36m<div>[31m
    [36m<main[31m
      [33mclass[31m=[32m"box-border min-h-screen w-full bg-[var(--page-bg)] text-[var(--page-foreground)]"[31m
      [33mid[31m=[32m"main"[31m
      [33mrole[31m=[32m"main"[31m
      [33mstyle[31m=[32m"opacity: 1;"[31m
      [33mtabindex[31m=[32m"-1"[31m
    [36m>[31m
      [36m<div[31m
        [33mclass[31m=[32m"page-fade relative min-h-full"[31m
        [33mdata-page-fade[31m=[32m"true"[31m
        [33mdata-ready[31m=[32m"true"[31m
        [33mstyle[31m=[32m"--page-fade-delay: 80ms;"[31m
      [36m>[31m
        [36m<div[31m
          [33mclass[31m=[32m"flex h-full w-full flex-col bg-(--page-bg) text-(--page-text) sm:h-[640px] sm:max-h-[85vh] sm:flex-row"[31m
        [36m>[31m
          [36m<div[31m
            [33mclass[31m=[32m"px-2 md:px-4"[31m
          [36m>[31m
            [36m<div[31m
              [33mclass[31m=[32m"mb-8 flex flex-wrap items-center gap-4 sm:gap-5"[31m
              [33mdata-fade[31m=[32m"true"[31m
              [33mstyle[31m=[32m"--fade-delay: 80ms;"[31m
            [36m>[31m
              [36m<div[31m
                [33mclass[31m=[32m"flex h-12 w-12 items-center justify-center rounded-full bg-[color-mix(in_srgb,var(--glass-bg)_70%,var(--nav-link)_30%)] text-[var(--nav-link)] shadow-premium transition-transform duration-200 hover:scale-105 dark:bg-[color-mix(in_srgb,var(--glass-bg)_65%,var(--nav-link)_35%)] dark:shadow-premium backdrop-blur-sm [-webkit-backdrop-filter:blur(12px)]"[31m
              [36m>[31m
                [36m<svg[31m
                  [33maria-hidden[31m=[32m"true"[31m
                  [33mclass[31m=[32m"lucide lucide-settings h-6 w-6"[31m
                  [33mfill[31m=[32m"none"[31m
                  [33mheight[31m=[32m"24"[31m
                  [33mstroke[31m=[32m"currentColor"[31m
                  [33mstroke-linecap[31m=[32m"round"[31m
                  [33mstroke-linejoin[31m=[32m"round"[31m
                  [33mstroke-width[31m=[32m"2"[31m
                  [33mviewBox[31m=[32m"0 0 24 24"[31m
                  [33mwidth[31m=[32m"24"[31m
                  [33mxmlns[31m=[32m"http://www.w3.org/2000/svg"[31m
                [36m>[31m
                  [36m<path[31m
                    [33md[31m=[32m"M9.671 4.136a2.34 2.34 0 0 1 4.659 0 2.34 2.34 0 0 0 3.319 1.915 2.34 2.34 0 0 1 2.33 4.033 2.34 2.34 0 0 0 0 3.831 2.34 2.34 0 0 1-2.33 4.033 2.34 2.34 0 0 0-3.319 1.915 2.34 2.34 0 0 1-4.659 0 2.34 2.34 0 0 0-3.32-1.915 2.34 2.34 0 0 1-2.33-4.033 2.34 2.34 0 0 0 0-3.831A2.34 2.34 0 0 1 6.35 6.051a2.34 2.34 0 0 0 3.319-1.915"[31m
                  [36m/>[31m
                  [36m<circle[31m
                    [33mcx[31m=[32m"12"[31m
                    [33mcy[31m=[32m"12"[31m
                    [33mr[31m=[32m"3"[31m
                  [36m/>[31m
                [36m</svg>[31m
              [36m</div>[31m
              [36m<h1[31m
                [33mclass[31m=[32m"text-[clamp(1.6rem,5vw,2.75rem)] font-bold tracking-tight text-[var(--page-text)]"[31m
              [36m>[31m
                [0mSettings[0m
              [36m</h1>[31m
            [36m</div>[31m
            [36m<div[31m
              [33mclass[31m=[32m"mb-8"[31m
              [33mdata-fade[31m=[32m"true"[31m
              [33mstyle[31m=[32m"--fade-delay: 140ms;"[31m
            [36m>[31m
              [36m<div[31m
                [33mclass[31m=[32m"relative flex flex-wrap items-center gap-1.5 overflow-x-auto rounded-2xl px-1.5 py-1.5 border border-(--glass-border) bg-(--bg-surface)/30 backdrop-blur-md shadow-glass"[31m
                [33mrole[31m=[32m"tablist"[31m
              [36m>[31m
                [36m<button[31m
                  [33mclass[31m=[32m"relative flex h-10 items-center justify-center rounded-xl px-5 text-sm font-black transition-all duration-500 text-primary-text"[31m
                  [33mtype[31m=[32m"button"[31m
                [36m>[31m
                  [36m<div[31m
                    [33mclass[31m=[32m"absolute inset-0 z-0 rounded-xl bg-brand/10 ring-1 ring-brand/20"[31m
                    [33mstyle[31m=[32m"opacity: 1;"[31m
                  [36m/>[31m
                  [36m<span[31m
                    [33mclass[31m=[32m"relative z-1"[31m
                  [36m>[31m
                    [0mGeneral[0m
                  [36m</span>[31m
                [36m</button>[31m
                [36m<button[31m
                  [33mclass[31m=[32m"relative flex h-10 items-center justify-center rounded-xl px-5 text-sm font-black transition-all duration-500 text-secondary-text opacity-70 hover:opacity-100 hover:bg-surface-hover/20"[31m
                  [33mtype[31m=[32m"button"[31m
                [36m>[31m
                  [36m<span[31m
                    [33mclass[31m=[32m"relative z-1"[31m
                  [36m>[31m
                    [0mAccount[0m
                  [36m</span>[31m
                [36m</button>[31m
                [36m<button[31m
                  [33mclass[31m=[32m"relative flex h-10 items-center justify-center rounded-xl px-5 text-sm font-black transition-all duration-500 text-secondary-text opacity-70 hover:opacity-100 hover:bg-surface-hover/20"[31m
                  [33mtype[31m=[32m"button"[31m
                [36m>[31m
                  [36m<span[31m
                    [33mclass[31m=[32m"relative z-1"[31m
                  [36m>[31m
                    [0mIntegrations[0m
                  [36m</span>[31m
                [36m</button>[31m
              [36m</div>[31m
            [36m</div>[31m
            [36m<div[31m
              [33mdata-fade[31m=[32m"true"[31m
              [33mstyle[31m=[32m"--fade-delay: 200ms;"[31m
            [36m>[31m
              [36m<div[31m
                [33mclass[31m=[32m"flex w-full flex-col gap-8 sm:gap-10 xl:max-w-[min(100%,1100px)] 2xl:gap-12"[31m
              [36m>[31m
                [36m<div[31m
                  [33mclass[31m=[32m"flex flex-col gap-3"[31m
                [36m>[31m
                  [36m<h2[31m
                    [33mclass[31m=[32m"font-bold tracking-tight text-primary-text text-lg"[31m
                  [36m>[31m
                    [0mTheme[0m
                  [36m</h2>[31m
                  [36m<div[31m
                    [33mclass[31m=[32m"flex flex-row flex-wrap gap-4"[31m
                  [36m>[31m
                    [36m<label[31m
                      [33mclass[31m=[32m"group inline-flex items-center gap-3 rounded-xl px-2 py-1.5 cursor-pointer transition-all duration-300 hover:bg-brand/5 border border-transparent"[31m
      ...

Ignored nodes: comments, script, style
[36m<body[31m
  [33mclass[31m=[32m"light"[31m
  [33mdata-color-scheme[31m=[32m"light"[31m
  [33mdir[31m=[32m"ltr"[31m
[36m>[31m
  [36m<div>[31m
    [36m<main[31m
      [33mclass[31m=[32m"box-border min-h-screen w-full bg-[var(--page-bg)] text-[var(--page-foreground)]"[31m
      [33mid[31m=[32m"main"[31m
      [33mrole[31m=[32m"main"[31m
      [33mstyle[31m=[32m"opacity: 1;"[31m
      [33mtabindex[31m=[32m"-1"[31m
    [36m>[31m
      [36m<div[31m
        [33mclass[31m=[32m"page-fade relative min-h-full"[31m
        [33mdata-page-fade[31m=[32m"true"[31m
        [33mdata-ready[31m=[32m"true"[31m
        [33mstyle[31m=[32m"--page-fade-delay: 80ms;"[31m
      [36m>[31m
        [36m<div[31m
          [33mclass[31m=[32m"flex h-full w-full flex-col bg-(--page-bg) text-(--page-text) sm:h-[640px] sm:max-h-[85vh] sm:flex-row"[31m
        [36m>[31m
          [36m<div[31m
            [33mclass[31m=[32m"px-2 md:px-4"[31m
          [36m>[31m
            [36m<div[31m
              [33mclass[31m=[32m"mb-8 flex flex-wrap items-center gap-4 sm:gap-5"[31m
              [33mdata-fade[31m=[32m"true"[31m
              [33mstyle[31m=[32m"--fade-delay: 80ms;"[31m
            [36m>[31m
              [36m<div[31m
                [33mclass[31m=[32m"flex h-12 w-12 items-center justify-center rounded-full bg-[color-mix(in_srgb,var(--glass-bg)_70%,var(--nav-link)_30%)] text-[var(--nav-link)] shadow-premium transition-transform duration-200 hover:scale-105 dark:bg-[color-mix(in_srgb,var(--glass-bg)_65%,var(--nav-link)_35%)] dark:shadow-premium backdrop-blur-sm [-webkit-backdrop-filter:blur(12px)]"[31m
              [36m>[31m
                [36m<svg[31m
                  [33maria-hidden[31m=[32m"true"[31m
                  [33mclass[31m=[32m"lucide lucide-settings h-6 w-6"[31m
                  [33mfill[31m=[32m"none"[31m
                  [33mheight[31m=[32m"24"[31m
                  [33mstroke[31m=[32m"currentColor"[31m
                  [33mstroke-linecap[31m=[32m"round"[31m
                  [33mstroke-linejoin[31m=[32m"round"[31m
                  [33mstroke-width[31m=[32m"2"[31m
                  [33mviewBox[31m=[32m"0 0 24 24"[31m
                  [33mwidth[31m=[32m"24"[31m
                  [33mxmlns[31m=[32m"http://www.w3.org/2000/svg"[31m
                [36m>[31m
                  [36m<path[31m
                    [33md[31m=[32m"M9.671 4.136a2.34 2.34 0 0 1 4.659 0 2.34 2.34 0 0 0 3.319 1.915 2.34 2.34 0 0 1 2.33 4.033 2.34 2.34 0 0 0 0 3.831 2.34 2.34 0 0 1-2.33 4.033 2.34 2.34 0 0 0-3.319 1.915 2.34 2.34 0 0 1-4.659 0 2.34 2.34 0 0 0-3.32-1.915 2.34 2.34 0 0 1-2.33-4.033 2.34 2.34 0 0 0 0-3.831A2.34 2.34 0 0 1 6.35 6.051a2.34 2.34 0 0 0 3.319-1.915"[31m
                  [36m/>[31m
                  [36m<circle[31m
                    [33mcx[31m=[32m"12"[31m
                    [33mcy[31m=[32m"12"[31m
                    [33mr[31m=[32m"3"[31m
                  [36m/>[31m
                [36m</svg>[31m
              [36m</div>[31m
              [36m<h1[31m
                [33mclass[31m=[32m"text-[clamp(1.6rem,5vw,2.75rem)] font-bold tracking-tight text-[var(--page-text)]"[31m
              [36m>[31m
                [0mSettings[0m
              [36m</h1>[31m
            [36m</div>[31m
            [36m<div[31m
              [33mclass[31m=[32m"mb-8"[31m
              [33mdata-fade[31m=[32m"true"[31m
              [33mstyle[31m=[32m"--fade-delay: 140ms;"[31m
            [36m>[31m
              [36m<div[31m
                [33mclass[31m=[32m"relative flex flex-wrap items-center gap-1.5 overflow-x-auto rounded-2xl px-1.5 py-1.5 border border-(--glass-border) bg-(--bg-surface)/30 backdrop-blur-md shadow-glass"[31m
                [33mrole[31m=[32m"tablist"[31m
              [36m>[31m
                [36m<button[31m
                  [33mclass[31m=[32m"relative flex h-10 items-center justify-center rounded-xl px-5 text-sm font-black transition-all duration-500 text-primary-text"[31m
                  [33mtype[31m=[32m"button"[31m
                [36m>[31m
                  [36m<div[31m
                    [33mclass[31m=[32m"absolute inset-0 z-0 rounded-xl bg-brand/10 ring-1 ring-brand/20"[31m
                    [33mstyle[31m=[32m"opacity: 1;"[31m
                  [36m/>[31m
                  [36m<span[31m
                    [33mclass[31m=[32m"relative z-1"[31m
                  [36m>[31m
                    [0mGeneral[0m
                  [36m</span>[31m
                [36m</button>[31m
                [36m<button[31m
                  [33mclass[31m=[32m"relative flex h-10 items-center justify-center rounded-xl px-5 text-sm font-black transition-all duration-500 text-secondary-text opacity-70 hover:opacity-100 hover:bg-surface-hover/20"[31m
                  [33mtype[31m=[32m"button"[31m
                [36m>[31m
                  [36m<span[31m
                    [33mclass[31m=[32m"relative z-1"[31m
                  [36m>[31m
                    [0mAccount[0m
                  [36m</span>[31m
                [36m</button>[31m
                [36m<button[31m
                  [33mclass[31m=[32m"relative flex h-10 items-center justify-center rounded-xl px-5 text-sm font-black transition-all duration-500 text-secondary-text opacity-70 hover:opacity-100 hover:bg-surface-hover/20"[31m
                  [33mtype[31m=[32m"button"[31m
                [36m>[31m
                  [36m<span[31m
                    [33mclass[31m=[32m"relative z-1"[31m
                  [36m>[31m
                    [0mIntegrations[0m
                  [36m</span>[31m
                [36m</button>[31m
              [36m</div>[31m
            [36m</div>[31m
            [36m<div[31m
              [33mdata-fade[31m=[32m"true"[31m
              [33mstyle[31m=[32m"--fade-delay: 200ms;"[31m
            [36m>[31m
              [36m<div[31m
                [33mclass[31m=[32m"flex w-full flex-col gap-8 sm:gap-10 xl:max-w-[min(100%,1100px)] 2xl:gap-12"[31m
              [36m>[31m
                [36m<div[31m
                  [33mclass[31m=[32m"flex flex-col gap-3"[31m
                [36m>[31m
                  [36m<h2[31m
                    [33mclass[31m=[32m"font-bold tracking-tight text-primary-text text-lg"[31m
                  [36m>[31m
                    [0mTheme[0m
                  [36m</h2>[31m
                  [36m<div[31m
                    [33mclass[31m=[32m"flex flex-row flex-wrap gap-4"[31m
                  [36m>[31m
                    [36m<label[31m
                      [33mclass[31m=[32m"group inline-flex items-center gap-3 rounded-xl px-2 py-1.5 cursor-pointer transition-all duration-300 hover:bg-brand/5 border border-transparent"[31m
      ...[39m
 [32mтЬУ[39m src/hooks/__tests__/useFocusTrap.test.tsx [2m([22m[2m2 tests[22m[2m)[22m[33m 374[2mms[22m[39m
   [33m[2mтЬУ[22m[39m useFocusTrap[2m > [22mfocuses the initial element and restores focus on close [33m 327[2mms[22m[39m
 [32mтЬУ[39m src/contexts/__tests__/AuthContext.requests.test.tsx [2m([22m[2m4 tests[22m[2m)[22m[33m 346[2mms[22m[39m
   [33m[2mтЬУ[22m[39m ensureSessionSigningKey request configuration[2m > [22mpasses skipRateLimitQueue when requesting the session signing key [33m 338[2mms[22m[39m
 [32mтЬУ[39m src/tests/i18n.test.tsx [2m([22m[2m1 test[22m[2m)[22m[32m 252[2mms[22m[39m
 [32mтЬУ[39m src/components/mfa/__tests__/OtpEntry.test.tsx [2m([22m[2m3 tests[22m[2m)[22m[33m 331[2mms[22m[39m
 [32mтЬУ[39m src/tests/authTranslations.test.tsx [2m([22m[2m1 test[22m[2m)[22m[33m 353[2mms[22m[39m
   [33m[2mтЬУ[22m[39m auth page translations[2m > [22mrenders login content for Russian and English locales [33m 350[2mms[22m[39m
 [32mтЬУ[39m src/tests/components/StepUpDialog.test.tsx [2m([22m[2m1 test[22m[2m)[22m[33m 331[2mms[22m[39m
   [33m[2mтЬУ[22m[39m StepUpDialog[2m > [22mrefreshes challenges when a locked error is refreshable [33m 329[2mms[22m[39m
 [32mтЬУ[39m src/tests/pages/EventsPagination.test.tsx [2m([22m[2m1 test[22m[2m)[22m[33m 386[2mms[22m[39m
   [33m[2mтЬУ[22m[39m Events pagination UI[2m > [22mloads additional pages when clicking load more [33m 384[2mms[22m[39m
 [32mтЬУ[39m src/app/ErrorBoundary.test.tsx [2m([22m[2m2 tests[22m[2m)[22m[32m 255[2mms[22m[39m
 [32mтЬУ[39m src/tests/components/RouteGuards.test.tsx [2m([22m[2m6 tests[22m[2m)[22m[32m 212[2mms[22m[39m
 [32mтЬУ[39m src/pages/__tests__/Schedule.translations.test.tsx [2m([22m[2m1 test[22m[2m)[22m[32m 221[2mms[22m[39m
 [32mтЬУ[39m src/hooks/__tests__/useDashboardEvents.etag.test.tsx [2m([22m[2m1 test[22m[2m)[22m[32m 169[2mms[22m[39m
 [32mтЬУ[39m src/hooks/__tests__/useNowPlaying.test.tsx [2m([22m[2m5 tests[22m[2m)[22m[32m 235[2mms[22m[39m
[90mstdout[2m | src/tests/sw.test.ts[2m > [22m[2mqueue helper module exports[2m > [22m[2msanitizes report payloads deeply
[22m[39m[SW] Processing offline queues...

[90mstdout[2m | src/tests/sw.test.ts[2m > [22m[2mqueue helper module exports[2m > [22m[2mreport queue waits for connectivity before flushing
[22m[39m[SW] Bootstrap complete

[90mstdout[2m | src/tests/sw.test.ts[2m > [22m[2mqueue helper module exports[2m > [22m[2mreport queue waits for connectivity before flushing
[22m[39m[SW] Processing offline queues...

[90mstdout[2m | src/tests/sw.test.ts[2m > [22m[2mqueue helper module exports[2m > [22m[2mreport queue waits for connectivity before flushing
[22m[39m[SW] Bootstrap complete

 [32mтЬУ[39m src/tests/sw.test.ts [2m([22m[2m13 tests[22m[2m | [22m[33m11 skipped[39m[2m)[22m[32m 107[2mms[22m[39m
 [32mтЬУ[39m src/api/hooks/__tests__/events.etag.test.tsx [2m([22m[2m1 test[22m[2m)[22m[32m 175[2mms[22m[39m
 [32mтЬУ[39m src/pages/__tests__/Profile.nowPlaying.test.tsx [2m([22m[2m3 tests[22m[2m)[22m[32m 179[2mms[22m[39m
 [32mтЬУ[39m src/components/__tests__/LoadingState.test.tsx [2m([22m[2m1 test[22m[2m)[22m[32m 163[2mms[22m[39m
 [32mтЬУ[39m src/components/error/__tests__/errorBoundaries.test.tsx [2m([22m[2m10 tests[22m[2m)[22m[32m 156[2mms[22m[39m
 [32mтЬУ[39m src/tests/components/MessengerVisuals.test.tsx [2m([22m[2m3 tests[22m[2m)[22m[32m 137[2mms[22m[39m
 [32mтЬУ[39m src/pages/__tests__/News.performance.test.tsx [2m([22m[2m2 tests[22m[2m)[22m[32m 146[2mms[22m[39m
 [32mтЬУ[39m src/pages/__tests__/Login.test.tsx [2m([22m[2m7 tests[22m[2m)[22m[33m 6878[2mms[22m[39m
   [33m[2mтЬУ[22m[39m Login page[2m > [22mblocks submission for invalid email [33m 767[2mms[22m[39m
   [33m[2mтЬУ[22m[39m Login page[2m > [22msubmits credentials and redirects on success [33m 1126[2mms[22m[39m
   [33m[2mтЬУ[22m[39m Login page[2m > [22mreturns server errors to the user [33m 847[2mms[22m[39m
   [33m[2mтЬУ[22m[39m Login page[2m > [22mshows lockout messaging with retry information [33m 813[2mms[22m[39m
   [33m[2mтЬУ[22m[39m Login page[2m > [22mtransitions to MFA verification when additional challenges are required [33m 1292[2mms[22m[39m
   [33m[2mтЬУ[22m[39m Login page[2m > [22mdisplays errors for invalid OTP attempts and allows retry [33m 1501[2mms[22m[39m
   [33m[2mтЬУ[22m[39m Login page[2m > [22mmeets basic accessibility requirements [33m 527[2mms[22m[39m
 [32mтЬУ[39m src/tests/components/ui/tooltip.test.tsx [2m([22m[2m2 tests[22m[2m)[22m[32m 149[2mms[22m[39m
 [32mтЬУ[39m src/hooks/__tests__/useScrollRestoration.test.tsx [2m([22m[2m1 test[22m[2m)[22m[32m 184[2mms[22m[39m
 [32mтЬУ[39m src/components/__tests__/MobileBottomNav.test.tsx [2m([22m[2m2 tests[22m[2m)[22m[32m 156[2mms[22m[39m
 [32mтЬУ[39m src/tests/components/ui/progress-bar.test.tsx [2m([22m[2m2 tests[22m[2m)[22m[32m 141[2mms[22m[39m
 [32mтЬУ[39m src/api/__tests__/client.language.test.ts [2m([22m[2m3 tests[22m[2m)[22m[32m 58[2mms[22m[39m
 [32mтЬУ[39m src/components/__tests__/LivePushToasts.test.tsx [2m([22m[2m2 tests[22m[2m)[22m[32m 82[2mms[22m[39m
 [32mтЬУ[39m src/tests/staticShellI18n.test.ts [2m([22m[2m3 tests[22m[2m)[22m[32m 49[2mms[22m[39m
 [32mтЬУ[39m src/api/__tests__/client.etag.test.ts [2m([22m[2m1 test[22m[2m)[22m[32m 45[2mms[22m[39m
 [32mтЬУ[39m src/stores/__tests__/stores.test.ts [2m([22m[2m15 tests[22m[2m)[22m[32m 55[2mms[22m[39m
[90mstdout[2m | src/tests/hooks/useChatWebSocket.test.tsx[2m > [22m[2museChatWebSocket[2m > [22m[2memits presence updates with last seen information
[22m[39m[WebSocket] Connected

 [32mтЬУ[39m src/tests/hooks/useChatWebSocket.test.tsx [2m([22m[2m1 test[22m[2m)[22m[32m 23[2mms[22m[39m
 [32mтЬУ[39m src/components/__tests__/WeatherWidget.test.tsx [2m([22m[2m3 tests[22m[2m)[22m[32m 51[2mms[22m[39m
 [32mтЬУ[39m src/app/__tests__/globalErrorHandlers.test.ts [2m([22m[2m3 tests[22m[2m)[22m[32m 15[2mms[22m[39m
 [32mтЬУ[39m src/tests/translationParity.test.ts [2m([22m[2m17 tests[22m[2m)[22m[32m 16[2mms[22m[39m
 [32mтЬУ[39m src/api/__tests__/client.rateLimit.test.ts [2m([22m[2m1 test[22m[2m)[22m[32m 14[2mms[22m[39m
 [32mтЬУ[39m src/hooks/__tests__/useMediaQuery.test.tsx [2m([22m[2m2 tests[22m[2m)[22m[32m 22[2mms[22m[39m
 [32mтЬУ[39m src/utils/__tests__/media.test.ts [2m([22m[2m11 tests[22m[2m)[22m[32m 16[2mms[22m[39m
 [32mтЬУ[39m src/app/__tests__/logger.test.ts [2m([22m[2m3 tests[22m[2m)[22m[32m 11[2mms[22m[39m
 [32mтЬУ[39m src/push/__tests__/unsubscribePush.test.ts [2m([22m[2m2 tests[22m[2m)[22m[32m 12[2mms[22m[39m
 [32mтЬУ[39m src/api/__tests__/chat.test.ts [2m([22m[2m7 tests[22m[2m)[22m[32m 7[2mms[22m[39m
 [32mтЬУ[39m src/tests/components/EventDetail.helpers.test.ts [2m([22m[2m3 tests[22m[2m)[22m[32m 6[2mms[22m[39m
 [32mтЬУ[39m src/push/__tests__/topicsPersistence.test.ts [2m([22m[2m8 tests[22m[2m)[22m[32m 7[2mms[22m[39m
 [32mтЬУ[39m src/utils/__tests__/cn.test.ts [2m([22m[2m4 tests[22m[2m)[22m[32m 12[2mms[22m[39m
 [32mтЬУ[39m src/push/__tests__/notification-helpers.test.ts [2m([22m[2m6 tests[22m[2m)[22m[32m 4[2mms[22m[39m
 [32mтЬУ[39m src/utils/__tests__/avatar.test.ts [2m([22m[2m3 tests[22m[2m)[22m[32m 4[2mms[22m[39m
[90mstdout[2m | src/tests/observability.test.ts[2m > [22m[2minitObservability[2m > [22m[2mskips initialization in development
[22m[39mSentry disabled in development mode; skipping initialization

 [32mтЬУ[39m src/tests/observability.test.ts [2m([22m[2m4 tests[22m[2m)[22m[32m 10[2mms[22m[39m
 [32mтЬУ[39m src/tests/data/campusPoints.test.ts [2m([22m[2m4 tests[22m[2m)[22m[32m 4[2mms[22m[39m
 [32mтЬУ[39m src/api/__tests__/client.types.test.ts [2m([22m[2m6 tests[22m[2m)[22m[32m 3[2mms[22m[39m
 [32mтЬУ[39m src/tests/webVitals.test.ts [2m([22m[2m4 tests[22m[2m)[22m[32m 4[2mms[22m[39m
 [2m[90mтЖУ[39m[22m src/tests/pages/News/NewsFeed.test.tsx [2m([22m[2m1 test[22m[2m | [22m[33m1 skipped[39m[2m)[22m

[2m Test Files [22m [1m[31m16 failed[39m[22m[2m | [22m[1m[32m60 passed[39m[22m[2m | [22m[33m1 skipped[39m[90m (77)[39m
[2m      Tests [22m [1m[31m44 failed[39m[22m[2m | [22m[1m[32m248 passed[39m[22m[2m | [22m[33m12 skipped[39m[90m (304)[39m
[2m     Errors [22m [1m[31m1 error[39m[22m
[2m   Start at [22m 04:08:22
[2m   Duration [22m 15.21s[2m (transform 3.03s, setup 45.55s, collect 26.09s, tests 48.86s, environment 52.03s, prepare 6.10s)[22m

